PASS cxl-vmem-identity (vmem0 software + Montage mem0/region0)
vmem info: mode=3 flags=0x2 bar=0x0/0 logical=1954743148544 ram=34359738368 ssd=1920383410176 stripe=2097152 cache_limit=4294967296
loaded header n=200000 dim=1024 base=0x4000000
# loading GT brute top-10 for 16 queries...
# MOT-EF efSearch sweep | hops=efSearch nq=16 (CXL-SSD /dev/vmem0)
efSearch,qps,hit_pct,recall@10,unique_ids,fetches,hops_done,ssd_reads,faults,fetches_per_q,unique_per_q,wall_s
  thrash progress 512 MB
  thrash progress 1024 MB
  thrash progress 1536 MB
  thrash progress 2048 MB
  thrash progress 2560 MB
  thrash progress 3072 MB
  thrash progress 3584 MB
  thrash progress 4096 MB
  thrash progress 4608 MB
  thrash progress 5120 MB
thrashed soft-cache touch≈5120 MB
100,7.82,56.80,0.6625,22125,51216,1600,21723,22125,3201.0,1382.8,2.046
  thrash progress 512 MB
  thrash progress 1024 MB
  thrash progress 1536 MB
  thrash progress 2048 MB
  thrash progress 2560 MB
  thrash progress 3072 MB
  thrash progress 3584 MB
  thrash progress 4096 MB
  thrash progress 4608 MB
  thrash progress 5120 MB
thrashed soft-cache touch≈5120 MB
200,4.59,62.10,0.8000,38816,102416,3200,38118,38816,6401.0,2426.0,3.487
  thrash progress 512 MB
  thrash progress 1024 MB
  thrash progress 1536 MB
  thrash progress 2048 MB
  thrash progress 2560 MB
  thrash progress 3072 MB
  thrash progress 3584 MB
  thrash progress 4096 MB
  thrash progress 4608 MB
  thrash progress 5120 MB
thrashed soft-cache touch≈5120 MB
400,2.67,68.60,0.8688,64315,204816,6400,63196,64315,12801.0,4019.7,5.982
  thrash progress 512 MB
  thrash progress 1024 MB
  thrash progress 1536 MB
  thrash progress 2048 MB
  thrash progress 2560 MB
  thrash progress 3072 MB
  thrash progress 3584 MB
  thrash progress 4096 MB
  thrash progress 4608 MB
  thrash progress 5120 MB
thrashed soft-cache touch≈5120 MB
800,1.65,75.56,0.9000,100113,409616,12800,98359,100113,25601.0,6257.1,9.700
  thrash progress 512 MB
  thrash progress 1024 MB
  thrash progress 1536 MB
  thrash progress 2048 MB
  thrash progress 2560 MB
  thrash progress 3072 MB
  thrash progress 3584 MB
  thrash progress 4096 MB
  thrash progress 4608 MB
  thrash progress 5120 MB
thrashed soft-cache touch≈5120 MB
1600,1.10,82.89,0.9313,140182,819216,25600,137691,140182,51201.0,8761.4,14.579
