PASS cxl-vmem-identity (vmem0 software + Montage mem0/region0)
vmem info: mode=3 flags=0x2 bar=0x0/0 logical=1954743148544 ram=34359738368 ssd=1920383410176 stripe=2097152 cache_limit=4294967296
loaded header n=200000 dim=1024 base=0x4000000
# MOT-PIN pin vs nopin SAME efSearch | pin=8192 (~64MB/2) freq_ef=400 nq=16 (CXL-SSD)
efSearch,mode,qps,hit_pct,ssd_reads,fetches,wall_s
  thrash progress 512 MB
  thrash progress 1024 MB
  thrash progress 1536 MB
  thrash progress 2048 MB
  thrash progress 2560 MB
  thrash progress 3072 MB
  thrash progress 3584 MB
  thrash progress 4096 MB
  thrash progress 4608 MB
  thrash progress 5120 MB
thrashed soft-cache touch≈5120 MB
200,nopin,4.58,62.22,38016,102416,3.492
  thrash progress 512 MB
  thrash progress 1024 MB
  thrash progress 1536 MB
  thrash progress 2048 MB
  thrash progress 2560 MB
  thrash progress 3072 MB
  thrash progress 3584 MB
  thrash progress 4096 MB
  thrash progress 4608 MB
  thrash progress 5120 MB
thrashed soft-cache touch≈5120 MB
200,pin,5.78,69.88,30309,102416,2.770
  thrash progress 512 MB
  thrash progress 1024 MB
  thrash progress 1536 MB
  thrash progress 2048 MB
  thrash progress 2560 MB
  thrash progress 3072 MB
  thrash progress 3584 MB
  thrash progress 4096 MB
  thrash progress 4608 MB
  thrash progress 5120 MB
thrashed soft-cache touch≈5120 MB
400,nopin,2.62,68.11,64194,204816,6.105
  thrash progress 512 MB
  thrash progress 1024 MB
  thrash progress 1536 MB
  thrash progress 2048 MB
  thrash progress 2560 MB
  thrash progress 3072 MB
  thrash progress 3584 MB
  thrash progress 4096 MB
  thrash progress 4608 MB
  thrash progress 5120 MB
thrashed soft-cache touch≈5120 MB
400,pin,3.06,72.11,56148,204816,5.225
  thrash progress 512 MB
  thrash progress 1024 MB
  thrash progress 1536 MB
  thrash progress 2048 MB
  thrash progress 2560 MB
  thrash progress 3072 MB
  thrash progress 3584 MB
  thrash progress 4096 MB
  thrash progress 4608 MB
  thrash progress 5120 MB
thrashed soft-cache touch≈5120 MB
800,nopin,1.64,75.09,100260,409616,9.776
  thrash progress 512 MB
  thrash progress 1024 MB
  thrash progress 1536 MB
  thrash progress 2048 MB
  thrash progress 2560 MB
  thrash progress 3072 MB
  thrash progress 3584 MB
  thrash progress 4096 MB
  thrash progress 4608 MB
  thrash progress 5120 MB
thrashed soft-cache touch≈5120 MB
800,pin,1.79,77.09,92214,409616,8.925
  thrash progress 512 MB
  thrash progress 1024 MB
  thrash progress 1536 MB
  thrash progress 2048 MB
  thrash progress 2560 MB
  thrash progress 3072 MB
  thrash progress 3584 MB
  thrash progress 4096 MB
  thrash progress 4608 MB
  thrash progress 5120 MB
thrashed soft-cache touch≈5120 MB
1600,nopin,1.08,82.44,141344,819216,14.789
  thrash progress 512 MB
  thrash progress 1024 MB
  thrash progress 1536 MB
  thrash progress 2048 MB
  thrash progress 2560 MB
  thrash progress 3072 MB
  thrash progress 3584 MB
  thrash progress 4096 MB
  thrash progress 4608 MB
  thrash progress 5120 MB
thrashed soft-cache touch≈5120 MB
1600,pin,1.16,83.44,133298,819216,13.778
