==== COMPARE FlashANNS T=1 nq=500 2026-09-04T20:35:18+00:00 ====
cache_used=104857600
mapped vmem /dev/vmem0 off=1181116006400 len=20480004096 fd=5 prefetch=1 cache_used=104857600
nav-graph /root/chukexin/CXL-ANNS-KX/results/paper_figs/nav_10k.bin n0=10000 dim=200 R=32
id-slot-map /mnt/disk0/chukexin_motivation/serving_t2i_10m/id_to_slot_10m_extent.bin n=10000000 (physical neighbor pairing)
diskann graph-file /mnt/disk0/chukexin_motivation/serving_t2i_10m/diskann_t2i_10m.graph.bin bytes=1280000000 (host N(u), no SSD ID faults)
vec_stride=2048 (packed=800) graph_in_dram=1 diskann=1
mapped HOST DRAM anon+mbind node=1 len=2147483648 (fallback; not DAX)
P3v2 softpin W=16 budget=67108864 install_top=4 fetch_top=0 page_group_b=0 install_all=0 threads=1 inflight=0 per_thread_window=0 cont_batch=0 pipe_depth=2 expand_batch=8 issue_ahead=1 slot_map=1 sync_hop=0 extent_run=1 direct_install=0 hide_score=window stagger_us=0 steal_sched=1 issue_qd=1
loaded id-map new→old n=10000000 (file=40000000) from /mnt/disk0/chukexin_motivation/serving_t2i_10m/new_to_old_pagebin.bin
pq-nav pivots=/mnt/disk0/chukexin_motivation/pipeann_t2i10m/idx_t2i64_pq_pivots.bin codes=/mnt/disk0/chukexin_motivation/pipeann_t2i10m/idx_t2i64_pq_compressed.bin n=10000000 dim=200 chunks=64 permuted=1
query_select nq=500/10000 shuffle_seed=42 query_ids=- first=9377 last=7706 flush_window=0 oneshot_fp=0 oracle_dram=0 oracle_window=0 pin_entry=1 host_used=1501356 host_cap=33554432 host_bytes=2147483648 dram_bytes=2147483648 pin_cap=67108864
roles host_bytes=2147483648 require_cxl_dram=0 cpu_affinity=1 per_thread_window=0 cxl_dram_dev=-
policy=P3 budget=67108864 dram_bytes=2147483648 nq=500 beam=400 k=10 iters=0 oneshot_fp=0 pin_bytes=634880/67108864
wall_s=4.971 throughput_QPS=100.59
cxl_ssd_to_dram_promote_GBps=0.287 promote_bytes=1426124800 target=12.0
latency_ms mean=9.940 p50=9.784 p90=12.552 p99=17.553
recall@10=0.9200
cxl_dram_hit_pct=0.06
metrics queries=500 dram_hits=102 ssd_misses=174165 hit_pct=0.06 promote_bytes=1426124800 avg_promote_ns=1026.2 prefetch_pages=348020 evicts=0 dist=3430946
hide from_win=200000 from_cxl_dram=0 from_bounce=0 from_cache=0 from_win_pct=100.00 from_cxl_dram_pct=0.00 hide_prec=114.94 crit_wait_ns=900911392 device_fill_ns=900911392 overlap=0.18
prefetch_use issued=174010 used=174010 page_use_pct=100.00 look_issued=0 look_used=0 look_use_pct=0.00 miss_use_pct=100.00 byte_use_pct=0.00 slot_use_pct=55.91 issue_use_pct=0.00 slots_on_pages=348020 slots_scored=194584 issue_slots=0 issue_want=0 scored_vec_B=0 nvme_read_B=708108288
issue_use_hist=[0,.2):0 [.2,.4):0 [.4,.6):0 [.6,.8):0 [.8,1]:0
spec_beam pages=0 ids=0
page_occ mean=55.91% pages=174010 0%=0.00 50%=88.18 100%=11.82 (n0=0 n50=153436 n100=20574 slots=348020 used=194584)
nvme_real_GBps=0.142 occ_vs_rnd_peak=9.1% peak_GBps=1.560 page_use=100.00 slot_use=55.91 issue_use=0.00
CSV,P3,67108864,2147483648,500,400,0,100.59,9.940,9.784,12.552,17.553,0.9200,0.06,102,174165,100.00,114.94,900911392,0.18
