==== COMPARE baseline oneshot-FP T=1 nq=500 2026-09-04T20:35:43+00:00 ====
cache_used=104857600
mapped vmem /dev/vmem0 off=1181116006400 len=20480004096 fd=5 prefetch=1 cache_used=104857600
nav-graph /root/chukexin/CXL-ANNS-KX/results/paper_figs/nav_10k.bin n0=10000 dim=200 R=32
id-slot-map /mnt/disk0/chukexin_motivation/serving_t2i_10m/id_to_slot_10m_extent.bin n=10000000 (physical neighbor pairing)
diskann graph-file /mnt/disk0/chukexin_motivation/serving_t2i_10m/diskann_t2i_10m.graph.bin bytes=1280000000 (host N(u), no SSD ID faults)
vec_stride=2048 (packed=800) graph_in_dram=1 diskann=1
mapped HOST DRAM anon+mbind node=1 len=2147483648 (fallback; not DAX)
P3v2 softpin W=16 budget=67108864 install_top=4 fetch_top=0 page_group_b=0 install_all=0 threads=1 inflight=0 per_thread_window=0 cont_batch=0 pipe_depth=2 expand_batch=4 issue_ahead=1 slot_map=1 sync_hop=0 extent_run=1 direct_install=0 hide_score=window stagger_us=0 steal_sched=1 issue_qd=1
loaded id-map new→old n=10000000 (file=40000000) from /mnt/disk0/chukexin_motivation/serving_t2i_10m/new_to_old_pagebin.bin
query_select nq=500/10000 shuffle_seed=42 query_ids=- first=9377 last=7706 flush_window=0 oneshot_fp=1 oracle_dram=0 oracle_window=0 pin_entry=1 host_used=1501356 host_cap=33554432 host_bytes=2147483648 dram_bytes=2147483648 pin_cap=67108864
roles host_bytes=2147483648 require_cxl_dram=0 cpu_affinity=1 per_thread_window=0 cxl_dram_dev=-
policy=P3 budget=67108864 dram_bytes=2147483648 nq=500 beam=400 k=10 iters=0 oneshot_fp=1 pin_bytes=634880/67108864
wall_s=16.327 throughput_QPS=30.62
cxl_ssd_to_dram_promote_GBps=1.135 promote_bytes=18534817792 target=12.0
latency_ms mean=32.651 p50=30.142 p90=44.500 p99=115.884
recall@10=0.9382
cxl_dram_hit_pct=0.01
metrics queries=500 dram_hits=293 ssd_misses=2262749 hit_pct=0.01 promote_bytes=18534817792 avg_promote_ns=1108.2 prefetch_pages=4524515 evicts=1738461 dist=3200525
hide from_win=3200093 from_cxl_dram=0 from_bounce=432 from_cache=0 from_win_pct=99.99 from_cxl_dram_pct=0.00 hide_prec=141.45 crit_wait_ns=362555605 device_fill_ns=362555605 overlap=0.02
prefetch_use issued=1856405 used=1856403 page_use_pct=100.00 look_issued=0 look_used=0 look_use_pct=0.00 miss_use_pct=100.00 byte_use_pct=33.67 slot_use_pct=68.26 issue_use_pct=0.00 slots_on_pages=3712810 slots_scored=2534207 issue_slots=0 issue_want=0 scored_vec_B=2560020000 nvme_read_B=9197932544
issue_use_hist=[0,.2):0 [.2,.4):0 [.4,.6):0 [.6,.8):0 [.8,1]:0
spec_beam pages=0 ids=0
page_occ mean=68.26% pages=1856405 0%=0.00 50%=63.49 100%=36.51 (n0=2 n50=1178599 n100=677804 slots=3712810 used=2534207)
nvme_real_GBps=0.563 occ_vs_rnd_peak=36.1% peak_GBps=1.560 page_use=100.00 slot_use=68.26 issue_use=0.00
CSV,P3,67108864,2147483648,500,400,0,30.62,32.651,30.142,44.500,115.884,0.9382,0.01,293,2262749,99.99,141.45,362555605,0.02
