mapped vmem /dev/vmem0 off=450971566080 len=9600069632 fd=5 prefetch=1 cache_used=0
nbr-bundle off=9600069632 stride=28672 bytes=267.03 GiB score_page=0
graph-file /mnt/disk0/chukexin_motivation/serving_t2i_10m/pagebin_graph.bin
graph-in-dram bytes=1280000000 src=graph-file
vec_stride=800 (packed=800) graph_in_dram=1
mapped DRAM window anon+mbind node=1 len=1073741824 (fallback; not DAX)
P3v2 softpin W=16 budget=67108864 install_top=4 fetch_top=0 page_group_b=0 install_all=0 threads=1 per_thread_window=1 cont_batch=0 score_page=0
loaded id-map new→old n=10000000 from /mnt/disk0/chukexin_motivation/serving_t2i_10m/new_to_old_pagebin.bin
query_select nq=20/10000 shuffle_seed=42 flush_window=0 oneshot_fp=1 oracle_dram=0 oracle_window=0 pin_entry=1 host_used=1098156 host_cap=33554432 dram_bytes=1073741824 pin_cap=268435456
hide_warm_entry ids=8192 pin_bytes=6553600/268435456
policy=P3 budget=67108864 dram_bytes=1073741824 nq=20 beam=400 k=10 iters=0 oneshot_fp=1 pin_bytes=6553600/268435456
wall_s=0.474 throughput_QPS=42.17
cxl_ssd_to_dram_promote_GBps=0.922 promote_bytes=437493760 target=12.0
latency_ms mean=23.672 p50=24.750 p90=28.583 p99=31.858
recall@10=0.9400
cxl_dram_hit_pct=15.41
metrics queries=20 dram_hits=9728 ssd_misses=53405 hit_pct=15.41 promote_bytes=437493760 avg_promote_ns=2336.5 prefetch_pages=106810 evicts=0 dist=150879
hide from_win=150879 from_bounce=0 from_win_pct=100.00 hide_prec=282.52 crit_wait_ns=25627840 device_fill_ns=30977915 overlap=0.07
prefetch_use issued=51805 used=51798 page_use_pct=99.99 look_issued=0 look_used=0 look_use_pct=0.00 miss_use_pct=99.99 byte_use_pct=56.88 slot_use_pct=100.00 slots_on_pages=123463 slots_scored=123462 scored_vec_B=120687200 nvme_read_B=208801792
nvme_real_GBps=0.440 occ_vs_rnd_peak=28.2% peak_GBps=1.560 page_use=99.99 slot_use=100.00
CSV,P3,67108864,1073741824,20,400,0,42.17,23.672,24.750,28.583,31.858,0.9400,15.41,9728,53405,100.00,282.52,25627840,0.07
