==== opt final_kept 2026-09-04T03:57:32+00:00 ====
cache_used=104857600 evictions=6734836
mapped vmem /dev/vmem0 off=1020054732800 len=2048917504 fd=5 prefetch=1 cache_used=104857600
nav-graph /root/chukexin/CXL-ANNS-KX/results/paper_figs/nav_1m_10k.bin n0=10000 dim=200 R=32
id-slot-map /mnt/disk0/chukexin_motivation/serving_t2i_10m/id_to_slot_1m_extent.bin n=1000000 (physical neighbor pairing)
diskann graph-file /mnt/disk0/chukexin_motivation/serving_t2i_10m/diskann_t2i_1m.graph.bin bytes=128000000 (host N(u), no SSD ID faults)
vec_stride=2048 (packed=800) graph_in_dram=1 diskann=1
mapped HOST DRAM anon+mbind node=1 len=2147483648 (fallback; not DAX)
P3v2 softpin W=16 budget=67108864 install_top=4 fetch_top=0 page_group_b=0 install_all=0 threads=1 per_thread_window=0 cont_batch=0 score_page=0 expand_batch=4 issue_ahead=1 min_issue_use=0.00 spec_beam_nbrs=0 expand_sib=0 slot_map=1 sync_hop=0 score_cache=0 direct_install=0 stripe_fill=0
loaded id-map new→old n=1000000 (file=40000000) from /mnt/disk0/chukexin_motivation/serving_t2i_10m/new_to_old_pagebin.bin
query_select nq=500/10000 shuffle_seed=-1 query_ids=/root/chukexin/CXL-ANNS-KX/results/paper_figs/qids_test500.bin first=4 last=9994 flush_window=0 oneshot_fp=1 oracle_dram=0 oracle_window=0 pin_entry=1 host_used=1501356 host_cap=33554432 host_bytes=2147483648 dram_bytes=2147483648 pin_cap=67108864
roles host_bytes=2147483648 require_cxl_dram=0 cpu_affinity=1 per_thread_window=0 cxl_dram_dev=-
policy=P3 budget=67108864 dram_bytes=2147483648 nq=500 beam=400 k=10 iters=0 oneshot_fp=1 pin_bytes=1019904/67108864
wall_s=4.847 throughput_QPS=103.17
cxl_ssd_to_dram_promote_GBps=0.635 promote_bytes=3078811648 target=12.0
latency_ms mean=9.691 p50=8.562 p90=14.250 p99=40.796
recall@10=0.0884
cxl_dram_hit_pct=0.00
metrics queries=500 dram_hits=8 ssd_misses=376074 hit_pct=0.00 promote_bytes=3078811648 avg_promote_ns=2787.4 prefetch_pages=751178 evicts=0 dist=1264089
hide from_win=1263853 from_cxl_dram=0 from_bounce=236 from_cache=0 from_win_pct=99.98 from_cxl_dram_pct=0.00 hide_prec=336.50 crit_wait_ns=205911431 device_fill_ns=205911431 overlap=0.04
prefetch_use issued=375589 used=375589 page_use_pct=100.00 look_issued=0 look_used=0 look_use_pct=0.00 miss_use_pct=100.00 byte_use_pct=65.71 slot_use_pct=82.72 issue_use_pct=0.00 slots_on_pages=751178 slots_scored=621384 issue_slots=0 issue_want=0 scored_vec_B=1010871200 nvme_read_B=1528041472
issue_use_hist=[0,.2):0 [.2,.4):0 [.4,.6):0 [.6,.8):0 [.8,1]:0
spec_beam pages=0 ids=0
page_occ mean=82.72% pages=375589 0%=0.00 50%=34.56 100%=65.44 (n0=0 n50=129794 n100=245795 slots=751178 used=621384)
nvme_real_GBps=0.315 occ_vs_rnd_peak=20.2% peak_GBps=1.560 page_use=100.00 slot_use=82.72 issue_use=0.00
CSV,P3,67108864,2147483648,500,400,0,103.17,9.691,8.562,14.250,40.796,0.0884,0.00,8,376074,99.98,336.50,205911431,0.04
