# T=1 true-cold restore 2026-08-31T22:55:05+00:00 kernel=6.18.0-rc5
# cache_used=0 nvme=/dev/nvme2n1
mapped vmem /dev/vmem0 off=450971566080 len=9600069632 fd=5 prefetch=1 cache_used=0
nbr-bundle off=9600069632 stride=28672 bytes=267.03 GiB score_page=0 look_k=0
graph-file /mnt/disk0/chukexin_motivation/serving_t2i_10m/pagebin_graph.bin
graph-in-dram bytes=1280000000 src=graph-file
vec_stride=800 (packed=800) graph_in_dram=1
mapped DRAM window anon+mbind node=1 len=1073741824 (fallback; not DAX)
P3v2 softpin W=16 budget=67108864 install_top=4 fetch_top=0 page_group_b=0 install_all=0 threads=1 per_thread_window=1 cont_batch=0 score_page=0 expand_batch=8 issue_ahead=2 min_issue_use=0.00
loaded id-map new→old n=10000000 from /mnt/disk0/chukexin_motivation/serving_t2i_10m/new_to_old_pagebin.bin
query_select nq=20/10000 shuffle_seed=42 flush_window=0 oneshot_fp=1 oracle_dram=0 oracle_window=0 pin_entry=1 host_used=1098156 host_cap=33554432 dram_bytes=1073741824 pin_cap=268435456
hide_warm_entry ids=8192 pin_bytes=6553600/268435456
policy=P3 budget=67108864 dram_bytes=1073741824 nq=20 beam=400 k=10 iters=0 oneshot_fp=1 pin_bytes=6553600/268435456
wall_s=0.487 throughput_QPS=41.08
cxl_ssd_to_dram_promote_GBps=1.009 promote_bytes=490987520 target=12.0
latency_ms mean=24.338 p50=23.992 p90=30.244 p99=38.035
recall@10=0.9400
cxl_dram_hit_pct=13.96
metrics queries=20 dram_hits=9728 ssd_misses=59935 hit_pct=13.96 promote_bytes=490987520 avg_promote_ns=2415.3 prefetch_pages=119870 evicts=0 dist=180347
hide from_win=180347 from_bounce=0 from_win_pct=100.00 hide_prec=300.90 crit_wait_ns=29268892 device_fill_ns=35421932 overlap=0.07
prefetch_use issued=58104 used=56472 page_use_pct=97.19 look_issued=0 look_used=0 look_use_pct=0.00 miss_use_pct=97.19 byte_use_pct=60.62 slot_use_pct=100.00 issue_use_pct=64.01 slots_on_pages=137430 slots_scored=137429 issue_slots=228337 issue_want=146167 scored_vec_B=144261600 nvme_read_B=234586112
issue_use_hist=[0,.2):4260 [.2,.4):9526 [.4,.6):10883 [.6,.8):12530 [.8,1]:22942
nvme_real_GBps=0.482 occ_vs_rnd_peak=30.9% peak_GBps=1.560 page_use=97.19 slot_use=100.00 issue_use=64.01
CSV,P3,67108864,1073741824,20,400,0,41.08,24.338,23.992,30.244,38.035,0.9400,13.96,9728,59935,100.00,300.90,29268892,0.07
