==== T=1 p14_spec32_w32 2026-09-04T02:31:47+00:00 ====
cache_used=419430400 evictions=3425680
mapped vmem /dev/vmem0 off=998579896320 len=2048917504 fd=5 prefetch=1 cache_used=419430400
nav-graph /root/chukexin/CXL-ANNS-KX/results/paper_figs/nav_1m_10k.bin n0=10000 dim=200 R=32
id-slot-map /mnt/disk0/chukexin_motivation/serving_t2i_10m/id_to_slot_1m_cooccur.bin n=1000000 (physical neighbor pairing)
vec_stride=2048 (packed=800) graph_in_dram=1 diskann=1
mapped HOST DRAM anon+mbind node=1 len=2147483648 (fallback; not DAX)
P3v2 softpin W=32 budget=67108864 install_top=4 fetch_top=0 page_group_b=0 install_all=0 threads=1 per_thread_window=0 cont_batch=0 score_page=0 expand_batch=8 issue_ahead=2 min_issue_use=0.00 spec_beam_nbrs=32 expand_sib=0 slot_map=1 sync_hop=0
loaded id-map new→old n=1000000 (file=40000000) from /mnt/disk0/chukexin_motivation/serving_t2i_10m/new_to_old_pagebin.bin
query_select nq=20/10000 shuffle_seed=42 flush_window=0 oneshot_fp=1 oracle_dram=0 oracle_window=0 pin_entry=1 host_used=1098156 host_cap=33554432 host_bytes=2147483648 dram_bytes=2147483648 pin_cap=536870912
roles host_bytes=2147483648 require_cxl_dram=0 cpu_affinity=1 per_thread_window=0 cxl_dram_dev=-
hide_warm_entry ids=8192 pin_bytes=31682560/536870912
policy=P3 budget=67108864 dram_bytes=2147483648 nq=20 beam=400 k=10 iters=0 oneshot_fp=1 pin_bytes=31682560/536870912
wall_s=0.236 throughput_QPS=84.88
cxl_ssd_to_dram_promote_GBps=1.288 promote_bytes=303398912 target=12.0
latency_ms mean=11.779 p50=10.694 p90=19.157 p99=22.435
recall@10=0.0350
cxl_dram_hit_pct=18.11
metrics queries=20 dram_hits=8192 ssd_misses=37044 hit_pct=18.11 promote_bytes=303398912 avg_promote_ns=1914.6 prefetch_pages=74056 evicts=0 dist=52956
hide from_win=52940 from_cxl_dram=0 from_bounce=16 from_win_pct=99.97 from_cxl_dram_pct=0.00 hide_prec=142.97 crit_wait_ns=13723547 device_fill_ns=30234834 overlap=0.13
prefetch_use issued=29293 used=26815 page_use_pct=91.54 look_issued=0 look_used=0 look_use_pct=0.00 miss_use_pct=91.54 byte_use_pct=35.30 slot_use_pct=81.16 issue_use_pct=0.00 slots_on_pages=58586 slots_scored=47546 issue_slots=0 issue_want=0 scored_vec_B=42348800 nvme_read_B=1212416
issue_use_hist=[0,.2):0 [.2,.4):0 [.4,.6):0 [.6,.8):0 [.8,1]:0
spec_beam pages=14847 ids=2401
page_occ mean=81.16% pages=29293 0%=8.46 50%=20.77 100%=70.77 (n0=2478 n50=6084 n100=20731 slots=58586 used=47546)
nvme_real_GBps=0.005 occ_vs_rnd_peak=0.3% peak_GBps=1.560 page_use=91.54 slot_use=81.16 issue_use=0.00
CSV,P3,67108864,2147483648,20,400,0,84.88,11.779,10.694,19.157,22.435,0.0350,18.11,8192,37044,99.97,142.97,13723547,0.13
