mapped vmem /dev/vmem0 off=450971566080 len=9600069632 fd=5 prefetch=1 cache_used=0
nbr-bundle off=9600069632 stride=28672 bytes=267.03 GiB score_page=0 look_k=0
graph-file /mnt/disk0/chukexin_motivation/serving_t2i_10m/pagebin_graph.bin
graph-in-dram bytes=1280000000 src=graph-file
vec_stride=800 (packed=800) graph_in_dram=1
mapped DRAM window anon+mbind node=1 len=1073741824 (fallback; not DAX)
P3v2 softpin W=16 budget=67108864 install_top=4 fetch_top=0 page_group_b=0 install_all=0 threads=1 per_thread_window=1 cont_batch=0 score_page=0 expand_batch=8 issue_ahead=2
loaded id-map new→old n=10000000 from /mnt/disk0/chukexin_motivation/serving_t2i_10m/new_to_old_pagebin.bin
query_select nq=20/10000 shuffle_seed=42 flush_window=0 oneshot_fp=1 oracle_dram=0 oracle_window=0 pin_entry=1 host_used=1098156 host_cap=33554432 dram_bytes=1073741824 pin_cap=268435456
hide_warm_entry ids=8192 pin_bytes=6553600/268435456
policy=P3 budget=67108864 dram_bytes=1073741824 nq=20 beam=400 k=10 iters=0 oneshot_fp=1 pin_bytes=6553600/268435456
wall_s=0.401 throughput_QPS=49.92
cxl_ssd_to_dram_promote_GBps=1.194 promote_bytes=478322688 target=12.0
latency_ms mean=19.990 p50=20.028 p90=24.089 p99=25.665
recall@10=0.9400
cxl_dram_hit_pct=14.28
metrics queries=20 dram_hits=9728 ssd_misses=58389 hit_pct=14.28 promote_bytes=478322688 avg_promote_ns=2200.9 prefetch_pages=116778 evicts=0 dist=173304
hide from_win=173304 from_bounce=0 from_win_pct=100.00 hide_prec=296.81 crit_wait_ns=11238369 device_fill_ns=17030596 overlap=0.04
prefetch_use issued=56558 used=54848 page_use_pct=96.98 look_issued=0 look_used=0 look_use_pct=0.00 miss_use_pct=96.98 byte_use_pct=59.84 slot_use_pct=100.00 issue_use_pct=63.33 slots_on_pages=132298 slots_scored=132297 issue_slots=221751 issue_want=140440 scored_vec_B=138627200 nvme_read_B=228347904
nvme_real_GBps=0.570 occ_vs_rnd_peak=36.5% peak_GBps=1.560 page_use=96.98 slot_use=100.00 issue_use=63.33
CSV,P3,67108864,1073741824,20,400,0,49.92,19.990,20.028,24.089,25.665,0.9400,14.28,9728,58389,100.00,296.81,11238369,0.04
