==== T=1 100MiB c2_hot 2026-09-04T03:10:40+00:00 ====
cache_used=104857600 evictions=840465 limit=104857600
mapped vmem /dev/vmem0 off=1020054732800 len=2048917504 fd=5 prefetch=1 cache_used=104857600
nav-graph /root/chukexin/CXL-ANNS-KX/results/paper_figs/nav_1m_10k.bin n0=10000 dim=200 R=32
id-slot-map /mnt/disk0/chukexin_motivation/serving_t2i_10m/id_to_slot_1m_extent.bin n=1000000 (physical neighbor pairing)
diskann graph-file /mnt/disk0/chukexin_motivation/serving_t2i_10m/diskann_t2i_1m.graph.bin bytes=128000000 (host N(u), no SSD ID faults)
vec_stride=2048 (packed=800) graph_in_dram=1 diskann=1
mapped HOST DRAM anon+mbind node=1 len=2147483648 (fallback; not DAX)
P3v2 softpin W=16 budget=67108864 install_top=4 fetch_top=0 page_group_b=0 install_all=0 threads=1 per_thread_window=0 cont_batch=0 score_page=0 expand_batch=1 issue_ahead=1 min_issue_use=0.00 spec_beam_nbrs=0 expand_sib=0 slot_map=1 sync_hop=0 score_cache=1
loaded id-map new→old n=1000000 (file=40000000) from /mnt/disk0/chukexin_motivation/serving_t2i_10m/new_to_old_pagebin.bin
query_select nq=20/10000 shuffle_seed=42 flush_window=0 oneshot_fp=1 oracle_dram=0 oracle_window=0 pin_entry=1 host_used=1098156 host_cap=33554432 host_bytes=2147483648 dram_bytes=2147483648 pin_cap=67108864
roles host_bytes=2147483648 require_cxl_dram=0 cpu_affinity=1 per_thread_window=0 cxl_dram_dev=-
policy=P3 budget=67108864 dram_bytes=2147483648 nq=20 beam=400 k=10 iters=0 oneshot_fp=1 pin_bytes=1019904/67108864
wall_s=0.111 throughput_QPS=180.39
cxl_ssd_to_dram_promote_GBps=0.071 promote_bytes=7901184 target=12.0
latency_ms mean=5.542 p50=5.142 p90=8.607 p99=9.933
recall@10=0.0350
cxl_dram_hit_pct=0.72
metrics queries=20 dram_hits=8 ssd_misses=1098 hit_pct=0.72 promote_bytes=7901184 avg_promote_ns=2774.5 prefetch_pages=1662 evicts=0 dist=47204
hide from_win=1475 from_cxl_dram=0 from_bounce=18 from_cache=45711 from_win_pct=98.79 from_cxl_dram_pct=0.00 hide_prec=177.50 crit_wait_ns=363484 device_fill_ns=363484 overlap=0.00
prefetch_use issued=831 used=831 page_use_pct=100.00 look_issued=0 look_used=0 look_use_pct=0.00 miss_use_pct=100.00 byte_use_pct=34.62 slot_use_pct=77.02 issue_use_pct=0.00 slots_on_pages=1662 slots_scored=1280 issue_slots=0 issue_want=0 scored_vec_B=1178400 nvme_read_B=1314816
issue_use_hist=[0,.2):0 [.2,.4):0 [.4,.6):0 [.6,.8):0 [.8,1]:0
spec_beam pages=0 ids=0
page_occ mean=77.02% pages=831 0%=0.00 50%=45.97 100%=54.03 (n0=0 n50=382 n100=449 slots=1662 used=1280)
nvme_real_GBps=0.012 occ_vs_rnd_peak=0.8% peak_GBps=1.560 page_use=100.00 slot_use=77.02 issue_use=0.00
CSV,P3,67108864,2147483648,20,400,0,180.39,5.542,5.142,8.607,9.933,0.0350,0.72,8,1098,98.79,177.50,363484,0.00
