# dual 2026-09-01T02:36:53+00:00 kernel=6.18.0-rc5 peak_denom=1.744
# cache_used=4096 nvme=/dev/nvme1n1,/dev/nvme2n1 backings=2
# extra_flags=
mapped vmem /dev/vmem0 off=450971566080 len=9600069632 fd=5 prefetch=1 cache_used=4096
nbr-bundle off=9600069632 stride=28672 bytes=267.03 GiB score_page=0 look_k=0
graph-file /mnt/disk0/chukexin_motivation/serving_t2i_10m/pagebin_graph.bin
graph-in-dram bytes=1280000000 src=graph-file
vec_stride=800 (packed=800) graph_in_dram=1
mapped DRAM window anon+mbind node=1 len=536870912 (fallback; not DAX)
P3v2 softpin W=16 budget=67108864 install_top=4 fetch_top=0 page_group_b=0 install_all=0 threads=4 per_thread_window=1 cont_batch=0 score_page=0 expand_batch=8 issue_ahead=2 min_issue_use=0.00
loaded id-map new→old n=10000000 from /mnt/disk0/chukexin_motivation/serving_t2i_10m/new_to_old_pagebin.bin
query_select nq=20/10000 shuffle_seed=42 flush_window=0 oneshot_fp=1 oracle_dram=0 oracle_window=0 pin_entry=1 host_used=1098156 host_cap=33554432 dram_bytes=536870912 pin_cap=268435456
hide_warm_entry ids=8192 pin_bytes=6553600/268435456
mapped DRAM window anon+mbind node=1 len=536870912 (fallback; not DAX)
mapped DRAM window anon+mbind node=1 len=536870912 (fallback; not DAX)
mapped DRAM window anon+mbind node=1 len=536870912 (fallback; not DAX)
mapped DRAM window anon+mbind node=1 len=536870912 (fallback; not DAX)
per-thread windows=4 dram_bytes=536870912 warm_before_timed=1
policy=P3 budget=67108864 dram_bytes=536870912 nq=20 beam=400 k=10 iters=0 oneshot_fp=1 pin_bytes=6553600/268435456
wall_s=0.208 throughput_QPS=96.36
cxl_ssd_to_dram_promote_GBps=2.974 promote_bytes=617324544 target=12.0
latency_ms mean=39.530 p50=36.307 p90=52.517 p99=83.688
recall@10=0.9600
cxl_dram_hit_pct=52.13
metrics queries=20 dram_hits=82628 ssd_misses=75871 hit_pct=52.13 promote_bytes=617324544 avg_promote_ns=2562.1 prefetch_pages=149686 evicts=0 dist=201713
hide from_win=201713 from_bounce=0 from_win_pct=100.00 hide_prec=269.51 crit_wait_ns=96572694 device_fill_ns=117445406 overlap=0.57
prefetch_use issued=64430 used=62540 page_use_pct=97.07 look_issued=0 look_used=0 look_use_pct=0.00 miss_use_pct=97.07 byte_use_pct=61.14 slot_use_pct=100.00 issue_use_pct=64.50 slots_on_pages=152416 slots_scored=152415 issue_slots=253426 issue_want=163458 scored_vec_B=161354400 nvme_read_B=262258688
issue_use_hist=[0,.2):4538 [.2,.4):10319 [.4,.6):12108 [.6,.8):13990 [.8,1]:25826
nvme_real_GBps=1.264 occ_vs_rnd_peak=72.5% peak_GBps=1.744 page_use=97.07 slot_use=100.00 issue_use=64.50
CSV,P3,67108864,536870912,20,400,0,96.36,39.530,36.307,52.517,83.688,0.9600,52.13,82628,75871,100.00,269.51,96572694,0.57
