mapped vmem /dev/vmem0 off=998579896320 len=2048917504 fd=5 prefetch=1 cache_used=419430400
nav-graph /root/chukexin/CXL-ANNS-KX/results/paper_figs/nav_1m_10k.bin n0=10000 dim=200 R=32
id-slot-map /mnt/disk0/chukexin_motivation/serving_t2i_10m/id_to_slot_1m_cooccur.bin n=1000000 (physical neighbor pairing)
vec_stride=2048 (packed=800) graph_in_dram=1 diskann=1
mapped HOST DRAM anon+mbind node=1 len=2147483648 (fallback; not DAX)
P3v2 softpin W=16 budget=67108864 install_top=4 fetch_top=0 page_group_b=0 install_all=0 threads=1 per_thread_window=0 cont_batch=0 score_page=0 expand_batch=1 issue_ahead=1 min_issue_use=0.00 spec_beam_nbrs=16 expand_sib=0 slot_map=1 sync_hop=0
loaded id-map new→old n=1000000 (file=40000000) from /mnt/disk0/chukexin_motivation/serving_t2i_10m/new_to_old_pagebin.bin
query_select nq=20/10000 shuffle_seed=42 flush_window=0 oneshot_fp=1 oracle_dram=0 oracle_window=0 pin_entry=1 host_used=1098156 host_cap=33554432 host_bytes=2147483648 dram_bytes=2147483648 pin_cap=536870912
roles host_bytes=2147483648 require_cxl_dram=0 cpu_affinity=1 per_thread_window=0 cxl_dram_dev=-
hide_warm_entry ids=8192 pin_bytes=31682560/536870912
policy=P3 budget=67108864 dram_bytes=2147483648 nq=20 beam=400 k=10 iters=0 oneshot_fp=1 pin_bytes=31682560/536870912
wall_s=0.200 throughput_QPS=99.95
cxl_ssd_to_dram_promote_GBps=1.367 promote_bytes=273563648 target=12.0
latency_ms mean=10.003 p50=9.376 p90=13.478 p99=17.739
recall@10=0.0350
cxl_dram_hit_pct=19.70
metrics queries=20 dram_hits=8192 ssd_misses=33402 hit_pct=19.70 promote_bytes=273563648 avg_promote_ns=2016.0 prefetch_pages=66772 evicts=0 dist=48408
hide from_win=48392 from_cxl_dram=0 from_bounce=16 from_win_pct=99.97 from_cxl_dram_pct=0.00 hide_prec=144.95 crit_wait_ns=6312408 device_fill_ns=23064086 overlap=0.12
prefetch_use issued=25651 used=23938 page_use_pct=93.32 look_issued=67 look_used=67 look_use_pct=100.00 miss_use_pct=93.30 byte_use_pct=36.84 slot_use_pct=84.80 issue_use_pct=0.00 slots_on_pages=51302 slots_scored=43505 issue_slots=0 issue_want=0 scored_vec_B=38710400 nvme_read_B=32768
issue_use_hist=[0,.2):0 [.2,.4):0 [.4,.6):0 [.6,.8):0 [.8,1]:0
spec_beam pages=8101 ids=1268
page_occ mean=84.80% pages=25651 0%=6.68 50%=17.04 100%=76.28 (n0=1713 n50=4371 n100=19567 slots=51302 used=43505)
nvme_real_GBps=0.000 occ_vs_rnd_peak=0.0% peak_GBps=1.560 page_use=93.32 slot_use=84.80 issue_use=0.00
CSV,P3,67108864,2147483648,20,400,0,99.95,10.003,9.376,13.478,17.739,0.0350,19.70,8192,33402,99.97,144.95,6312408,0.12
