==== Hide 1M nbrpage T=1 warmup nq=20 2026-09-04T00:47:13+00:00 ====
cache_limit=419430400
cache_used=419430400
evictions=179792
mapped vmem /dev/vmem0 off=966367641600 len=1025507328 fd=5 prefetch=1 cache_used=419430400
nav-graph /root/chukexin/CXL-ANNS-KX/results/paper_figs/nav_1m_10k_nbrpage.bin n0=10000 dim=200 R=32
diskann graph-file /mnt/disk0/chukexin_motivation/serving_t2i_10m/diskann_t2i_1m_nbrpage.graph.bin bytes=128000000 (host N(u), no SSD ID faults)
vec_stride=1024 (packed=800) graph_in_dram=1 diskann=1
mapped HOST DRAM anon+mbind node=1 len=2147483648 (fallback; not DAX)
P3v2 softpin W=16 budget=67108864 install_top=4 fetch_top=0 page_group_b=0 install_all=0 threads=1 per_thread_window=0 cont_batch=0 score_page=0 expand_batch=8 issue_ahead=2 min_issue_use=0.00 spec_beam_nbrs=16 page_pick=1
loaded id-map new→old n=1000000 (file=4000000) from /mnt/disk0/chukexin_motivation/serving_t2i_10m/diskann_t2i_1m_nbrpage.idmap.bin
query_select nq=20/10000 shuffle_seed=42 flush_window=0 oneshot_fp=1 oracle_dram=0 oracle_window=0 pin_entry=1 host_used=1098156 host_cap=33554432 host_bytes=2147483648 dram_bytes=2147483648 pin_cap=536870912
roles host_bytes=2147483648 require_cxl_dram=0 cpu_affinity=1 per_thread_window=0 cxl_dram_dev=-
hide_warm_entry ids=9106 pin_bytes=12124160/536870912
policy=P3 budget=67108864 dram_bytes=2147483648 nq=20 beam=400 k=10 iters=0 oneshot_fp=1 pin_bytes=12124160/536870912
wall_s=0.365 throughput_QPS=54.83
cxl_ssd_to_dram_promote_GBps=0.836 promote_bytes=304922624 target=12.0
latency_ms mean=18.237 p50=16.925 p90=25.773 p99=28.425
recall@10=0.0350
cxl_dram_hit_pct=19.65
metrics queries=20 dram_hits=9106 ssd_misses=37230 hit_pct=19.65 promote_bytes=304922624 avg_promote_ns=2002.3 prefetch_pages=74428 evicts=0 dist=62080
hide from_win=62064 from_cxl_dram=0 from_bounce=16 from_win_pct=99.97 from_cxl_dram_pct=0.00 hide_prec=166.78 crit_wait_ns=32157240 device_fill_ns=46147940 overlap=0.13
prefetch_use issued=34254 used=32033 page_use_pct=93.52 look_issued=0 look_used=0 look_use_pct=0.00 miss_use_pct=93.52 byte_use_pct=35.39 slot_use_pct=36.61 issue_use_pct=29.84 slots_on_pages=137016 slots_scored=50155 issue_slots=301124 issue_want=89842 scored_vec_B=49648000 nvme_read_B=88395776
issue_use_hist=[0,.2):0 [.2,.4):68580 [.4,.6):2131 [.6,.8):1280 [.8,1]:3290
spec_beam pages=23709 ids=1915
nvme_real_GBps=0.242 occ_vs_rnd_peak=15.5% peak_GBps=1.560 page_use=93.52 slot_use=36.61 issue_use=29.84
CSV,P3,67108864,2147483648,20,400,0,54.83,18.237,16.925,25.773,28.425,0.0350,19.65,9106,37230,99.97,166.78,32157240,0.13
cache_used_after=419430400
evictions_after=204307
