# Task4 T=4 true-cold 2026-08-31T02:57:04+00:00 kernel=6.18.0-rc5
# cache_used=4096 nvme=/dev/nvme2n1 bdf=0000:d9:00.0
# extra_flags=--issue-ahead 3
mapped vmem /dev/vmem0 off=450971566080 len=9600069632 fd=5 prefetch=1 cache_used=4096
nbr-bundle off=9600069632 stride=28672 bytes=267.03 GiB score_page=0 look_k=0
graph-file /mnt/disk0/chukexin_motivation/serving_t2i_10m/pagebin_graph.bin
graph-in-dram bytes=1280000000 src=graph-file
vec_stride=800 (packed=800) graph_in_dram=1
mapped DRAM window anon+mbind node=1 len=536870912 (fallback; not DAX)
P3v2 softpin W=16 budget=67108864 install_top=4 fetch_top=0 page_group_b=0 install_all=0 threads=4 per_thread_window=1 cont_batch=0 score_page=0 expand_batch=8 issue_ahead=3 min_issue_use=0.00
loaded id-map new→old n=10000000 from /mnt/disk0/chukexin_motivation/serving_t2i_10m/new_to_old_pagebin.bin
query_select nq=20/10000 shuffle_seed=42 flush_window=0 oneshot_fp=1 oracle_dram=0 oracle_window=0 pin_entry=1 host_used=1098156 host_cap=33554432 dram_bytes=536870912 pin_cap=268435456
hide_warm_entry ids=8192 pin_bytes=6553600/268435456
mapped DRAM window anon+mbind node=1 len=536870912 (fallback; not DAX)
mapped DRAM window anon+mbind node=1 len=536870912 (fallback; not DAX)
mapped DRAM window anon+mbind node=1 len=536870912 (fallback; not DAX)
mapped DRAM window anon+mbind node=1 len=536870912 (fallback; not DAX)
per-thread windows=4 dram_bytes=536870912 warm_before_timed=1
policy=P3 budget=67108864 dram_bytes=536870912 nq=20 beam=400 k=10 iters=0 oneshot_fp=1 pin_bytes=6553600/268435456
wall_s=0.181 throughput_QPS=110.23
cxl_ssd_to_dram_promote_GBps=3.009 promote_bytes=545972224 target=12.0
latency_ms mean=32.981 p50=34.140 p90=42.551 p99=46.961
recall@10=0.9450
cxl_dram_hit_pct=55.16
metrics queries=20 dram_hits=82628 ssd_misses=67161 hit_pct=55.16 promote_bytes=545972224 avg_promote_ns=3021.2 prefetch_pages=132266 evicts=0 dist=177500
hide from_win=177500 from_bounce=0 from_win_pct=100.00 hide_prec=268.40 crit_wait_ns=12703769 device_fill_ns=38971038 overlap=0.21
prefetch_use issued=55748 used=54097 page_use_pct=97.04 look_issued=0 look_used=0 look_use_pct=0.00 miss_use_pct=97.04 byte_use_pct=62.18 slot_use_pct=100.00 issue_use_pct=64.12 slots_on_pages=130455 slots_scored=130454 issue_slots=224412 issue_want=143891 scored_vec_B=141984000 nvme_read_B=225189888
issue_use_hist=[0,.2):4208 [.2,.4):9449 [.4,.6):10513 [.6,.8):12068 [.8,1]:22873
nvme_real_GBps=1.241 occ_vs_rnd_peak=79.6% peak_GBps=1.560 page_use=97.04 slot_use=100.00 issue_use=64.12
CSV,P3,67108864,536870912,20,400,0,110.23,32.981,34.140,42.551,46.961,0.9450,55.16,82628,67161,100.00,268.40,12703769,0.21
