mapped vmem /dev/vmem0 off=450971566080 len=9600069632 fd=5 prefetch=1 cache_used=0
nbr-bundle off=9600069632 stride=28672 bytes=267.03 GiB score_page=0 look_k=0
graph-file /mnt/disk0/chukexin_motivation/serving_t2i_10m/pagebin_graph.bin
graph-in-dram bytes=1280000000 src=graph-file
vec_stride=800 (packed=800) graph_in_dram=1
mapped DRAM window anon+mbind node=1 len=1073741824 (fallback; not DAX)
P3v2 softpin W=16 budget=67108864 install_top=4 fetch_top=0 page_group_b=0 install_all=0 threads=1 per_thread_window=1 cont_batch=0 score_page=0 expand_batch=8 issue_ahead=2 min_issue_use=0.00
loaded id-map new→old n=10000000 from /mnt/disk0/chukexin_motivation/serving_t2i_10m/new_to_old_pagebin.bin
query_select nq=20/10000 shuffle_seed=42 flush_window=0 oneshot_fp=1 oracle_dram=0 oracle_window=0 pin_entry=1 host_used=1098156 host_cap=33554432 dram_bytes=1073741824 pin_cap=268435456
hide_warm_entry ids=8192 pin_bytes=6553600/268435456
policy=P3 budget=67108864 dram_bytes=1073741824 nq=20 beam=400 k=10 iters=0 oneshot_fp=1 pin_bytes=6553600/268435456
wall_s=0.410 throughput_QPS=48.77
cxl_ssd_to_dram_promote_GBps=1.161 promote_bytes=475906048 target=12.0
latency_ms mean=20.502 p50=20.559 p90=24.595 p99=26.809
recall@10=0.9450
cxl_dram_hit_pct=14.34
metrics queries=20 dram_hits=9728 ssd_misses=58094 hit_pct=14.34 promote_bytes=475906048 avg_promote_ns=2290.5 prefetch_pages=116188 evicts=0 dist=172136
hide from_win=172136 from_bounce=0 from_win_pct=100.00 hide_prec=296.31 crit_wait_ns=8647761 device_fill_ns=14917455 overlap=0.04
prefetch_use issued=56263 used=54491 page_use_pct=96.85 look_issued=0 look_used=0 look_use_pct=0.00 miss_use_pct=96.85 byte_use_pct=59.75 slot_use_pct=100.00 issue_use_pct=63.30 slots_on_pages=131495 slots_scored=131494 issue_slots=220296 issue_want=139446 scored_vec_B=137692800 nvme_read_B=227135488
issue_use_hist=[0,.2):4188 [.2,.4):9409 [.4,.6):10702 [.6,.8):12140 [.8,1]:21547
nvme_real_GBps=0.554 occ_vs_rnd_peak=35.5% peak_GBps=1.560 page_use=96.85 slot_use=100.00 issue_use=63.30
CSV,P3,67108864,1073741824,20,400,0,48.77,20.502,20.559,24.595,26.809,0.9450,14.34,9728,58094,100.00,296.31,8647761,0.04
