# spec-beam 2026-09-01T02:38:26+00:00 kernel=6.18.0-rc5
# extra_flags=--spec-beam-nbrs 8
mapped vmem /dev/vmem0 off=450971566080 len=9600069632 fd=5 prefetch=1 cache_used=4096
nbr-bundle off=9600069632 stride=28672 bytes=267.03 GiB score_page=0 look_k=0
graph-file /mnt/disk0/chukexin_motivation/serving_t2i_10m/pagebin_graph.bin
graph-in-dram bytes=1280000000 src=graph-file
vec_stride=800 (packed=800) graph_in_dram=1
mapped DRAM window anon+mbind node=1 len=536870912 (fallback; not DAX)
P3v2 softpin W=16 budget=67108864 install_top=4 fetch_top=0 page_group_b=0 install_all=0 threads=4 per_thread_window=1 cont_batch=0 score_page=0 expand_batch=8 issue_ahead=2 min_issue_use=0.00 spec_beam_nbrs=8
loaded id-map new→old n=10000000 from /mnt/disk0/chukexin_motivation/serving_t2i_10m/new_to_old_pagebin.bin
query_select nq=20/10000 shuffle_seed=42 flush_window=0 oneshot_fp=1 oracle_dram=0 oracle_window=0 pin_entry=1 host_used=1098156 host_cap=33554432 dram_bytes=536870912 pin_cap=268435456
hide_warm_entry ids=8192 pin_bytes=6553600/268435456
mapped DRAM window anon+mbind node=1 len=536870912 (fallback; not DAX)
mapped DRAM window anon+mbind node=1 len=536870912 (fallback; not DAX)
mapped DRAM window anon+mbind node=1 len=536870912 (fallback; not DAX)
mapped DRAM window anon+mbind node=1 len=536870912 (fallback; not DAX)
per-thread windows=4 dram_bytes=536870912 warm_before_timed=1
policy=P3 budget=67108864 dram_bytes=536870912 nq=20 beam=400 k=10 iters=0 oneshot_fp=1 pin_bytes=6553600/268435456
wall_s=0.219 throughput_QPS=91.18
cxl_ssd_to_dram_promote_GBps=2.522 promote_bytes=553287680 target=12.0
latency_ms mean=41.283 p50=37.455 p90=59.291 p99=90.169
recall@10=0.9650
cxl_dram_hit_pct=54.84
metrics queries=20 dram_hits=82628 ssd_misses=68054 hit_pct=54.84 promote_bytes=553287680 avg_promote_ns=3142.8 prefetch_pages=134052 evicts=0 dist=163761
hide from_win=163761 from_bounce=0 from_win_pct=100.00 hide_prec=244.32 crit_wait_ns=51878484 device_fill_ns=74057632 overlap=0.34
prefetch_use issued=56779 used=52636 page_use_pct=92.70 look_issued=0 look_used=0 look_use_pct=0.00 miss_use_pct=92.70 byte_use_pct=56.32 slot_use_pct=95.44 issue_use_pct=67.50 slots_on_pages=131412 slots_scored=125420 issue_slots=269779 issue_want=182101 scored_vec_B=130992800 nvme_read_B=231161856
issue_use_hist=[0,.2):4496 [.2,.4):9836 [.4,.6):11771 [.6,.8):14081 [.8,1]:31085
spec_beam pages=15356 ids=2260
nvme_real_GBps=1.054 occ_vs_rnd_peak=60.4% peak_GBps=1.744 page_use=92.70 slot_use=95.44 issue_use=67.50
CSV,P3,67108864,536870912,20,400,0,91.18,41.283,37.455,59.291,90.169,0.9650,54.84,82628,68054,100.00,244.32,51878484,0.34
