# spec-beam 2026-09-01T02:38:24+00:00 kernel=6.18.0-rc5
# extra_flags=--spec-beam-nbrs 8
mapped vmem /dev/vmem0 off=450971566080 len=9600069632 fd=5 prefetch=1 cache_used=4096
nbr-bundle off=9600069632 stride=28672 bytes=267.03 GiB score_page=0 look_k=0
graph-file /mnt/disk0/chukexin_motivation/serving_t2i_10m/pagebin_graph.bin
graph-in-dram bytes=1280000000 src=graph-file
vec_stride=800 (packed=800) graph_in_dram=1
mapped DRAM window anon+mbind node=1 len=1073741824 (fallback; not DAX)
P3v2 softpin W=16 budget=67108864 install_top=4 fetch_top=0 page_group_b=0 install_all=0 threads=1 per_thread_window=1 cont_batch=0 score_page=0 expand_batch=8 issue_ahead=2 min_issue_use=0.00 spec_beam_nbrs=8
loaded id-map new→old n=10000000 from /mnt/disk0/chukexin_motivation/serving_t2i_10m/new_to_old_pagebin.bin
query_select nq=20/10000 shuffle_seed=42 flush_window=0 oneshot_fp=1 oracle_dram=0 oracle_window=0 pin_entry=1 host_used=1098156 host_cap=33554432 dram_bytes=1073741824 pin_cap=268435456
hide_warm_entry ids=8192 pin_bytes=6553600/268435456
policy=P3 budget=67108864 dram_bytes=1073741824 nq=20 beam=400 k=10 iters=0 oneshot_fp=1 pin_bytes=6553600/268435456
wall_s=0.426 throughput_QPS=46.93
cxl_ssd_to_dram_promote_GBps=1.124 promote_bytes=478920704 target=12.0
latency_ms mean=21.304 p50=22.391 p90=25.708 p99=28.384
recall@10=0.9600
cxl_dram_hit_pct=14.27
metrics queries=20 dram_hits=9728 ssd_misses=58462 hit_pct=14.27 promote_bytes=478920704 avg_promote_ns=2015.1 prefetch_pages=116924 evicts=0 dist=163338
hide from_win=163338 from_bounce=0 from_win_pct=100.00 hide_prec=279.39 crit_wait_ns=24508430 device_fill_ns=30983538 overlap=0.07
prefetch_use issued=56631 used=52120 page_use_pct=92.03 look_issued=0 look_used=0 look_use_pct=0.00 miss_use_pct=92.03 byte_use_pct=56.33 slot_use_pct=94.75 issue_use_pct=68.06 slots_on_pages=132067 slots_scored=125140 issue_slots=269979 issue_want=183753 scored_vec_B=130654400 nvme_read_B=230391808
issue_use_hist=[0,.2):4426 [.2,.4):9746 [.4,.6):11294 [.6,.8):14150 [.8,1]:31695
spec_beam pages=15868 ids=2336
nvme_real_GBps=0.541 occ_vs_rnd_peak=31.0% peak_GBps=1.744 page_use=92.03 slot_use=94.75 issue_use=68.06
CSV,P3,67108864,1073741824,20,400,0,46.93,21.304,22.391,25.708,28.384,0.9600,14.27,9728,58462,100.00,279.39,24508430,0.07
