# spec-beam 2026-09-01T02:38:28+00:00 kernel=6.18.0-rc5
# extra_flags=--spec-beam-nbrs 16
mapped vmem /dev/vmem0 off=450971566080 len=9600069632 fd=5 prefetch=1 cache_used=4096
nbr-bundle off=9600069632 stride=28672 bytes=267.03 GiB score_page=0 look_k=0
graph-file /mnt/disk0/chukexin_motivation/serving_t2i_10m/pagebin_graph.bin
graph-in-dram bytes=1280000000 src=graph-file
vec_stride=800 (packed=800) graph_in_dram=1
mapped DRAM window anon+mbind node=1 len=536870912 (fallback; not DAX)
P3v2 softpin W=16 budget=67108864 install_top=4 fetch_top=0 page_group_b=0 install_all=0 threads=4 per_thread_window=1 cont_batch=0 score_page=0 expand_batch=8 issue_ahead=2 min_issue_use=0.00 spec_beam_nbrs=16
loaded id-map new→old n=10000000 from /mnt/disk0/chukexin_motivation/serving_t2i_10m/new_to_old_pagebin.bin
query_select nq=20/10000 shuffle_seed=42 flush_window=0 oneshot_fp=1 oracle_dram=0 oracle_window=0 pin_entry=1 host_used=1098156 host_cap=33554432 dram_bytes=536870912 pin_cap=268435456
hide_warm_entry ids=8192 pin_bytes=6553600/268435456
mapped DRAM window anon+mbind node=1 len=536870912 (fallback; not DAX)
mapped DRAM window anon+mbind node=1 len=536870912 (fallback; not DAX)
mapped DRAM window anon+mbind node=1 len=536870912 (fallback; not DAX)
mapped DRAM window anon+mbind node=1 len=536870912 (fallback; not DAX)
per-thread windows=4 dram_bytes=536870912 warm_before_timed=1
policy=P3 budget=67108864 dram_bytes=536870912 nq=20 beam=400 k=10 iters=0 oneshot_fp=1 pin_bytes=6553600/268435456
wall_s=0.235 throughput_QPS=85.16
cxl_ssd_to_dram_promote_GBps=2.552 promote_bytes=599441408 target=12.0
latency_ms mean=44.838 p50=35.911 p90=78.274 p99=90.054
recall@10=0.9600
cxl_dram_hit_pct=52.86
metrics queries=20 dram_hits=82628 ssd_misses=73688 hit_pct=52.86 promote_bytes=599441408 avg_promote_ns=3198.8 prefetch_pages=145320 evicts=0 dist=164760
hide from_win=164760 from_bounce=0 from_win_pct=100.00 hide_prec=226.75 crit_wait_ns=47342504 device_fill_ns=69357621 overlap=0.30
prefetch_use issued=61113 used=52716 page_use_pct=86.26 look_issued=0 look_used=0 look_use_pct=0.00 miss_use_pct=86.26 byte_use_pct=52.65 slot_use_pct=88.77 issue_use_pct=70.57 slots_on_pages=142882 slots_scored=126841 issue_slots=315746 issue_want=222818 scored_vec_B=131792000 nvme_read_B=248619008
issue_use_hist=[0,.2):4717 [.2,.4):10156 [.4,.6):12287 [.6,.8):16208 [.8,1]:40196
spec_beam pages=27587 ids=4046
nvme_real_GBps=1.059 occ_vs_rnd_peak=60.7% peak_GBps=1.744 page_use=86.26 slot_use=88.77 issue_use=70.57
CSV,P3,67108864,536870912,20,400,0,85.16,44.838,35.911,78.274,90.054,0.9600,52.86,82628,73688,100.00,226.75,47342504,0.30
