==== T=1 s5_remap_score_sib_spec16 2026-09-04T01:22:44+00:00 ====
cache_used=419430400 evictions=1276698
mapped vmem /dev/vmem0 off=977105059840 len=2048917504 fd=5 prefetch=1 cache_used=419430400
nav-graph /root/chukexin/CXL-ANNS-KX/results/paper_figs/nav_1m_10k.bin n0=10000 dim=200 R=32
id-slot-map /mnt/disk0/chukexin_motivation/serving_t2i_10m/id_to_slot_1m.bin n=1000000 (physical neighbor pairing)
vec_stride=2048 (packed=800) graph_in_dram=1 diskann=1
mapped HOST DRAM anon+mbind node=1 len=2147483648 (fallback; not DAX)
P3v2 softpin W=16 budget=67108864 install_top=4 fetch_top=0 page_group_b=0 install_all=0 threads=1 per_thread_window=0 cont_batch=0 score_page=1 expand_batch=8 issue_ahead=2 min_issue_use=0.00 spec_beam_nbrs=16 expand_sib=1 slot_map=1
loaded id-map new→old n=1000000 (file=40000000) from /mnt/disk0/chukexin_motivation/serving_t2i_10m/new_to_old_pagebin.bin
query_select nq=20/10000 shuffle_seed=42 flush_window=0 oneshot_fp=1 oracle_dram=0 oracle_window=0 pin_entry=1 host_used=1098156 host_cap=33554432 host_bytes=2147483648 dram_bytes=2147483648 pin_cap=536870912
roles host_bytes=2147483648 require_cxl_dram=0 cpu_affinity=1 per_thread_window=0 cxl_dram_dev=-
hide_warm_entry ids=8192 pin_bytes=31440896/536870912
policy=P3 budget=67108864 dram_bytes=2147483648 nq=20 beam=400 k=10 iters=0 oneshot_fp=1 pin_bytes=31440896/536870912
wall_s=0.319 throughput_QPS=62.68
cxl_ssd_to_dram_promote_GBps=1.160 promote_bytes=370163712 target=12.0
latency_ms mean=15.952 p50=13.668 p90=28.437 p99=32.752
recall@10=0.0400
cxl_dram_hit_pct=15.34
metrics queries=20 dram_hits=8192 ssd_misses=45194 hit_pct=15.34 promote_bytes=370163712 avg_promote_ns=1999.0 prefetch_pages=90356 evicts=0 dist=85190
hide from_win=85174 from_cxl_dram=0 from_bounce=16 from_win_pct=99.98 from_cxl_dram_pct=0.00 hide_prec=188.53 crit_wait_ns=9102942 device_fill_ns=25585639 overlap=0.08
prefetch_use issued=37502 used=37194 page_use_pct=99.18 look_issued=0 look_used=0 look_use_pct=0.00 miss_use_pct=99.18 byte_use_pct=44.36 slot_use_pct=99.18 issue_use_pct=0.00 slots_on_pages=75004 slots_scored=74388 issue_slots=0 issue_want=0 scored_vec_B=68136000 nvme_read_B=3018752
issue_use_hist=[0,.2):0 [.2,.4):0 [.4,.6):0 [.6,.8):0 [.8,1]:0
spec_beam pages=3852 ids=533
page_occ mean=99.18% pages=37502 0%=0.82 50%=0.00 100%=99.18 (n0=308 n50=0 n100=37194 slots=75004 used=74388)
nvme_real_GBps=0.009 occ_vs_rnd_peak=0.6% peak_GBps=1.560 page_use=99.18 slot_use=99.18 issue_use=0.00
CSV,P3,67108864,2147483648,20,400,0,62.68,15.952,13.668,28.437,32.752,0.0400,15.34,8192,45194,99.98,188.53,9102942,0.08
cache_used_after=419430400 evictions_after=1277435
