mapped vmem /dev/vmem0 off=450971566080 len=9600069632 fd=5 prefetch=1 cache_used=0
nbr-bundle off=9600069632 stride=28672 bytes=267.03 GiB score_page=0 look_k=0
graph-file /mnt/disk0/chukexin_motivation/serving_t2i_10m/pagebin_graph.bin
graph-in-dram bytes=1280000000 src=graph-file
vec_stride=800 (packed=800) graph_in_dram=1
mapped DRAM window anon+mbind node=1 len=1073741824 (fallback; not DAX)
P3v2 softpin W=16 budget=67108864 install_top=4 fetch_top=0 page_group_b=0 install_all=0 threads=4 per_thread_window=0 cont_batch=1 score_page=0 expand_batch=8 issue_ahead=2
loaded id-map new→old n=10000000 from /mnt/disk0/chukexin_motivation/serving_t2i_10m/new_to_old_pagebin.bin
query_select nq=20/10000 shuffle_seed=42 flush_window=0 oneshot_fp=1 oracle_dram=0 oracle_window=0 pin_entry=1 host_used=1098156 host_cap=33554432 dram_bytes=1073741824 pin_cap=268435456
hide_warm_entry ids=8192 pin_bytes=6553600/268435456
policy=P3 budget=67108864 dram_bytes=1073741824 nq=20 beam=400 k=10 iters=0 oneshot_fp=1 pin_bytes=7606272/268435456
wall_s=0.394 throughput_QPS=50.71
cxl_ssd_to_dram_promote_GBps=1.183 promote_bytes=466726912 target=12.0
latency_ms mean=70.319 p50=75.370 p90=87.860 p99=109.810
recall@10=0.9400
cxl_dram_hit_pct=43.80
metrics queries=20 dram_hits=44493 ssd_misses=57099 hit_pct=43.80 promote_bytes=466726912 avg_promote_ns=2588.0 prefetch_pages=113690 evicts=0 dist=167481
hide from_win=167481 from_bounce=0 from_win_pct=100.00 hide_prec=294.61 crit_wait_ns=18739944 device_fill_ns=23894520 overlap=0.06
prefetch_use issued=55011 used=53449 page_use_pct=97.16 look_issued=0 look_used=0 look_use_pct=0.00 miss_use_pct=97.16 byte_use_pct=59.46 slot_use_pct=100.00 slots_on_pages=128254 slots_scored=128253 scored_vec_B=133968800 nvme_read_B=222199808
nvme_real_GBps=0.563 occ_vs_rnd_peak=36.1% peak_GBps=1.560 page_use=97.16 slot_use=100.00
CSV,P3,67108864,1073741824,20,400,0,50.71,70.319,75.370,87.860,109.810,0.9400,43.80,44493,57099,100.00,294.61,18739944,0.06
