dump-expands results/paper_figs/expands_10m_build500.bin
mapped vmem /dev/vmem0 off=858993459200 len=20480004096 fd=6 prefetch=1 cache_used=104857600
nav-graph results/paper_figs/nav_10k.bin n0=10000 dim=200 R=32
diskann graph-file /mnt/disk0/chukexin_motivation/serving_t2i_10m/diskann_t2i_10m.graph.bin bytes=1280000000 (host N(u), no SSD ID faults)
vec_stride=2048 (packed=800) graph_in_dram=1 diskann=1
mapped HOST DRAM anon+mbind node=1 len=2147483648 (fallback; not DAX)
P3v2 softpin W=16 budget=67108864 install_top=4 fetch_top=0 page_group_b=0 install_all=0 threads=1 per_thread_window=0 cont_batch=0 score_page=0 expand_batch=4 issue_ahead=1 min_issue_use=0.00 spec_beam_nbrs=0 expand_sib=0 slot_map=0 sync_hop=0 score_cache=0 direct_install=0 stripe_fill=0
loaded id-map new→old n=10000000 (file=40000000) from /mnt/disk0/chukexin_motivation/serving_t2i_10m/new_to_old_pagebin.bin
query_select nq=500/10000 shuffle_seed=-1 query_ids=results/paper_figs/qids_build500_vs_seed42.bin first=2 last=9885 flush_window=0 oneshot_fp=1 oracle_dram=0 oracle_window=0 pin_entry=1 host_used=1501356 host_cap=33554432 host_bytes=2147483648 dram_bytes=2147483648 pin_cap=67108864
roles host_bytes=2147483648 require_cxl_dram=0 cpu_affinity=1 per_thread_window=0 cxl_dram_dev=-
policy=P3 budget=67108864 dram_bytes=2147483648 nq=500 beam=400 k=10 iters=0 oneshot_fp=1 pin_bytes=528384/67108864
wall_s=17.253 throughput_QPS=28.98
cxl_ssd_to_dram_promote_GBps=1.127 promote_bytes=19446460416 target=12.0
latency_ms mean=34.504 p50=31.047 p90=49.151 p99=131.194
recall@10=0.9308
cxl_dram_hit_pct=0.01
metrics queries=500 dram_hits=128 ssd_misses=2374115 hit_pct=0.01 promote_bytes=19446460416 avg_promote_ns=1514.9 prefetch_pages=4747112 evicts=1849827 dist=3126756
hide from_win=3126326 from_cxl_dram=0 from_bounce=430 from_cache=0 from_win_pct=99.99 from_cxl_dram_pct=0.00 hide_prec=131.71 crit_wait_ns=577506158 device_fill_ns=577506158 overlap=0.03
prefetch_use issued=1931391 used=1931391 page_use_pct=100.00 look_issued=0 look_used=0 look_use_pct=0.00 miss_use_pct=100.00 byte_use_pct=31.61 slot_use_pct=64.56 issue_use_pct=0.00 slots_on_pages=3862782 slots_scored=2493824 issue_slots=0 issue_want=0 scored_vec_B=2501004800 nvme_read_B=9644716032
issue_use_hist=[0,.2):0 [.2,.4):0 [.4,.6):0 [.6,.8):0 [.8,1]:0
spec_beam pages=0 ids=0
page_occ mean=64.56% pages=1931391 0%=0.00 50%=70.88 100%=29.12 (n0=0 n50=1368958 n100=562433 slots=3862782 used=2493824)
nvme_real_GBps=0.559 occ_vs_rnd_peak=35.8% peak_GBps=1.560 page_use=100.00 slot_use=64.56 issue_use=0.00
CSV,P3,67108864,2147483648,500,400,0,28.98,34.504,31.047,49.151,131.194,0.9308,0.01,128,2374115,99.99,131.71,577506158,0.03
