mapped vmem /dev/vmem0 off=450971566080 len=9600069632 fd=5 prefetch=1 cache_used=0
graph-file /mnt/disk0/chukexin_motivation/serving_t2i_10m/pagebin_graph.bin
graph-in-dram bytes=1280000000 src=graph-file
vec_stride=800 (packed=800) graph_in_dram=1
mapped DRAM window anon+mbind node=1 len=1073741824 (fallback; not DAX)
P3v2 softpin W=16 budget=67108864 install_top=4 fetch_top=0 page_group_b=0 install_all=0 threads=1 per_thread_window=1 cont_batch=0 score_page=1
loaded id-map new→old n=10000000 from /mnt/disk0/chukexin_motivation/serving_t2i_10m/new_to_old_pagebin.bin
query_select nq=100/10000 shuffle_seed=42 flush_window=0 oneshot_fp=1 oracle_dram=0 oracle_window=0 pin_entry=1 host_used=1165356 host_cap=33554432 dram_bytes=1073741824 pin_cap=268435456
hide_warm_entry ids=8192 pin_bytes=6553600/268435456
policy=P3 budget=67108864 dram_bytes=1073741824 nq=100 beam=400 k=10 iters=0 oneshot_fp=1 pin_bytes=6553600/268435456
wall_s=6.448 throughput_QPS=15.51
cxl_ssd_to_dram_promote_GBps=0.606 promote_bytes=3909652480 target=12.0
latency_ms mean=64.471 p50=58.820 p90=98.480 p99=160.376
recall@10=0.9530
cxl_dram_hit_pct=84.56
metrics queries=100 dram_hits=2613173 ssd_misses=477253 hit_pct=84.56 promote_bytes=3909652480 avg_promote_ns=1315.3 prefetch_pages=954504 evicts=215109 dist=2475373
hide from_win=2475372 from_bounce=1 from_win_pct=100.00 hide_prec=518.67 crit_wait_ns=79369544 device_fill_ns=83186020 overlap=0.01
prefetch_use issued=462251 used=462251 page_use_pct=100.00 look_issued=0 look_used=0 look_use_pct=0.00 miss_use_pct=100.00 byte_use_pct=104.59 slot_use_pct=100.00 slots_on_pages=1926178 slots_scored=1926178 scored_vec_B=1980218400 nvme_read_B=1864024064
nvme_real_GBps=0.289 occ_vs_rnd_peak=18.5% peak_GBps=1.560 page_use=100.00 slot_use=100.00
CSV,P3,67108864,1073741824,100,400,0,15.51,64.471,58.820,98.480,160.376,0.9530,84.56,2613173,477253,100.00,518.67,79369544,0.01
