mapped vmem /dev/vmem0 off=450971566080 len=9600069632 fd=5 prefetch=1 cache_used=0
nbr-bundle off=9600069632 stride=28672 bytes=267.03 GiB score_page=0 look_k=0
graph-file /mnt/disk0/chukexin_motivation/serving_t2i_10m/pagebin_graph.bin
graph-in-dram bytes=1280000000 src=graph-file
vec_stride=800 (packed=800) graph_in_dram=1
mapped DRAM window anon+mbind node=1 len=536870912 (fallback; not DAX)
P3v2 softpin W=16 budget=67108864 install_top=4 fetch_top=0 page_group_b=0 install_all=0 threads=2 per_thread_window=1 cont_batch=0 score_page=0 expand_batch=8 issue_ahead=2
loaded id-map new→old n=10000000 from /mnt/disk0/chukexin_motivation/serving_t2i_10m/new_to_old_pagebin.bin
query_select nq=20/10000 shuffle_seed=42 flush_window=0 oneshot_fp=1 oracle_dram=0 oracle_window=0 pin_entry=1 host_used=1098156 host_cap=33554432 dram_bytes=536870912 pin_cap=268435456
hide_warm_entry ids=8192 pin_bytes=6553600/268435456
mapped DRAM window anon+mbind node=1 len=536870912 (fallback; not DAX)
mapped DRAM window anon+mbind node=1 len=536870912 (fallback; not DAX)
per-thread windows=2 dram_bytes=536870912 warm_before_timed=1
policy=P3 budget=67108864 dram_bytes=536870912 nq=20 beam=400 k=10 iters=0 oneshot_fp=1 pin_bytes=6553600/268435456
wall_s=0.331 throughput_QPS=60.35
cxl_ssd_to_dram_promote_GBps=1.712 promote_bytes=567214080 target=12.0
latency_ms mean=25.511 p50=25.595 p90=30.838 p99=35.052
recall@10=0.9500
cxl_dram_hit_pct=39.92
metrics queries=20 dram_hits=46178 ssd_misses=69497 hit_pct=39.92 promote_bytes=567214080 avg_promote_ns=2151.2 prefetch_pages=137966 evicts=0 dist=198246
hide from_win=198246 from_bounce=0 from_win_pct=100.00 hide_prec=287.38 crit_wait_ns=35257703 device_fill_ns=49099471 overlap=0.15
prefetch_use issued=62453 used=60695 page_use_pct=97.19 look_issued=0 look_used=0 look_use_pct=0.00 miss_use_pct=97.19 byte_use_pct=61.99 slot_use_pct=100.00 slots_on_pages=149530 slots_scored=149529 scored_vec_B=158580800 nvme_read_B=252272640
nvme_real_GBps=0.761 occ_vs_rnd_peak=48.8% peak_GBps=1.560 page_use=97.19 slot_use=100.00
CSV,P3,67108864,536870912,20,400,0,60.35,25.511,25.595,30.838,35.052,0.9500,39.92,46178,69497,100.00,287.38,35257703,0.15
