# dual restage 2026-08-31T23:03:18+00:00 kernel=6.18.0-rc5 ko=/home/victoryang00/nvme-mem2nvm/host/vmem_sw.ko
REFUSE_DUAL_FORCE=1: caller accepts restage of 9.6+267 GiB
dual loaded backing_count=2 nvme=/dev/nvme1n1,/dev/nvme2n1 cache=0
===== copy pagebin =====
  pagebin 268435456/9600069632 (2.8%) 0.10 GB/s
  pagebin 536870912/9600069632 (5.6%) 0.10 GB/s
  pagebin 805306368/9600069632 (8.4%) 0.10 GB/s
  pagebin 1073741824/9600069632 (11.2%) 0.10 GB/s
  pagebin 1342177280/9600069632 (14.0%) 0.10 GB/s
  pagebin 1610612736/9600069632 (16.8%) 0.10 GB/s
  pagebin 1879048192/9600069632 (19.6%) 0.10 GB/s
  pagebin 2147483648/9600069632 (22.4%) 0.10 GB/s
  pagebin 2415919104/9600069632 (25.2%) 0.10 GB/s
  pagebin 2684354560/9600069632 (28.0%) 0.10 GB/s
  pagebin 2952790016/9600069632 (30.8%) 0.10 GB/s
  pagebin 3221225472/9600069632 (33.6%) 0.10 GB/s
  pagebin 3489660928/9600069632 (36.4%) 0.10 GB/s
  pagebin 3758096384/9600069632 (39.1%) 0.10 GB/s
  pagebin 4026531840/9600069632 (41.9%) 0.10 GB/s
  pagebin 4294967296/9600069632 (44.7%) 0.10 GB/s
  pagebin 4563402752/9600069632 (47.5%) 0.10 GB/s
  pagebin 4831838208/9600069632 (50.3%) 0.10 GB/s
  pagebin 5100273664/9600069632 (53.1%) 0.10 GB/s
  pagebin 5368709120/9600069632 (55.9%) 0.10 GB/s
  pagebin 5637144576/9600069632 (58.7%) 0.10 GB/s
  pagebin 5905580032/9600069632 (61.5%) 0.10 GB/s
  pagebin 6174015488/9600069632 (64.3%) 0.10 GB/s
  pagebin 6442450944/9600069632 (67.1%) 0.10 GB/s
  pagebin 6710886400/9600069632 (69.9%) 0.10 GB/s
  pagebin 6979321856/9600069632 (72.7%) 0.10 GB/s
  pagebin 7247757312/9600069632 (75.5%) 0.10 GB/s
  pagebin 7516192768/9600069632 (78.3%) 0.10 GB/s
  pagebin 7784628224/9600069632 (81.1%) 0.10 GB/s
  pagebin 8053063680/9600069632 (83.9%) 0.10 GB/s
  pagebin 8321499136/9600069632 (86.7%) 0.10 GB/s
  pagebin 8589934592/9600069632 (89.5%) 0.10 GB/s
  pagebin 8858370048/9600069632 (92.3%) 0.10 GB/s
  pagebin 9126805504/9600069632 (95.1%) 0.10 GB/s
  pagebin 9395240960/9600069632 (97.9%) 0.10 GB/s
  pagebin 9600069632/9600069632 (100.0%) 0.10 GB/s
msync pagebin...
DONE pagebin bytes=9600069632 off=450971566080 magic=0x314e415843
===== pack graph-order nbr bundle =====
n=10000000 R=32 packed=800 bundle_stride=28672 bytes=267.03 GiB
  bundle 65536/10000000 (0.7%)
  bundle 131072/10000000 (1.3%)
  bundle 196608/10000000 (2.0%)
  bundle 262144/10000000 (2.6%)
  bundle 327680/10000000 (3.3%)
  bundle 393216/10000000 (3.9%)
  bundle 458752/10000000 (4.6%)
  bundle 524288/10000000 (5.2%)
  bundle 589824/10000000 (5.9%)
  bundle 655360/10000000 (6.6%)
  bundle 720896/10000000 (7.2%)
  bundle 786432/10000000 (7.9%)
  bundle 851968/10000000 (8.5%)
  bundle 917504/10000000 (9.2%)
  bundle 983040/10000000 (9.8%)
  bundle 1048576/10000000 (10.5%)
  bundle 1114112/10000000 (11.1%)
  bundle 1179648/10000000 (11.8%)
  bundle 1245184/10000000 (12.5%)
  bundle 1310720/10000000 (13.1%)
  bundle 1376256/10000000 (13.8%)
  bundle 1441792/10000000 (14.4%)
  bundle 1507328/10000000 (15.1%)
  bundle 1572864/10000000 (15.7%)
  bundle 1638400/10000000 (16.4%)
  bundle 1703936/10000000 (17.0%)
  bundle 1769472/10000000 (17.7%)
  bundle 1835008/10000000 (18.4%)
  bundle 1900544/10000000 (19.0%)
  bundle 1966080/10000000 (19.7%)
  bundle 2031616/10000000 (20.3%)
  bundle 2097152/10000000 (21.0%)
  bundle 2162688/10000000 (21.6%)
  bundle 2228224/10000000 (22.3%)
  bundle 2293760/10000000 (22.9%)
  bundle 2359296/10000000 (23.6%)
  bundle 2424832/10000000 (24.2%)
  bundle 2490368/10000000 (24.9%)
  bundle 2555904/10000000 (25.6%)
  bundle 2621440/10000000 (26.2%)
  bundle 2686976/10000000 (26.9%)
  bundle 2752512/10000000 (27.5%)
  bundle 2818048/10000000 (28.2%)
  bundle 2883584/10000000 (28.8%)
  bundle 2949120/10000000 (29.5%)
  bundle 3014656/10000000 (30.1%)
  bundle 3080192/10000000 (30.8%)
  bundle 3145728/10000000 (31.5%)
  bundle 3211264/10000000 (32.1%)
  bundle 3276800/10000000 (32.8%)
  bundle 3342336/10000000 (33.4%)
  bundle 3407872/10000000 (34.1%)
  bundle 3473408/10000000 (34.7%)
  bundle 3538944/10000000 (35.4%)
  bundle 3604480/10000000 (36.0%)
  bundle 3670016/10000000 (36.7%)
  bundle 3735552/10000000 (37.4%)
  bundle 3801088/10000000 (38.0%)
  bundle 3866624/10000000 (38.7%)
  bundle 3932160/10000000 (39.3%)
  bundle 3997696/10000000 (40.0%)
  bundle 4063232/10000000 (40.6%)
  bundle 4128768/10000000 (41.3%)
  bundle 4194304/10000000 (41.9%)
  bundle 4259840/10000000 (42.6%)
  bundle 4325376/10000000 (43.3%)
  bundle 4390912/10000000 (43.9%)
  bundle 4456448/10000000 (44.6%)
  bundle 4521984/10000000 (45.2%)
  bundle 4587520/10000000 (45.9%)
  bundle 4653056/10000000 (46.5%)
  bundle 4718592/10000000 (47.2%)
  bundle 4784128/10000000 (47.8%)
  bundle 4849664/10000000 (48.5%)
  bundle 4915200/10000000 (49.2%)
  bundle 4980736/10000000 (49.8%)
  bundle 5046272/10000000 (50.5%)
  bundle 5111808/10000000 (51.1%)
  bundle 5177344/10000000 (51.8%)
  bundle 5242880/10000000 (52.4%)
  bundle 5308416/10000000 (53.1%)
  bundle 5373952/10000000 (53.7%)
  bundle 5439488/10000000 (54.4%)
  bundle 5505024/10000000 (55.1%)
  bundle 5570560/10000000 (55.7%)
  bundle 5636096/10000000 (56.4%)
  bundle 5701632/10000000 (57.0%)
  bundle 5767168/10000000 (57.7%)
  bundle 5832704/10000000 (58.3%)
  bundle 5898240/10000000 (59.0%)
  bundle 5963776/10000000 (59.6%)
  bundle 6029312/10000000 (60.3%)
  bundle 6094848/10000000 (60.9%)
  bundle 6160384/10000000 (61.6%)
  bundle 6225920/10000000 (62.3%)
  bundle 6291456/10000000 (62.9%)
  bundle 6356992/10000000 (63.6%)
  bundle 6422528/10000000 (64.2%)
  bundle 6488064/10000000 (64.9%)
  bundle 6553600/10000000 (65.5%)
  bundle 6619136/10000000 (66.2%)
  bundle 6684672/10000000 (66.8%)
  bundle 6750208/10000000 (67.5%)
  bundle 6815744/10000000 (68.2%)
  bundle 6881280/10000000 (68.8%)
  bundle 6946816/10000000 (69.5%)
  bundle 7012352/10000000 (70.1%)
  bundle 7077888/10000000 (70.8%)
  bundle 7143424/10000000 (71.4%)
  bundle 7208960/10000000 (72.1%)
  bundle 7274496/10000000 (72.7%)
  bundle 7340032/10000000 (73.4%)
  bundle 7405568/10000000 (74.1%)
  bundle 7471104/10000000 (74.7%)
  bundle 7536640/10000000 (75.4%)
  bundle 7602176/10000000 (76.0%)
  bundle 7667712/10000000 (76.7%)
  bundle 7733248/10000000 (77.3%)
  bundle 7798784/10000000 (78.0%)
  bundle 7864320/10000000 (78.6%)
  bundle 7929856/10000000 (79.3%)
  bundle 7995392/10000000 (80.0%)
  bundle 8060928/10000000 (80.6%)
  bundle 8126464/10000000 (81.3%)
  bundle 8192000/10000000 (81.9%)
  bundle 8257536/10000000 (82.6%)
  bundle 8323072/10000000 (83.2%)
  bundle 8388608/10000000 (83.9%)
  bundle 8454144/10000000 (84.5%)
  bundle 8519680/10000000 (85.2%)
  bundle 8585216/10000000 (85.9%)
  bundle 8650752/10000000 (86.5%)
  bundle 8716288/10000000 (87.2%)
  bundle 8781824/10000000 (87.8%)
  bundle 8847360/10000000 (88.5%)
  bundle 8912896/10000000 (89.1%)
  bundle 8978432/10000000 (89.8%)
  bundle 9043968/10000000 (90.4%)
  bundle 9109504/10000000 (91.1%)
  bundle 9175040/10000000 (91.8%)
  bundle 9240576/10000000 (92.4%)
  bundle 9306112/10000000 (93.1%)
  bundle 9371648/10000000 (93.7%)
  bundle 9437184/10000000 (94.4%)
  bundle 9502720/10000000 (95.0%)
  bundle 9568256/10000000 (95.7%)
  bundle 9633792/10000000 (96.3%)
  bundle 9699328/10000000 (97.0%)
  bundle 9764864/10000000 (97.6%)
  bundle 9830400/10000000 (98.3%)
  bundle 9895936/10000000 (99.0%)
  bundle 9961472/10000000 (99.6%)
  bundle 10000000/10000000 (100.0%)
msync bundle...
DONE nbr-bundle bytes=286720000000 off=460571635712
===== verify magic =====
pagebin_magic=0x314e415843 n=10000000 dim=200 R=32
DUAL_RESTAGE_OK
DONE 2026-09-01T01:27:04+00:00
