mapped vmem /dev/vmem0 off=450971566080 len=9600069632 fd=5 prefetch=1 cache_used=0
graph-file /mnt/disk0/chukexin_motivation/serving_t2i_10m/pagebin_graph.bin
graph-in-dram bytes=1280000000 src=graph-file
vec_stride=800 (packed=800) graph_in_dram=1
mapped DRAM window anon+mbind node=1 len=1073741824 (fallback; not DAX)
P3v2 softpin W=16 budget=67108864 install_top=4 fetch_top=0 page_group_b=0 install_all=0 threads=1 per_thread_window=1 cont_batch=0 score_page=1
loaded id-map new→old n=10000000 from /mnt/disk0/chukexin_motivation/serving_t2i_10m/new_to_old_pagebin.bin
query_select nq=20/10000 shuffle_seed=42 flush_window=0 oneshot_fp=1 oracle_dram=0 oracle_window=0 pin_entry=1 host_used=1098156 host_cap=33554432 dram_bytes=1073741824 pin_cap=268435456
hide_warm_entry ids=8192 pin_bytes=6553600/268435456
policy=P3 budget=67108864 dram_bytes=1073741824 nq=20 beam=400 k=10 iters=0 oneshot_fp=1 pin_bytes=6553600/268435456
wall_s=1.763 throughput_QPS=11.34
cxl_ssd_to_dram_promote_GBps=0.483 promote_bytes=852189184 target=12.0
latency_ms mean=88.100 p50=91.775 p90=119.661 p99=121.591
recall@10=0.9650
cxl_dram_hit_pct=8.55
metrics queries=20 dram_hits=9728 ssd_misses=104027 hit_pct=8.55 promote_bytes=852189184 avg_promote_ns=2129.0 prefetch_pages=208054 evicts=0 dist=494733
hide from_win=494733 from_bounce=0 from_win_pct=100.00 hide_prec=475.58 crit_wait_ns=8038693 device_fill_ns=12373337 overlap=0.01
prefetch_use issued=102427 used=102427 page_use_pct=100.00 look_issued=0 look_used=0 look_use_pct=0.00 miss_use_pct=100.00 byte_use_pct=94.33 slot_use_pct=100.00 slots_on_pages=426989 slots_scored=426989 scored_vec_B=395770400 nvme_read_B=414793728
nvme_real_GBps=0.235 occ_vs_rnd_peak=15.1% peak_GBps=1.560 page_use=100.00 slot_use=100.00
CSV,P3,67108864,1073741824,20,400,0,11.34,88.100,91.775,119.661,121.591,0.9650,8.55,9728,104027,100.00,475.58,8038693,0.01
