mapped vmem /dev/vmem0 off=450971566080 len=9600069632 fd=5 prefetch=1 cache_used=0
nbr-bundle off=9600069632 stride=28672 bytes=267.03 GiB score_page=0 look_k=0
graph-file /mnt/disk0/chukexin_motivation/serving_t2i_10m/pagebin_graph_deg.bin
graph-in-dram bytes=1280000000 src=graph-file
vec_stride=800 (packed=800) graph_in_dram=1
mapped DRAM window anon+mbind node=1 len=1073741824 (fallback; not DAX)
P3v2 softpin W=16 budget=67108864 install_top=4 fetch_top=0 page_group_b=0 install_all=0 threads=1 per_thread_window=1 cont_batch=0 score_page=0 expand_batch=8 issue_ahead=2
loaded id-map new→old n=10000000 from /mnt/disk0/chukexin_motivation/serving_t2i_10m/new_to_old_pagebin.bin
query_select nq=20/10000 shuffle_seed=42 flush_window=0 oneshot_fp=1 oracle_dram=0 oracle_window=0 prehit=1 pin_entry=1 host_used=1098156 host_cap=33554432 dram_bytes=1073741824 pin_cap=268435456
hide_warm_entry ids=8192 pin_bytes=6553600/268435456
prehit discarded pass nq=20 (fill WS; fills stay on)
prehit timed pass freeze_fills=0 pin_bytes=6553600/268435456
policy=P3 budget=67108864 dram_bytes=1073741824 nq=20 beam=400 k=10 iters=0 oneshot_fp=1 pin_bytes=6553600/268435456
wall_s=0.208 throughput_QPS=96.34
cxl_ssd_to_dram_promote_GBps=0.097 promote_bytes=20209664 target=12.0
latency_ms mean=10.323 p50=9.992 p90=13.781 p99=15.109
recall@10=0.9400
cxl_dram_hit_pct=0.00
metrics queries=20 dram_hits=0 ssd_misses=2467 hit_pct=0.00 promote_bytes=20209664 avg_promote_ns=1976.2 prefetch_pages=4934 evicts=0 dist=156535
hide from_win=156535 from_bounce=0 from_win_pct=100.00 hide_prec=6345.16 crit_wait_ns=9110870 device_fill_ns=9126758 overlap=0.04
prefetch_use issued=2467 used=2358 page_use_pct=95.58 look_issued=0 look_used=0 look_use_pct=0.00 miss_use_pct=95.58 byte_use_pct=1239.13 slot_use_pct=99.99 issue_use_pct=61.60 slots_on_pages=7724 slots_scored=7723 issue_slots=205116 issue_want=126350 scored_vec_B=125212000 nvme_read_B=9936896
nvme_real_GBps=0.048 occ_vs_rnd_peak=3.1% peak_GBps=1.560 page_use=95.58 slot_use=99.99 issue_use=61.60
CSV,P3,67108864,1073741824,20,400,0,96.34,10.323,9.992,13.781,15.109,0.9400,0.00,0,2467,100.00,6345.16,9110870,0.04
