==== hide 10M PQ e8 pipe-drive nq=100 2026-09-04T05:18:41+00:00 ====
cache_used=104857600 evictions=26251165
mapped vmem /dev/vmem0 off=1181116006400 len=20480004096 fd=5 prefetch=1 cache_used=104857600
nav-graph /root/chukexin/CXL-ANNS-KX/results/paper_figs/nav_10k.bin n0=10000 dim=200 R=32
id-slot-map /mnt/disk0/chukexin_motivation/serving_t2i_10m/id_to_slot_10m_extent.bin n=10000000 (physical neighbor pairing)
diskann graph-file /mnt/disk0/chukexin_motivation/serving_t2i_10m/diskann_t2i_10m.graph.bin bytes=1280000000 (host N(u), no SSD ID faults)
vec_stride=2048 (packed=800) graph_in_dram=1 diskann=1
mapped HOST DRAM anon+mbind node=1 len=2147483648 (fallback; not DAX)
P3v2 softpin W=16 budget=67108864 install_top=4 fetch_top=0 page_group_b=0 install_all=0 threads=1 per_thread_window=0 cont_slots=0 cont_workers=1 score_page=0 expand_batch=8 issue_ahead=1 min_issue_use=0.00 spec_beam_nbrs=0 expand_sib=0 slot_map=1 sync_hop=0 score_cache=0 direct_install=0 stripe_fill=0 extent_run=1 pipe_drive=1 pq_nav=0
loaded id-map new→old n=10000000 (file=40000000) from /mnt/disk0/chukexin_motivation/serving_t2i_10m/new_to_old_pagebin.bin
pq-nav pivots=/mnt/disk0/chukexin_motivation/pipeann_t2i10m/idx_t2i_pq_pivots.bin codes=/mnt/disk0/chukexin_motivation/pipeann_t2i10m/idx_t2i_pq_compressed.bin n=10000000 dim=200 chunks=32 permuted=1
query_select nq=100/10000 shuffle_seed=42 query_ids=- first=9377 last=5700 flush_window=0 oneshot_fp=1 oracle_dram=0 oracle_window=0 pin_entry=1 host_used=1165356 host_cap=33554432 host_bytes=2147483648 dram_bytes=2147483648 pin_cap=67108864
roles host_bytes=2147483648 require_cxl_dram=0 cpu_affinity=1 per_thread_window=0 cxl_dram_dev=-
policy=P3 budget=67108864 dram_bytes=2147483648 nq=100 beam=400 k=10 iters=0 oneshot_fp=1 pin_bytes=634880/67108864
wall_s=4.255 throughput_QPS=23.50
cxl_ssd_to_dram_promote_GBps=0.948 promote_bytes=4034207744 target=12.0
latency_ms mean=42.552 p50=39.539 p90=62.745 p99=86.460
recall@10=0.9360
cxl_dram_hit_pct=0.03
metrics queries=100 dram_hits=159 ssd_misses=492553 hit_pct=0.03 promote_bytes=4034207744 avg_promote_ns=2468.5 prefetch_pages=984665 evicts=0 dist=1264068
hide from_win=631990 from_cxl_dram=0 from_bounce=94 from_cache=0 from_win_pct=99.99 from_cxl_dram_pct=0.00 hide_prec=128.36 crit_wait_ns=164468107 device_fill_ns=164468107 overlap=0.04
prefetch_use issued=492304 used=492301 page_use_pct=100.00 look_issued=0 look_used=0 look_use_pct=0.00 miss_use_pct=100.00 byte_use_pct=25.07 slot_use_pct=61.32 issue_use_pct=0.00 slots_on_pages=984608 slots_scored=603797 issue_slots=0 issue_want=0 scored_vec_B=505587200 nvme_read_B=2001944576
issue_use_hist=[0,.2):0 [.2,.4):0 [.4,.6):0 [.6,.8):0 [.8,1]:0
spec_beam pages=0 ids=0
page_occ mean=61.32% pages=492304 0%=0.00 50%=77.35 100%=22.65 (n0=3 n50=380805 n100=111496 slots=984608 used=603797)
nvme_real_GBps=0.470 occ_vs_rnd_peak=30.2% peak_GBps=1.560 page_use=100.00 slot_use=61.32 issue_use=0.00
CSV,P3,67108864,2147483648,100,400,0,23.50,42.552,39.539,62.745,86.460,0.9360,0.03,159,492553,99.99,128.36,164468107,0.04
