==== T=1 s1_spec16_seq nq=20 2026-09-04T01:21:21+00:00 ====
cache_limit=419430400
cache_used=419430400
evictions=731719
mapped vmem /dev/vmem0 off=966367641600 len=2048917504 fd=5 prefetch=1 cache_used=419430400
nav-graph /root/chukexin/CXL-ANNS-KX/results/paper_figs/nav_1m_10k.bin n0=10000 dim=200 R=32
vec_stride=2048 (packed=800) graph_in_dram=1 diskann=1
mapped HOST DRAM anon+mbind node=1 len=2147483648 (fallback; not DAX)
P3v2 softpin W=16 budget=67108864 install_top=4 fetch_top=0 page_group_b=0 install_all=0 threads=1 per_thread_window=0 cont_batch=0 score_page=0 expand_batch=8 issue_ahead=2 min_issue_use=0.00 spec_beam_nbrs=16 expand_sib=0 slot_map=0
loaded id-map new→old n=1000000 (file=40000000) from /mnt/disk0/chukexin_motivation/serving_t2i_10m/new_to_old_pagebin.bin
query_select nq=20/10000 shuffle_seed=42 flush_window=0 oneshot_fp=1 oracle_dram=0 oracle_window=0 pin_entry=1 host_used=1098156 host_cap=33554432 host_bytes=2147483648 dram_bytes=2147483648 pin_cap=536870912
roles host_bytes=2147483648 require_cxl_dram=0 cpu_affinity=1 per_thread_window=0 cxl_dram_dev=-
hide_warm_entry ids=8192 pin_bytes=16777216/536870912
policy=P3 budget=67108864 dram_bytes=2147483648 nq=20 beam=400 k=10 iters=0 oneshot_fp=1 pin_bytes=16777216/536870912
wall_s=0.237 throughput_QPS=84.39
cxl_ssd_to_dram_promote_GBps=1.406 promote_bytes=333258752 target=12.0
latency_ms mean=11.848 p50=11.648 p90=16.150 p99=21.689
recall@10=0.0350
cxl_dram_hit_pct=16.76
metrics queries=20 dram_hits=8192 ssd_misses=40689 hit_pct=16.76 promote_bytes=333258752 avg_promote_ns=2128.1 prefetch_pages=81346 evicts=0 dist=49623
hide from_win=49607 from_cxl_dram=0 from_bounce=16 from_win_pct=99.97 from_cxl_dram_pct=0.00 hide_prec=121.97 crit_wait_ns=7799826 device_fill_ns=17186163 overlap=0.07
prefetch_use issued=36577 used=36087 page_use_pct=98.66 look_issued=0 look_used=0 look_use_pct=0.00 miss_use_pct=98.66 byte_use_pct=26.49 slot_use_pct=61.58 issue_use_pct=0.00 slots_on_pages=73154 slots_scored=45046 issue_slots=0 issue_want=0 scored_vec_B=39682400 nvme_read_B=237568
issue_use_hist=[0,.2):0 [.2,.4):0 [.4,.6):0 [.6,.8):0 [.8,1]:0
spec_beam pages=4745 ids=644
page_occ mean=61.58% pages=36577 0%=1.34 50%=74.17 100%=24.49 (n0=490 n50=27128 n100=8959 slots=73154 used=45046)
nvme_real_GBps=0.001 occ_vs_rnd_peak=0.1% peak_GBps=1.560 page_use=98.66 slot_use=61.58 issue_use=0.00
CSV,P3,67108864,2147483648,20,400,0,84.39,11.848,11.648,16.150,21.689,0.0350,16.76,8192,40689,99.97,121.97,7799826,0.07
cache_used_after=419430400
evictions_after=731777
