# Task4 T=4 true-cold 2026-08-31T02:57:02+00:00 kernel=6.18.0-rc5
# cache_used=4096 nvme=/dev/nvme2n1 bdf=0000:d9:00.0
# extra_flags=
mapped vmem /dev/vmem0 off=450971566080 len=9600069632 fd=5 prefetch=1 cache_used=4096
nbr-bundle off=9600069632 stride=28672 bytes=267.03 GiB score_page=0 look_k=0
graph-file /mnt/disk0/chukexin_motivation/serving_t2i_10m/pagebin_graph.bin
graph-in-dram bytes=1280000000 src=graph-file
vec_stride=800 (packed=800) graph_in_dram=1
mapped DRAM window anon+mbind node=1 len=536870912 (fallback; not DAX)
P3v2 softpin W=16 budget=67108864 install_top=4 fetch_top=0 page_group_b=0 install_all=0 threads=4 per_thread_window=1 cont_batch=0 score_page=0 expand_batch=8 issue_ahead=2 min_issue_use=0.00
loaded id-map new→old n=10000000 from /mnt/disk0/chukexin_motivation/serving_t2i_10m/new_to_old_pagebin.bin
query_select nq=20/10000 shuffle_seed=42 flush_window=0 oneshot_fp=1 oracle_dram=0 oracle_window=0 pin_entry=1 host_used=1098156 host_cap=33554432 dram_bytes=536870912 pin_cap=268435456
hide_warm_entry ids=8192 pin_bytes=6553600/268435456
mapped DRAM window anon+mbind node=1 len=536870912 (fallback; not DAX)
mapped DRAM window anon+mbind node=1 len=536870912 (fallback; not DAX)
mapped DRAM window anon+mbind node=1 len=536870912 (fallback; not DAX)
mapped DRAM window anon+mbind node=1 len=536870912 (fallback; not DAX)
per-thread windows=4 dram_bytes=536870912 warm_before_timed=1
policy=P3 budget=67108864 dram_bytes=536870912 nq=20 beam=400 k=10 iters=0 oneshot_fp=1 pin_bytes=6553600/268435456
wall_s=0.231 throughput_QPS=86.52
cxl_ssd_to_dram_promote_GBps=2.656 promote_bytes=613933056 target=12.0
latency_ms mean=45.263 p50=39.335 p90=68.614 p99=93.311
recall@10=0.9550
cxl_dram_hit_pct=52.27
metrics queries=20 dram_hits=82628 ssd_misses=75457 hit_pct=52.27 promote_bytes=613933056 avg_promote_ns=2734.0 prefetch_pages=148858 evicts=0 dist=200766
hide from_win=200766 from_bounce=0 from_win_pct=100.00 hide_prec=269.74 crit_wait_ns=95687006 device_fill_ns=117391210 overlap=0.51
prefetch_use issued=63930 used=62184 page_use_pct=97.27 look_issued=0 look_used=0 look_use_pct=0.00 miss_use_pct=97.27 byte_use_pct=61.33 slot_use_pct=100.00 issue_use_pct=64.54 slots_on_pages=152029 slots_scored=152028 issue_slots=252061 issue_want=162678 scored_vec_B=160596800 nvme_read_B=257802240
issue_use_hist=[0,.2):4593 [.2,.4):10195 [.4,.6):11905 [.6,.8):14028 [.8,1]:25684
nvme_real_GBps=1.115 occ_vs_rnd_peak=71.5% peak_GBps=1.560 page_use=97.27 slot_use=100.00 issue_use=64.54
CSV,P3,67108864,536870912,20,400,0,86.52,45.263,39.335,68.614,93.311,0.9550,52.27,82628,75457,100.00,269.74,95687006,0.51
