==== hub slots=8 workers=8 issue_ahead=2 nq=500 2026-09-04T05:26:37+00:00 ====
cache_used=104857600 evictions=28760244 limit=104857600
mapped vmem /dev/vmem0 off=1020054732800 len=2048917504 fd=5 prefetch=1 cache_used=104857600
nav-graph /root/chukexin/CXL-ANNS-KX/results/paper_figs/nav_1m_10k.bin n0=10000 dim=200 R=32
id-slot-map /mnt/disk0/chukexin_motivation/serving_t2i_10m/id_to_slot_1m_extent.bin n=1000000 (physical neighbor pairing)
diskann graph-file /mnt/disk0/chukexin_motivation/serving_t2i_10m/diskann_t2i_1m.graph.bin bytes=128000000 (host N(u), no SSD ID faults)
vec_stride=2048 (packed=800) graph_in_dram=1 diskann=1
mapped HOST DRAM anon+mbind node=1 len=2147483648 (fallback; not DAX)
P3v2 softpin W=16 budget=67108864 install_top=4 fetch_top=0 page_group_b=0 install_all=0 threads=1 per_thread_window=0 cont_slots=8 cont_workers=8 score_page=0 expand_batch=4 issue_ahead=2 min_issue_use=0.00 spec_beam_nbrs=0 expand_sib=0 slot_map=1 sync_hop=0 score_cache=0 direct_install=0 stripe_fill=0 extent_run=1 pipe_drive=0 pq_nav=0
loaded id-map new→old n=1000000 (file=40000000) from /mnt/disk0/chukexin_motivation/serving_t2i_10m/new_to_old_pagebin.bin
query_select nq=500/10000 shuffle_seed=-1 query_ids=/root/chukexin/CXL-ANNS-KX/results/paper_figs/qids_test500.bin first=4 last=9994 flush_window=0 oneshot_fp=1 oracle_dram=0 oracle_window=0 pin_entry=1 host_used=1501356 host_cap=33554432 host_bytes=2147483648 dram_bytes=2147483648 pin_cap=67108864
roles host_bytes=2147483648 require_cxl_dram=0 cpu_affinity=1 per_thread_window=0 cxl_dram_dev=-
cont_sched hb live=8 fin=72 ready=0 watch=8 pipe_slots=4 q=0 ix_infl=266 chunks=8027 steps=4325
cont_sched hb live=8 fin=159 ready=7 watch=1 pipe_slots=1 q=0 ix_infl=9 chunks=16599 steps=9224
cont_sched hb live=8 fin=275 ready=0 watch=5 pipe_slots=3 q=0 ix_infl=42 chunks=27181 steps=15680
cont_sched hb live=8 fin=397 ready=0 watch=8 pipe_slots=3 q=0 ix_infl=56 chunks=37454 steps=22512
cont_sched slots=8 workers=8 park_switch=24814 hub_merged=366709 issuer_chunks=45270
policy=P3 budget=67108864 dram_bytes=2147483648 nq=500 beam=400 k=10 iters=0 oneshot_fp=1 pin_bytes=0/67108864
wall_s=5.486 throughput_QPS=91.14
cxl_ssd_to_dram_promote_GBps=0.559 promote_bytes=3068923904 target=12.0
latency_ms mean=76.835 p50=71.578 p90=115.698 p99=166.116
recall@10=0.0878
cxl_dram_hit_pct=0.07
metrics queries=500 dram_hits=268 ssd_misses=374611 hit_pct=0.07 promote_bytes=3068923904 avg_promote_ns=2697.8 prefetch_pages=749008 evicts=0 dist=1244876
hide from_win=1244635 from_cxl_dram=0 from_bounce=241 from_cache=0 from_win_pct=99.98 from_cxl_dram_pct=0.00 hide_prec=332.22 crit_wait_ns=0 device_fill_ns=0 overlap=0.00
prefetch_use issued=374376 used=0 page_use_pct=0.00 look_issued=0 look_used=0 look_use_pct=0.00 miss_use_pct=0.00 byte_use_pct=64.92 slot_use_pct=82.57 issue_use_pct=0.00 slots_on_pages=748752 slots_scored=618268 issue_slots=0 issue_want=0 scored_vec_B=995500800 nvme_read_B=1522860032
issue_use_hist=[0,.2):0 [.2,.4):0 [.4,.6):0 [.6,.8):0 [.8,1]:0
spec_beam pages=0 ids=0
page_occ mean=82.57% pages=374376 0%=0.01 50%=34.84 100%=65.15 (n0=22 n50=130440 n100=243914 slots=748752 used=618268)
nvme_real_GBps=0.278 occ_vs_rnd_peak=17.8% peak_GBps=1.560 page_use=0.00 slot_use=82.57 issue_use=0.00
CSV,P3,67108864,2147483648,500,400,0,91.14,76.835,71.578,115.698,166.116,0.0878,0.07,268,374611,99.98,332.22,0,0.00
