mapped vmem /dev/vmem0 off=450971566080 len=9600069632 fd=5 prefetch=1 cache_used=0
nbr-bundle off=9600069632 stride=28672 bytes=267.03 GiB score_page=0 look_k=0
graph-file /mnt/disk0/chukexin_motivation/serving_t2i_10m/pagebin_graph.bin
graph-in-dram bytes=1280000000 src=graph-file
vec_stride=800 (packed=800) graph_in_dram=1
mapped DRAM window anon+mbind node=1 len=536870912 (fallback; not DAX)
P3v2 softpin W=16 budget=67108864 install_top=4 fetch_top=0 page_group_b=0 install_all=0 threads=4 per_thread_window=1 cont_batch=0 score_page=0 expand_batch=8 issue_ahead=2
loaded id-map new→old n=10000000 from /mnt/disk0/chukexin_motivation/serving_t2i_10m/new_to_old_pagebin.bin
query_select nq=100/10000 shuffle_seed=42 flush_window=0 oneshot_fp=1 oracle_dram=0 oracle_window=0 pin_entry=1 host_used=1165356 host_cap=33554432 dram_bytes=536870912 pin_cap=268435456
hide_warm_entry ids=8192 pin_bytes=6553600/268435456
mapped DRAM window anon+mbind node=1 len=536870912 (fallback; not DAX)
mapped DRAM window anon+mbind node=1 len=536870912 (fallback; not DAX)
mapped DRAM window anon+mbind node=1 len=536870912 (fallback; not DAX)
mapped DRAM window anon+mbind node=1 len=536870912 (fallback; not DAX)
per-thread windows=4 dram_bytes=536870912 warm_before_timed=1
policy=P3 budget=67108864 dram_bytes=536870912 nq=100 beam=400 k=10 iters=0 oneshot_fp=1 pin_bytes=6553600/268435456
wall_s=1.147 throughput_QPS=87.21
cxl_ssd_to_dram_promote_GBps=2.215 promote_bytes=2540077056 target=12.0
latency_ms mean=29.272 p50=27.713 p90=38.065 p99=45.765
recall@10=0.9410
cxl_dram_hit_pct=21.01
metrics queries=100 dram_hits=82628 ssd_misses=310582 hit_pct=21.01 promote_bytes=2540077056 avg_promote_ns=2055.2 prefetch_pages=619108 evicts=0 dist=905157
hide from_win=905157 from_bounce=0 from_win_pct=100.00 hide_prec=292.41 crit_wait_ns=221487619 device_fill_ns=240050277 overlap=0.21
prefetch_use issued=291889 used=281339 page_use_pct=96.39 look_issued=0 look_used=0 look_use_pct=0.00 miss_use_pct=96.39 byte_use_pct=60.56 slot_use_pct=100.00 slots_on_pages=656909 slots_scored=656908 scored_vec_B=724045600 nvme_read_B=1177440256
nvme_real_GBps=1.027 occ_vs_rnd_peak=65.8% peak_GBps=1.560 page_use=96.39 slot_use=100.00
CSV,P3,67108864,536870912,100,400,0,87.21,29.272,27.713,38.065,45.765,0.9410,21.01,82628,310582,100.00,292.41,221487619,0.21
