==== T=1 p7_pipe_e4a2 2026-09-04T02:31:44+00:00 ====
cache_used=419430400 evictions=3420256
mapped vmem /dev/vmem0 off=998579896320 len=2048917504 fd=5 prefetch=1 cache_used=419430400
nav-graph /root/chukexin/CXL-ANNS-KX/results/paper_figs/nav_1m_10k.bin n0=10000 dim=200 R=32
id-slot-map /mnt/disk0/chukexin_motivation/serving_t2i_10m/id_to_slot_1m_cooccur.bin n=1000000 (physical neighbor pairing)
vec_stride=2048 (packed=800) graph_in_dram=1 diskann=1
mapped HOST DRAM anon+mbind node=1 len=2147483648 (fallback; not DAX)
P3v2 softpin W=16 budget=67108864 install_top=4 fetch_top=0 page_group_b=0 install_all=0 threads=1 per_thread_window=0 cont_batch=0 score_page=0 expand_batch=4 issue_ahead=2 min_issue_use=0.00 spec_beam_nbrs=0 expand_sib=0 slot_map=1 sync_hop=0
loaded id-map new→old n=1000000 (file=40000000) from /mnt/disk0/chukexin_motivation/serving_t2i_10m/new_to_old_pagebin.bin
query_select nq=20/10000 shuffle_seed=42 flush_window=0 oneshot_fp=1 oracle_dram=0 oracle_window=0 pin_entry=1 host_used=1098156 host_cap=33554432 host_bytes=2147483648 dram_bytes=2147483648 pin_cap=536870912
roles host_bytes=2147483648 require_cxl_dram=0 cpu_affinity=1 per_thread_window=0 cxl_dram_dev=-
hide_warm_entry ids=8192 pin_bytes=31682560/536870912
policy=P3 budget=67108864 dram_bytes=2147483648 nq=20 beam=400 k=10 iters=0 oneshot_fp=1 pin_bytes=31682560/536870912
wall_s=0.204 throughput_QPS=97.93
cxl_ssd_to_dram_promote_GBps=1.372 promote_bytes=280158208 target=12.0
latency_ms mean=10.210 p50=8.925 p90=14.952 p99=21.199
recall@10=0.0350
cxl_dram_hit_pct=19.32
metrics queries=20 dram_hits=8192 ssd_misses=34207 hit_pct=19.32 promote_bytes=280158208 avg_promote_ns=1888.6 prefetch_pages=68382 evicts=0 dist=52711
hide from_win=52695 from_cxl_dram=0 from_bounce=16 from_win_pct=99.97 from_cxl_dram_pct=0.00 hide_prec=154.12 crit_wait_ns=13831199 device_fill_ns=28681008 overlap=0.14
prefetch_use issued=26456 used=26456 page_use_pct=100.00 look_issued=0 look_used=0 look_use_pct=0.00 miss_use_pct=100.00 byte_use_pct=38.90 slot_use_pct=88.86 issue_use_pct=0.00 slots_on_pages=52912 slots_scored=47015 issue_slots=0 issue_want=0 scored_vec_B=42152800 nvme_read_B=1589248
issue_use_hist=[0,.2):0 [.2,.4):0 [.4,.6):0 [.6,.8):0 [.8,1]:0
spec_beam pages=0 ids=0
page_occ mean=88.86% pages=26456 0%=0.00 50%=22.29 100%=77.71 (n0=0 n50=5897 n100=20559 slots=52912 used=47015)
nvme_real_GBps=0.008 occ_vs_rnd_peak=0.5% peak_GBps=1.560 page_use=100.00 slot_use=88.86 issue_use=0.00
CSV,P3,67108864,2147483648,20,400,0,97.93,10.210,8.925,14.952,21.199,0.0350,19.32,8192,34207,99.97,154.12,13831199,0.14
