# T=1 r2 true-cold 2026-08-31T22:55:17+00:00
# cache_used=0
mapped vmem /dev/vmem0 off=450971566080 len=9600069632 fd=5 prefetch=1 cache_used=0
nbr-bundle off=9600069632 stride=28672 bytes=267.03 GiB score_page=0 look_k=0
graph-file /mnt/disk0/chukexin_motivation/serving_t2i_10m/pagebin_graph.bin
graph-in-dram bytes=1280000000 src=graph-file
vec_stride=800 (packed=800) graph_in_dram=1
mapped DRAM window anon+mbind node=1 len=1073741824 (fallback; not DAX)
P3v2 softpin W=16 budget=67108864 install_top=4 fetch_top=0 page_group_b=0 install_all=0 threads=1 per_thread_window=1 cont_batch=0 score_page=0 expand_batch=8 issue_ahead=2 min_issue_use=0.00
loaded id-map new→old n=10000000 from /mnt/disk0/chukexin_motivation/serving_t2i_10m/new_to_old_pagebin.bin
query_select nq=20/10000 shuffle_seed=42 flush_window=0 oneshot_fp=1 oracle_dram=0 oracle_window=0 pin_entry=1 host_used=1098156 host_cap=33554432 dram_bytes=1073741824 pin_cap=268435456
hide_warm_entry ids=8192 pin_bytes=6553600/268435456
policy=P3 budget=67108864 dram_bytes=1073741824 nq=20 beam=400 k=10 iters=0 oneshot_fp=1 pin_bytes=6553600/268435456
wall_s=0.454 throughput_QPS=44.01
cxl_ssd_to_dram_promote_GBps=1.095 promote_bytes=497532928 target=12.0
latency_ms mean=22.718 p50=21.989 p90=26.928 p99=33.984
recall@10=0.9550
cxl_dram_hit_pct=13.81
metrics queries=20 dram_hits=9728 ssd_misses=60734 hit_pct=13.81 promote_bytes=497532928 avg_promote_ns=2218.9 prefetch_pages=121468 evicts=0 dist=182468
hide from_win=182468 from_bounce=0 from_win_pct=100.00 hide_prec=300.44 crit_wait_ns=27424777 device_fill_ns=33351916 overlap=0.07
prefetch_use issued=58903 used=57193 page_use_pct=97.10 look_issued=0 look_used=0 look_use_pct=0.00 miss_use_pct=97.10 byte_use_pct=60.50 slot_use_pct=100.00 issue_use_pct=63.93 slots_on_pages=138833 slots_scored=138832 issue_slots=231333 issue_want=147892 scored_vec_B=145958400 nvme_read_B=237826048
issue_use_hist=[0,.2):4298 [.2,.4):9671 [.4,.6):11047 [.6,.8):12746 [.8,1]:23166
nvme_real_GBps=0.523 occ_vs_rnd_peak=33.5% peak_GBps=1.560 page_use=97.10 slot_use=100.00 issue_use=63.93
CSV,P3,67108864,1073741824,20,400,0,44.01,22.718,21.989,26.928,33.984,0.9550,13.81,9728,60734,100.00,300.44,27424777,0.07
