mapped vmem /dev/vmem0 off=450971566080 len=9600069632 fd=5 prefetch=1 cache_used=0
graph-file /mnt/disk0/chukexin_motivation/serving_t2i_10m/pagebin_graph.bin
graph-in-dram bytes=1280000000 src=graph-file
vec_stride=800 (packed=800) graph_in_dram=1
mapped DRAM window anon+mbind node=1 len=1073741824 (fallback; not DAX)
P3v2 softpin W=16 budget=67108864 install_top=4 fetch_top=0 page_group_b=0 install_all=0 threads=1 per_thread_window=1 cont_batch=0
loaded id-map new→old n=10000000 from /mnt/disk0/chukexin_motivation/serving_t2i_10m/new_to_old_pagebin.bin
query_select nq=20/10000 shuffle_seed=42 flush_window=0 oneshot_fp=1 oracle_dram=0 oracle_window=0 pin_entry=1 host_used=1098156 host_cap=33554432 dram_bytes=1073741824 pin_cap=268435456
hide_warm_entry ids=8192 pin_bytes=6553600/268435456
policy=P3 budget=67108864 dram_bytes=1073741824 nq=20 beam=400 k=10 iters=0 oneshot_fp=1 pin_bytes=6553600/268435456
wall_s=0.637 throughput_QPS=31.40
cxl_ssd_to_dram_promote_GBps=1.408 promote_bytes=896368640 target=12.0
latency_ms mean=31.809 p50=33.117 p90=42.025 p99=54.056
recall@10=0.9550
cxl_dram_hit_pct=62.55
metrics queries=20 dram_hits=182789 ssd_misses=109420 hit_pct=62.55 promote_bytes=896368640 avg_promote_ns=1969.5 prefetch_pages=218840 evicts=0 dist=145826
hide from_win=145826 from_bounce=0 from_win_pct=100.00 hide_prec=133.27 crit_wait_ns=17932644 device_fill_ns=22604265 overlap=0.04
prefetch_use issued=107820 used=107820 page_use_pct=100.00 look_issued=0 look_used=0 look_use_pct=0.00 miss_use_pct=100.00 byte_use_pct=26.41 scored_vec_B=116644800 nvme_read_B=436588544
nvme_real_GBps=0.686 occ_vs_rnd_peak=43.9% peak_GBps=1.560 page_use=100.00
CSV,P3,67108864,1073741824,20,400,0,31.40,31.809,33.117,42.025,54.056,0.9550,62.55,182789,109420,100.00,133.27,17932644,0.04
