==== T=1 s12_ws_warm 2026-09-04T01:50:20+00:00 ====
mapped vmem /dev/vmem0 off=1009317314560 len=2048917504 fd=5 prefetch=1 cache_used=419430400
nav-graph /root/chukexin/CXL-ANNS-KX/results/paper_figs/nav_1m_10k.bin n0=10000 dim=200 R=32
id-slot-map /mnt/disk0/chukexin_motivation/serving_t2i_10m/id_to_slot_1m_wsprefix.bin n=1000000 (physical neighbor pairing)
vec_stride=2048 (packed=800) graph_in_dram=1 diskann=1
mapped HOST DRAM anon+mbind node=1 len=2147483648 (fallback; not DAX)
P3v2 softpin W=16 budget=67108864 install_top=4 fetch_top=0 page_group_b=0 install_all=0 threads=1 per_thread_window=0 cont_batch=0 score_page=0 expand_batch=8 issue_ahead=2 min_issue_use=0.00 spec_beam_nbrs=0 expand_sib=0 slot_map=1
loaded id-map new→old n=1000000 (file=40000000) from /mnt/disk0/chukexin_motivation/serving_t2i_10m/new_to_old_pagebin.bin
query_select nq=20/10000 shuffle_seed=42 flush_window=0 oneshot_fp=1 oracle_dram=0 oracle_window=0 pin_entry=1 host_used=1098156 host_cap=33554432 host_bytes=2147483648 dram_bytes=2147483648 pin_cap=536870912
roles host_bytes=2147483648 require_cxl_dram=0 cpu_affinity=1 per_thread_window=0 cxl_dram_dev=-
hide_warm_entry ids=8192 pin_bytes=31682560/536870912
policy=P3 budget=67108864 dram_bytes=2147483648 nq=20 beam=400 k=10 iters=0 oneshot_fp=1 pin_bytes=31682560/536870912
wall_s=1.034 throughput_QPS=19.35
cxl_ssd_to_dram_promote_GBps=0.257 promote_bytes=265691136 target=12.0
latency_ms mean=51.683 p50=52.170 p90=66.783 p99=93.537
recall@10=0.0350
cxl_dram_hit_pct=20.16
metrics queries=20 dram_hits=8192 ssd_misses=32441 hit_pct=20.16 promote_bytes=265691136 avg_promote_ns=2787.9 prefetch_pages=64850 evicts=0 dist=50182
hide from_win=50166 from_cxl_dram=0 from_bounce=16 from_win_pct=99.97 from_cxl_dram_pct=0.00 hide_prec=154.71 crit_wait_ns=56202838 device_fill_ns=166644217 overlap=0.16
prefetch_use issued=24690 used=24690 page_use_pct=100.00 look_issued=0 look_used=0 look_use_pct=0.00 miss_use_pct=100.00 byte_use_pct=39.68 slot_use_pct=91.26 issue_use_pct=0.00 slots_on_pages=49380 slots_scored=45066 issue_slots=0 issue_want=0 scored_vec_B=40129600 nvme_read_B=100593664
issue_use_hist=[0,.2):0 [.2,.4):0 [.4,.6):0 [.6,.8):0 [.8,1]:0
spec_beam pages=0 ids=0
page_occ mean=91.26% pages=24690 0%=0.00 50%=17.47 100%=82.53 (n0=0 n50=4314 n100=20376 slots=49380 used=45066)
nvme_real_GBps=0.097 occ_vs_rnd_peak=6.2% peak_GBps=1.560 page_use=100.00 slot_use=91.26 issue_use=0.00
CSV,P3,67108864,2147483648,20,400,0,19.35,51.683,52.170,66.783,93.537,0.0350,20.16,8192,32441,99.97,154.71,56202838,0.16
