mapped vmem /dev/vmem0 off=450971566080 len=9600069632 fd=5 prefetch=1 cache_used=0
nbr-bundle off=9600069632 stride=28672 bytes=267.03 GiB score_page=0 look_k=0
graph-file /mnt/disk0/chukexin_motivation/serving_t2i_10m/pagebin_graph_deg.bin
graph-in-dram bytes=1280000000 src=graph-file
vec_stride=800 (packed=800) graph_in_dram=1
mapped DRAM window anon+mbind node=1 len=1073741824 (fallback; not DAX)
P3v2 softpin W=16 budget=67108864 install_top=4 fetch_top=0 page_group_b=0 install_all=0 threads=4 per_thread_window=1 cont_batch=0 score_page=0 expand_batch=8 issue_ahead=2
loaded id-map new→old n=10000000 from /mnt/disk0/chukexin_motivation/serving_t2i_10m/new_to_old_pagebin.bin
query_select nq=20/10000 shuffle_seed=42 flush_window=0 oneshot_fp=1 oracle_dram=0 oracle_window=0 prehit=0 pin_entry=1 host_used=1098156 host_cap=33554432 dram_bytes=1073741824 pin_cap=268435456
hide_warm_entry ids=8192 pin_bytes=6553600/268435456
mapped DRAM window anon+mbind node=1 len=1073741824 (fallback; not DAX)
mapped DRAM window anon+mbind node=1 len=1073741824 (fallback; not DAX)
mapped DRAM window anon+mbind node=1 len=1073741824 (fallback; not DAX)
mapped DRAM window anon+mbind node=1 len=1073741824 (fallback; not DAX)
per-thread windows=4 dram_bytes=1073741824 warm_before_timed=1
policy=P3 budget=67108864 dram_bytes=1073741824 nq=20 beam=400 k=10 iters=0 oneshot_fp=1 pin_bytes=6553600/268435456
wall_s=0.266 throughput_QPS=75.19
cxl_ssd_to_dram_promote_GBps=2.316 promote_bytes=616177664 target=12.0
latency_ms mean=37.161 p50=36.260 p90=60.018 p99=62.979
recall@10=0.9450
cxl_dram_hit_pct=52.18
metrics queries=20 dram_hits=82628 ssd_misses=75731 hit_pct=52.18 promote_bytes=616177664 avg_promote_ns=2419.2 prefetch_pages=149406 evicts=0 dist=195592
hide from_win=195592 from_bounce=0 from_win_pct=100.00 hide_prec=261.83 crit_wait_ns=72124142 device_fill_ns=91781059 overlap=0.35
prefetch_use issued=64184 used=62334 page_use_pct=97.12 look_issued=0 look_used=0 look_use_pct=0.00 miss_use_pct=97.12 byte_use_pct=59.51 slot_use_pct=100.00 issue_use_pct=63.85 slots_on_pages=146754 slots_scored=146753 issue_slots=247280 issue_want=157877 scored_vec_B=156457600 nvme_read_B=258895872
nvme_real_GBps=0.973 occ_vs_rnd_peak=62.4% peak_GBps=1.560 page_use=97.12 slot_use=100.00 issue_use=63.85
CSV,P3,67108864,1073741824,20,400,0,75.19,37.161,36.260,60.018,62.979,0.9450,52.18,82628,75731,100.00,261.83,72124142,0.35
