==== T=1 e8a2 nq=20 2026-09-04T00:48:45+00:00 ====
cache_used=419430400 evictions=726444
mapped vmem /dev/vmem0 off=966367641600 len=2048917504 fd=5 prefetch=1 cache_used=419430400
nav-graph /root/chukexin/CXL-ANNS-KX/results/paper_figs/nav_1m_10k.bin n0=10000 dim=200 R=32
vec_stride=2048 (packed=800) graph_in_dram=1 diskann=1
mapped HOST DRAM anon+mbind node=1 len=2147483648 (fallback; not DAX)
P3v2 softpin W=16 budget=67108864 install_top=4 fetch_top=0 page_group_b=0 install_all=0 threads=1 per_thread_window=0 cont_batch=0 score_page=0 expand_batch=8 issue_ahead=2 min_issue_use=0.00 spec_beam_nbrs=0 page_pick=0
loaded id-map new→old n=1000000 (file=40000000) from /mnt/disk0/chukexin_motivation/serving_t2i_10m/new_to_old_pagebin.bin
query_select nq=20/10000 shuffle_seed=42 flush_window=0 oneshot_fp=1 oracle_dram=0 oracle_window=0 pin_entry=1 host_used=1098156 host_cap=33554432 host_bytes=2147483648 dram_bytes=2147483648 pin_cap=536870912
roles host_bytes=2147483648 require_cxl_dram=0 cpu_affinity=1 per_thread_window=0 cxl_dram_dev=-
hide_warm_entry ids=8192 pin_bytes=16777216/536870912
policy=P3 budget=67108864 dram_bytes=2147483648 nq=20 beam=400 k=10 iters=0 oneshot_fp=1 pin_bytes=16777216/536870912
wall_s=0.269 throughput_QPS=74.45
cxl_ssd_to_dram_promote_GBps=1.343 promote_bytes=360783872 target=12.0
latency_ms mean=13.430 p50=11.744 p90=20.640 p99=23.520
recall@10=0.0350
cxl_dram_hit_pct=15.68
metrics queries=20 dram_hits=8192 ssd_misses=44049 hit_pct=15.68 promote_bytes=360783872 avg_promote_ns=1812.1 prefetch_pages=88066 evicts=0 dist=57201
hide from_win=57185 from_cxl_dram=0 from_bounce=16 from_win_pct=99.97 from_cxl_dram_pct=0.00 hide_prec=129.87 crit_wait_ns=20697831 device_fill_ns=29006422 overlap=0.11
prefetch_use issued=39937 used=39937 page_use_pct=100.00 look_issued=0 look_used=0 look_use_pct=0.00 miss_use_pct=100.00 byte_use_pct=27.96 slot_use_pct=64.08 issue_use_pct=55.86 slots_on_pages=79874 slots_scored=51183 issue_slots=101870 issue_want=56904 scored_vec_B=45744800 nvme_read_B=4419584
issue_use_hist=[0,.2):0 [.2,.4):0 [.4,.6):44966 [.6,.8):0 [.8,1]:5969
spec_beam pages=0 ids=0
nvme_real_GBps=0.016 occ_vs_rnd_peak=1.1% peak_GBps=1.560 page_use=100.00 slot_use=64.08 issue_use=55.86
CSV,P3,67108864,2147483648,20,400,0,74.45,13.430,11.744,20.640,23.520,0.0350,15.68,8192,44049,99.97,129.87,20697831,0.11
cache_used_after=419430400 evictions_after=727523
