mapped vmem /dev/vmem0 off=450971566080 len=9600069632 fd=5 prefetch=1 cache_used=0
nbr-bundle off=9600069632 stride=28672 bytes=267.03 GiB score_page=0 look_k=0
graph-file /mnt/disk0/chukexin_motivation/serving_t2i_10m/pagebin_graph.bin
graph-in-dram bytes=1280000000 src=graph-file
vec_stride=800 (packed=800) graph_in_dram=1
mapped DRAM window anon+mbind node=1 len=536870912 (fallback; not DAX)
P3v2 softpin W=16 budget=67108864 install_top=4 fetch_top=0 page_group_b=0 install_all=0 threads=8 per_thread_window=1 cont_batch=0 score_page=0 expand_batch=8 issue_ahead=2
loaded id-map new→old n=10000000 from /mnt/disk0/chukexin_motivation/serving_t2i_10m/new_to_old_pagebin.bin
query_select nq=100/10000 shuffle_seed=42 flush_window=0 oneshot_fp=1 oracle_dram=0 oracle_window=0 pin_entry=1 host_used=1165356 host_cap=33554432 dram_bytes=536870912 pin_cap=268435456
hide_warm_entry ids=8192 pin_bytes=6553600/268435456
mapped DRAM window anon+mbind node=1 len=536870912 (fallback; not DAX)
mapped DRAM window anon+mbind node=1 len=536870912 (fallback; not DAX)
mapped DRAM window anon+mbind node=1 len=536870912 (fallback; not DAX)
mapped DRAM window anon+mbind node=1 len=536870912 (fallback; not DAX)
mapped DRAM window anon+mbind node=1 len=536870912 (fallback; not DAX)
mapped DRAM window anon+mbind node=1 len=536870912 (fallback; not DAX)
mapped DRAM window anon+mbind node=1 len=536870912 (fallback; not DAX)
mapped DRAM window anon+mbind node=1 len=536870912 (fallback; not DAX)
per-thread windows=8 dram_bytes=536870912 warm_before_timed=1
policy=P3 budget=67108864 dram_bytes=536870912 nq=100 beam=400 k=10 iters=0 oneshot_fp=1 pin_bytes=6553600/268435456
wall_s=1.446 throughput_QPS=69.14
cxl_ssd_to_dram_promote_GBps=1.819 promote_bytes=2630975488 target=12.0
latency_ms mean=75.517 p50=71.067 p90=113.531 p99=153.905
recall@10=0.9450
cxl_dram_hit_pct=32.56
metrics queries=100 dram_hits=155528 ssd_misses=322192 hit_pct=32.56 promote_bytes=2630975488 avg_promote_ns=2374.8 prefetch_pages=640272 evicts=0 dist=907958
hide from_win=907958 from_bounce=0 from_win_pct=100.00 hide_prec=283.62 crit_wait_ns=1680177889 device_fill_ns=1718769873 overlap=1.19
prefetch_use issued=292871 used=282072 page_use_pct=96.31 look_issued=0 look_used=0 look_use_pct=0.00 miss_use_pct=96.31 byte_use_pct=60.54 slot_use_pct=100.00 slots_on_pages=657327 slots_scored=657326 scored_vec_B=726286400 nvme_read_B=1181192192
nvme_real_GBps=0.817 occ_vs_rnd_peak=52.3% peak_GBps=1.560 page_use=96.31 slot_use=100.00
CSV,P3,67108864,536870912,100,400,0,69.14,75.517,71.067,113.531,153.905,0.9450,32.56,155528,322192,100.00,283.62,1680177889,1.19
