==== T=1 s8_coex_spec16 2026-09-04T01:24:17+00:00 ====
mapped vmem /dev/vmem0 off=987842478080 len=2048917504 fd=5 prefetch=1 cache_used=419430400
nav-graph /root/chukexin/CXL-ANNS-KX/results/paper_figs/nav_1m_10k.bin n0=10000 dim=200 R=32
id-slot-map /mnt/disk0/chukexin_motivation/serving_t2i_10m/id_to_slot_1m_coexpand.bin n=1000000 (physical neighbor pairing)
vec_stride=2048 (packed=800) graph_in_dram=1 diskann=1
mapped HOST DRAM anon+mbind node=1 len=2147483648 (fallback; not DAX)
P3v2 softpin W=16 budget=67108864 install_top=4 fetch_top=0 page_group_b=0 install_all=0 threads=1 per_thread_window=0 cont_batch=0 score_page=0 expand_batch=8 issue_ahead=2 min_issue_use=0.00 spec_beam_nbrs=16 expand_sib=0 slot_map=1
loaded id-map new→old n=1000000 (file=40000000) from /mnt/disk0/chukexin_motivation/serving_t2i_10m/new_to_old_pagebin.bin
query_select nq=20/10000 shuffle_seed=42 flush_window=0 oneshot_fp=1 oracle_dram=0 oracle_window=0 pin_entry=1 host_used=1098156 host_cap=33554432 host_bytes=2147483648 dram_bytes=2147483648 pin_cap=536870912
roles host_bytes=2147483648 require_cxl_dram=0 cpu_affinity=1 per_thread_window=0 cxl_dram_dev=-
hide_warm_entry ids=8192 pin_bytes=17063936/536870912
policy=P3 budget=67108864 dram_bytes=2147483648 nq=20 beam=400 k=10 iters=0 oneshot_fp=1 pin_bytes=17063936/536870912
wall_s=0.260 throughput_QPS=76.97
cxl_ssd_to_dram_promote_GBps=1.284 promote_bytes=333660160 target=12.0
latency_ms mean=12.990 p50=11.723 p90=22.022 p99=24.868
recall@10=0.0350
cxl_dram_hit_pct=16.74
metrics queries=20 dram_hits=8192 ssd_misses=40738 hit_pct=16.74 promote_bytes=333660160 avg_promote_ns=1990.7 prefetch_pages=81444 evicts=0 dist=49628
hide from_win=49612 from_cxl_dram=0 from_bounce=16 from_win_pct=99.97 from_cxl_dram_pct=0.00 hide_prec=121.83 crit_wait_ns=9571696 device_fill_ns=18835695 overlap=0.07
prefetch_use issued=36556 used=35938 page_use_pct=98.31 look_issued=0 look_used=0 look_use_pct=0.00 miss_use_pct=98.31 byte_use_pct=26.50 slot_use_pct=61.69 issue_use_pct=0.00 slots_on_pages=73112 slots_scored=45105 issue_slots=0 issue_want=0 scored_vec_B=39686400 nvme_read_B=1724416
issue_use_hist=[0,.2):0 [.2,.4):0 [.4,.6):0 [.6,.8):0 [.8,1]:0
spec_beam pages=5260 ids=687
page_occ mean=61.69% pages=36556 0%=1.69 50%=73.23 100%=25.08 (n0=618 n50=26771 n100=9167 slots=73112 used=45105)
nvme_real_GBps=0.007 occ_vs_rnd_peak=0.4% peak_GBps=1.560 page_use=98.31 slot_use=61.69 issue_use=0.00
CSV,P3,67108864,2147483648,20,400,0,76.97,12.990,11.723,22.022,24.868,0.0350,16.74,8192,40738,99.97,121.83,9571696,0.07
