# layout restore T=1 true-cold 2026-08-31T23:02:40+00:00 kernel=6.18.0-rc5
# cache_used=4096 nvme=/dev/nvme2n1
mapped vmem /dev/vmem0 off=450971566080 len=9600069632 fd=5 prefetch=1 cache_used=4096
nbr-bundle off=9600069632 stride=28672 bytes=267.03 GiB score_page=0 look_k=0
graph-file /mnt/disk0/chukexin_motivation/serving_t2i_10m/pagebin_graph.bin
graph-in-dram bytes=1280000000 src=graph-file
vec_stride=800 (packed=800) graph_in_dram=1
mapped DRAM window anon+mbind node=1 len=1073741824 (fallback; not DAX)
P3v2 softpin W=16 budget=67108864 install_top=4 fetch_top=0 page_group_b=0 install_all=0 threads=1 per_thread_window=1 cont_batch=0 score_page=0 expand_batch=8 issue_ahead=2 min_issue_use=0.00
loaded id-map new→old n=10000000 from /mnt/disk0/chukexin_motivation/serving_t2i_10m/new_to_old_pagebin.bin
query_select nq=20/10000 shuffle_seed=42 flush_window=0 oneshot_fp=1 oracle_dram=0 oracle_window=0 pin_entry=1 host_used=1098156 host_cap=33554432 dram_bytes=1073741824 pin_cap=268435456
hide_warm_entry ids=8192 pin_bytes=6553600/268435456
policy=P3 budget=67108864 dram_bytes=1073741824 nq=20 beam=400 k=10 iters=0 oneshot_fp=1 pin_bytes=6553600/268435456
wall_s=0.419 throughput_QPS=47.77
cxl_ssd_to_dram_promote_GBps=1.195 promote_bytes=500187136 target=12.0
latency_ms mean=20.933 p50=20.018 p90=25.940 p99=28.847
recall@10=0.9450
cxl_dram_hit_pct=13.74
metrics queries=20 dram_hits=9728 ssd_misses=61058 hit_pct=13.74 promote_bytes=500187136 avg_promote_ns=1840.2 prefetch_pages=122116 evicts=0 dist=183375
hide from_win=183375 from_bounce=0 from_win_pct=100.00 hide_prec=300.33 crit_wait_ns=27585983 device_fill_ns=35543007 overlap=0.08
prefetch_use issued=59227 used=57503 page_use_pct=97.09 look_issued=0 look_used=0 look_use_pct=0.00 miss_use_pct=97.09 byte_use_pct=60.46 slot_use_pct=100.00 issue_use_pct=63.95 slots_on_pages=139706 slots_scored=139705 issue_slots=232388 issue_want=148613 scored_vec_B=146684000 nvme_read_B=238956544
issue_use_hist=[0,.2):4315 [.2,.4):9658 [.4,.6):11147 [.6,.8):12910 [.8,1]:23192
nvme_real_GBps=0.571 occ_vs_rnd_peak=36.6% peak_GBps=1.560 page_use=97.09 slot_use=100.00 issue_use=63.95
CSV,P3,67108864,1073741824,20,400,0,47.77,20.933,20.018,25.940,28.847,0.9450,13.74,9728,61058,100.00,300.33,27585983,0.08
