==== hide 10M T=1 e4a1_extent nq=20 2026-09-04T04:34:38+00:00 ====
cache_used=104857600 limit=104857600 off=1181116006400
mapped vmem /dev/vmem0 off=1181116006400 len=20480004096 fd=5 prefetch=1 cache_used=104857600
nav-graph /root/chukexin/CXL-ANNS-KX/results/paper_figs/nav_10k.bin n0=10000 dim=200 R=32
id-slot-map /mnt/disk0/chukexin_motivation/serving_t2i_10m/id_to_slot_10m_extent.bin n=10000000 (physical neighbor pairing)
diskann graph-file /mnt/disk0/chukexin_motivation/serving_t2i_10m/diskann_t2i_10m.graph.bin bytes=1280000000 (host N(u), no SSD ID faults)
vec_stride=2048 (packed=800) graph_in_dram=1 diskann=1
mapped HOST DRAM anon+mbind node=1 len=2147483648 (fallback; not DAX)
P3v2 softpin W=16 budget=67108864 install_top=4 fetch_top=0 page_group_b=0 install_all=0 threads=1 per_thread_window=0 cont_batch=0 score_page=0 expand_batch=4 issue_ahead=1 min_issue_use=0.00 spec_beam_nbrs=0 expand_sib=0 slot_map=1 sync_hop=0 score_cache=0 direct_install=0 stripe_fill=0
loaded id-map new→old n=10000000 (file=40000000) from /mnt/disk0/chukexin_motivation/serving_t2i_10m/new_to_old_pagebin.bin
query_select nq=20/10000 shuffle_seed=42 query_ids=- first=9377 last=9294 flush_window=0 oneshot_fp=1 oracle_dram=0 oracle_window=0 pin_entry=1 host_used=1098156 host_cap=33554432 host_bytes=2147483648 dram_bytes=2147483648 pin_cap=67108864
roles host_bytes=2147483648 require_cxl_dram=0 cpu_affinity=1 per_thread_window=0 cxl_dram_dev=-
policy=P3 budget=67108864 dram_bytes=2147483648 nq=20 beam=400 k=10 iters=0 oneshot_fp=1 pin_bytes=634880/67108864
wall_s=1.448 throughput_QPS=13.81
cxl_ssd_to_dram_promote_GBps=0.631 promote_bytes=913924096 target=12.0
latency_ms mean=72.403 p50=42.305 p90=113.259 p99=391.035
recall@10=0.9550
cxl_dram_hit_pct=0.09
metrics queries=20 dram_hits=102 ssd_misses=111650 hit_pct=0.09 promote_bytes=913924096 avg_promote_ns=3076.6 prefetch_pages=222952 evicts=0 dist=138348
hide from_win=138329 from_cxl_dram=0 from_bounce=19 from_cache=0 from_win_pct=99.99 from_cxl_dram_pct=0.00 hide_prec=124.09 crit_wait_ns=113164858 device_fill_ns=113164858 overlap=0.08
prefetch_use issued=111476 used=111476 page_use_pct=100.00 look_issued=0 look_used=0 look_use_pct=0.00 miss_use_pct=100.00 byte_use_pct=24.24 slot_use_pct=60.14 issue_use_pct=0.00 slots_on_pages=222952 slots_scored=134075 issue_slots=0 issue_want=0 scored_vec_B=110662400 nvme_read_B=453697536
issue_use_hist=[0,.2):0 [.2,.4):0 [.4,.6):0 [.6,.8):0 [.8,1]:0
spec_beam pages=0 ids=0
page_occ mean=60.14% pages=111476 0%=0.00 50%=79.73 100%=20.27 (n0=0 n50=88877 n100=22599 slots=222952 used=134075)
nvme_real_GBps=0.313 occ_vs_rnd_peak=20.1% peak_GBps=1.560 page_use=100.00 slot_use=60.14 issue_use=0.00
CSV,P3,67108864,2147483648,20,400,0,13.81,72.403,42.305,113.259,391.035,0.9550,0.09,102,111650,99.99,124.09,113164858,0.08
