# spec-beam 2026-09-01T02:38:29+00:00 kernel=6.18.0-rc5
# extra_flags=--spec-beam-nbrs 32
mapped vmem /dev/vmem0 off=450971566080 len=9600069632 fd=5 prefetch=1 cache_used=4096
nbr-bundle off=9600069632 stride=28672 bytes=267.03 GiB score_page=0 look_k=0
graph-file /mnt/disk0/chukexin_motivation/serving_t2i_10m/pagebin_graph.bin
graph-in-dram bytes=1280000000 src=graph-file
vec_stride=800 (packed=800) graph_in_dram=1
mapped DRAM window anon+mbind node=1 len=536870912 (fallback; not DAX)
P3v2 softpin W=16 budget=67108864 install_top=4 fetch_top=0 page_group_b=0 install_all=0 threads=4 per_thread_window=1 cont_batch=0 score_page=0 expand_batch=8 issue_ahead=2 min_issue_use=0.00 spec_beam_nbrs=32
loaded id-map new→old n=10000000 from /mnt/disk0/chukexin_motivation/serving_t2i_10m/new_to_old_pagebin.bin
query_select nq=20/10000 shuffle_seed=42 flush_window=0 oneshot_fp=1 oracle_dram=0 oracle_window=0 pin_entry=1 host_used=1098156 host_cap=33554432 dram_bytes=536870912 pin_cap=268435456
hide_warm_entry ids=8192 pin_bytes=6553600/268435456
mapped DRAM window anon+mbind node=1 len=536870912 (fallback; not DAX)
mapped DRAM window anon+mbind node=1 len=536870912 (fallback; not DAX)
mapped DRAM window anon+mbind node=1 len=536870912 (fallback; not DAX)
mapped DRAM window anon+mbind node=1 len=536870912 (fallback; not DAX)
per-thread windows=4 dram_bytes=536870912 warm_before_timed=1
policy=P3 budget=67108864 dram_bytes=536870912 nq=20 beam=400 k=10 iters=0 oneshot_fp=1 pin_bytes=6553600/268435456
wall_s=0.244 throughput_QPS=81.85
cxl_ssd_to_dram_promote_GBps=2.815 promote_bytes=687824896 target=12.0
latency_ms mean=45.851 p50=35.279 p90=67.140 p99=99.358
recall@10=0.9600
cxl_dram_hit_pct=49.45
metrics queries=20 dram_hits=82628 ssd_misses=84477 hit_pct=49.45 promote_bytes=687824896 avg_promote_ns=3142.9 prefetch_pages=166898 evicts=0 dist=160261
hide from_win=160261 from_bounce=0 from_win_pct=100.00 hide_prec=192.05 crit_wait_ns=40509970 device_fill_ns=61991342 overlap=0.25
prefetch_use issued=69846 used=51554 page_use_pct=73.81 look_issued=0 look_used=0 look_use_pct=0.00 miss_use_pct=73.81 byte_use_pct=44.81 slot_use_pct=75.96 issue_use_pct=73.38 slots_on_pages=163436 slots_scored=124144 issue_slots=382419 issue_want=280604 scored_vec_B=128192800 nvme_read_B=283836416
issue_use_hist=[0,.2):5069 [.2,.4):10647 [.4,.6):13451 [.6,.8):19319 [.8,1]:52927
spec_beam pages=46655 ids=6830
nvme_real_GBps=1.162 occ_vs_rnd_peak=66.6% peak_GBps=1.744 page_use=73.81 slot_use=75.96 issue_use=73.38
CSV,P3,67108864,536870912,20,400,0,81.85,45.851,35.279,67.140,99.358,0.9600,49.45,82628,84477,100.00,192.05,40509970,0.25
