==== T=1 100MiB a0_hide 2026-09-04T03:01:58+00:00 ====
cache_used=104857600 evictions=6776 limit=104857600
mapped vmem /dev/vmem0 off=998579896320 len=2048917504 fd=5 prefetch=1 cache_used=104857600
nav-graph /root/chukexin/CXL-ANNS-KX/results/paper_figs/nav_1m_10k.bin n0=10000 dim=200 R=32
id-slot-map /mnt/disk0/chukexin_motivation/serving_t2i_10m/id_to_slot_1m_cooccur.bin n=1000000 (physical neighbor pairing)
diskann graph-file /mnt/disk0/chukexin_motivation/serving_t2i_10m/diskann_t2i_1m.graph.bin bytes=128000000 (host N(u), no SSD ID faults)
vec_stride=2048 (packed=800) graph_in_dram=1 diskann=1
mapped HOST DRAM anon+mbind node=1 len=2147483648 (fallback; not DAX)
P3v2 softpin W=16 budget=67108864 install_top=4 fetch_top=0 page_group_b=0 install_all=0 threads=1 per_thread_window=0 cont_batch=0 score_page=0 expand_batch=1 issue_ahead=1 min_issue_use=0.00 spec_beam_nbrs=0 expand_sib=0 slot_map=1 sync_hop=0 score_cache=0
loaded id-map new→old n=1000000 (file=40000000) from /mnt/disk0/chukexin_motivation/serving_t2i_10m/new_to_old_pagebin.bin
query_select nq=20/10000 shuffle_seed=42 flush_window=0 oneshot_fp=1 oracle_dram=0 oracle_window=0 pin_entry=1 host_used=1098156 host_cap=33554432 host_bytes=2147483648 dram_bytes=2147483648 pin_cap=536870912
roles host_bytes=2147483648 require_cxl_dram=0 cpu_affinity=1 per_thread_window=0 cxl_dram_dev=-
hide_warm_entry ids=8192 pin_bytes=31682560/536870912
policy=P3 budget=67108864 dram_bytes=2147483648 nq=20 beam=400 k=10 iters=0 oneshot_fp=1 pin_bytes=31682560/536870912
wall_s=0.213 throughput_QPS=93.77
cxl_ssd_to_dram_promote_GBps=1.231 promote_bytes=262586368 target=12.0
latency_ms mean=10.663 p50=10.102 p90=14.798 p99=19.069
recall@10=0.0350
cxl_dram_hit_pct=20.35
metrics queries=20 dram_hits=8192 ssd_misses=32062 hit_pct=20.35 promote_bytes=262586368 avg_promote_ns=2384.0 prefetch_pages=64092 evicts=0 dist=48993
hide from_win=48977 from_cxl_dram=0 from_bounce=16 from_cache=0 from_win_pct=99.97 from_cxl_dram_pct=0.00 hide_prec=152.83 crit_wait_ns=10530689 device_fill_ns=40849758 overlap=0.19
prefetch_use issued=24311 used=24311 page_use_pct=100.00 look_issued=0 look_used=0 look_use_pct=0.00 miss_use_pct=100.00 byte_use_pct=39.34 slot_use_pct=90.62 issue_use_pct=0.00 slots_on_pages=48622 slots_scored=44060 issue_slots=0 issue_want=0 scored_vec_B=39178400 nvme_read_B=98586624
issue_use_hist=[0,.2):0 [.2,.4):0 [.4,.6):0 [.6,.8):0 [.8,1]:0
spec_beam pages=0 ids=0
page_occ mean=90.62% pages=24311 0%=0.00 50%=18.77 100%=81.23 (n0=0 n50=4562 n100=19749 slots=48622 used=44060)
nvme_real_GBps=0.462 occ_vs_rnd_peak=29.6% peak_GBps=1.560 page_use=100.00 slot_use=90.62 issue_use=0.00
CSV,P3,67108864,2147483648,20,400,0,93.77,10.663,10.102,14.798,19.069,0.0350,20.35,8192,32062,99.97,152.83,10530689,0.19
