mapped vmem /dev/vmem0 off=450971566080 len=9600069632 fd=5 prefetch=1 cache_used=0
nbr-bundle off=9600069632 stride=28672 bytes=267.03 GiB score_page=0 look_k=0
graph-file /mnt/disk0/chukexin_motivation/serving_t2i_10m/pagebin_graph.bin
graph-in-dram bytes=1280000000 src=graph-file
vec_stride=800 (packed=800) graph_in_dram=1
mapped DRAM window anon+mbind node=1 len=1073741824 (fallback; not DAX)
P3v2 softpin W=16 budget=67108864 install_top=4 fetch_top=0 page_group_b=0 install_all=0 threads=1 per_thread_window=1 cont_batch=0 score_page=0 expand_batch=16
loaded id-map new→old n=10000000 from /mnt/disk0/chukexin_motivation/serving_t2i_10m/new_to_old_pagebin.bin
query_select nq=20/10000 shuffle_seed=42 flush_window=0 oneshot_fp=1 oracle_dram=0 oracle_window=0 pin_entry=1 host_used=1098156 host_cap=33554432 dram_bytes=1073741824 pin_cap=268435456
hide_warm_entry ids=8192 pin_bytes=6553600/268435456
policy=P3 budget=67108864 dram_bytes=1073741824 nq=20 beam=400 k=10 iters=0 oneshot_fp=1 pin_bytes=6553600/268435456
wall_s=0.434 throughput_QPS=46.06
cxl_ssd_to_dram_promote_GBps=1.198 promote_bytes=519970816 target=12.0
latency_ms mean=21.657 p50=21.570 p90=27.481 p99=28.761
recall@10=0.9500
cxl_dram_hit_pct=13.29
metrics queries=20 dram_hits=9728 ssd_misses=63473 hit_pct=13.29 promote_bytes=519970816 avg_promote_ns=1842.2 prefetch_pages=126946 evicts=0 dist=189378
hide from_win=189378 from_bounce=0 from_win_pct=100.00 hide_prec=298.36 crit_wait_ns=30443524 device_fill_ns=35752789 overlap=0.08
prefetch_use issued=61642 used=59710 page_use_pct=96.87 look_issued=0 look_used=0 look_use_pct=0.00 miss_use_pct=96.87 byte_use_pct=60.00 slot_use_pct=100.00 slots_on_pages=144733 slots_scored=144732 scored_vec_B=151486400 nvme_read_B=249036800
nvme_real_GBps=0.574 occ_vs_rnd_peak=36.8% peak_GBps=1.560 page_use=96.87 slot_use=100.00
CSV,P3,67108864,1073741824,20,400,0,46.06,21.657,21.570,27.481,28.761,0.9500,13.29,9728,63473,100.00,298.36,30443524,0.08
