mapped vmem /dev/vmem0 off=450971566080 len=9600069632 fd=5 prefetch=1 cache_used=0
graph-file /mnt/disk0/chukexin_motivation/serving_t2i_10m/pagebin_graph.bin
graph-in-dram bytes=1280000000 src=graph-file
vec_stride=800 (packed=800) graph_in_dram=1
mapped DRAM window anon+mbind node=1 len=1073741824 (fallback; not DAX)
P3v2 softpin W=16 budget=67108864 install_top=4 fetch_top=0 page_group_b=0 install_all=0 threads=1 per_thread_window=1 cont_batch=0 score_page=1
loaded id-map new→old n=10000000 from /mnt/disk0/chukexin_motivation/serving_t2i_10m/new_to_old_pagebin.bin
query_select nq=20/10000 shuffle_seed=42 flush_window=0 oneshot_fp=1 oracle_dram=0 oracle_window=0 pin_entry=1 host_used=1098156 host_cap=33554432 dram_bytes=1073741824 pin_cap=268435456
hide_warm_entry ids=8192 pin_bytes=6553600/268435456
policy=P3 budget=67108864 dram_bytes=1073741824 nq=20 beam=400 k=10 iters=0 oneshot_fp=1 pin_bytes=6553600/268435456
wall_s=1.366 throughput_QPS=14.65
cxl_ssd_to_dram_promote_GBps=0.644 promote_bytes=879894528 target=12.0
latency_ms mean=68.248 p50=72.174 p90=96.061 p99=102.034
recall@10=0.9650
cxl_dram_hit_pct=84.90
metrics queries=20 dram_hits=604004 ssd_misses=107409 hit_pct=84.90 promote_bytes=879894528 avg_promote_ns=1896.9 prefetch_pages=214818 evicts=0 dist=539732
hide from_win=539732 from_bounce=0 from_win_pct=100.00 hide_prec=502.50 crit_wait_ns=19624017 device_fill_ns=23624947 overlap=0.02
prefetch_use issued=105809 used=105809 page_use_pct=100.00 look_issued=0 look_used=0 look_use_pct=0.00 miss_use_pct=100.00 byte_use_pct=99.63 slot_use_pct=81.57 slots_on_pages=597828 slots_scored=487634 scored_vec_B=431769600 nvme_read_B=428302336
nvme_real_GBps=0.314 occ_vs_rnd_peak=20.1% peak_GBps=1.560 page_use=100.00 slot_use=81.57
CSV,P3,67108864,1073741824,20,400,0,14.65,68.248,72.174,96.061,102.034,0.9650,84.90,604004,107409,100.00,502.50,19624017,0.02
