==== opt extent/e8a2 2026-09-04T04:43:42+00:00 ====
cache_used=104857600 evictions=17924226
mapped vmem /dev/vmem0 off=1181116006400 len=20480004096 fd=5 prefetch=1 cache_used=104857600
nav-graph /root/chukexin/CXL-ANNS-KX/results/paper_figs/nav_10k.bin n0=10000 dim=200 R=32
id-slot-map /mnt/disk0/chukexin_motivation/serving_t2i_10m/id_to_slot_10m_extent.bin n=10000000 (physical neighbor pairing)
diskann graph-file /mnt/disk0/chukexin_motivation/serving_t2i_10m/diskann_t2i_10m.graph.bin bytes=1280000000 (host N(u), no SSD ID faults)
vec_stride=2048 (packed=800) graph_in_dram=1 diskann=1
mapped HOST DRAM anon+mbind node=1 len=2147483648 (fallback; not DAX)
P3v2 softpin W=16 budget=67108864 install_top=4 fetch_top=0 page_group_b=0 install_all=0 threads=1 per_thread_window=0 cont_batch=0 score_page=0 expand_batch=8 issue_ahead=2 min_issue_use=0.00 spec_beam_nbrs=0 expand_sib=0 slot_map=1 sync_hop=0 score_cache=0 direct_install=0 stripe_fill=0 extent_run=0
loaded id-map new→old n=10000000 (file=40000000) from /mnt/disk0/chukexin_motivation/serving_t2i_10m/new_to_old_pagebin.bin
query_select nq=100/10000 shuffle_seed=42 query_ids=- first=9377 last=5700 flush_window=0 oneshot_fp=1 oracle_dram=0 oracle_window=0 pin_entry=1 host_used=1165356 host_cap=33554432 host_bytes=2147483648 dram_bytes=2147483648 pin_cap=67108864
roles host_bytes=2147483648 require_cxl_dram=0 cpu_affinity=1 per_thread_window=0 cxl_dram_dev=-
policy=P3 budget=67108864 dram_bytes=2147483648 nq=100 beam=400 k=10 iters=0 oneshot_fp=1 pin_bytes=634880/67108864
wall_s=4.228 throughput_QPS=23.65
cxl_ssd_to_dram_promote_GBps=1.039 promote_bytes=4391542784 target=12.0
latency_ms mean=42.272 p50=38.102 p90=66.969 p99=103.558
recall@10=0.9370
cxl_dram_hit_pct=0.02
metrics queries=100 dram_hits=102 ssd_misses=536201 hit_pct=0.02 promote_bytes=4391542784 avg_promote_ns=2279.2 prefetch_pages=1071906 evicts=11913 dist=697653
hide from_win=697560 from_cxl_dram=0 from_bounce=93 from_cache=0 from_win_pct=99.99 from_cxl_dram_pct=0.00 hide_prec=130.15 crit_wait_ns=165967693 device_fill_ns=165967693 overlap=0.04
prefetch_use issued=535871 used=535871 page_use_pct=100.00 look_issued=0 look_used=0 look_use_pct=0.00 miss_use_pct=100.00 byte_use_pct=25.42 slot_use_pct=61.58 issue_use_pct=0.00 slots_on_pages=1071742 slots_scored=660001 issue_slots=0 issue_want=0 scored_vec_B=558042400 nvme_read_B=2179354624
issue_use_hist=[0,.2):0 [.2,.4):0 [.4,.6):0 [.6,.8):0 [.8,1]:0
spec_beam pages=0 ids=0
page_occ mean=61.58% pages=535871 0%=0.00 50%=76.84 100%=23.16 (n0=0 n50=411741 n100=124130 slots=1071742 used=660001)
nvme_real_GBps=0.516 occ_vs_rnd_peak=33.0% peak_GBps=1.560 page_use=100.00 slot_use=61.58 issue_use=0.00
CSV,P3,67108864,2147483648,100,400,0,23.65,42.272,38.102,66.969,103.558,0.9370,0.02,102,536201,99.99,130.15,165967693,0.04
