==== Hide 1M cache400MiB P3+cont-batch T=1 nq=20 2026-09-04T00:36:02+00:00 ====
cache_limit=419430400
cache_used=8192
evictions=0
backing_read0=1 backing_read1=1
mapped vmem /dev/vmem0 off=966367641600 len=2048917504 fd=5 prefetch=1 cache_used=8192
nav-graph /root/chukexin/CXL-ANNS-KX/results/paper_figs/nav_1m_10k.bin n0=10000 dim=200 R=32
vec_stride=2048 (packed=800) graph_in_dram=1 diskann=1
mapped HOST DRAM anon+mbind node=1 len=2147483648 (fallback; not DAX)
P3v2 softpin W=16 budget=67108864 install_top=4 fetch_top=0 page_group_b=0 install_all=0 threads=1 per_thread_window=0 cont_batch=0 score_page=0 expand_batch=8 issue_ahead=2 min_issue_use=0.00 spec_beam_nbrs=0
loaded id-map new→old n=1000000 (file=40000000) from /mnt/disk0/chukexin_motivation/serving_t2i_10m/new_to_old_pagebin.bin
query_select nq=20/10000 shuffle_seed=42 flush_window=0 oneshot_fp=1 oracle_dram=0 oracle_window=0 pin_entry=1 host_used=1098156 host_cap=33554432 host_bytes=2147483648 dram_bytes=2147483648 pin_cap=536870912
roles host_bytes=2147483648 require_cxl_dram=0 cpu_affinity=1 per_thread_window=0 cxl_dram_dev=-
hide_warm_entry ids=8192 pin_bytes=16777216/536870912
policy=P3 budget=67108864 dram_bytes=2147483648 nq=20 beam=400 k=10 iters=0 oneshot_fp=1 pin_bytes=16777216/536870912
wall_s=0.301 throughput_QPS=66.48
cxl_ssd_to_dram_promote_GBps=1.153 promote_bytes=346775552 target=12.0
latency_ms mean=15.041 p50=14.415 p90=20.529 p99=26.351
recall@10=0.0350
cxl_dram_hit_pct=16.21
metrics queries=20 dram_hits=8192 ssd_misses=42339 hit_pct=16.21 promote_bytes=346775552 avg_promote_ns=2082.9 prefetch_pages=84646 evicts=0 dist=54139
hide from_win=54123 from_cxl_dram=0 from_bounce=16 from_win_pct=99.97 from_cxl_dram_pct=0.00 hide_prec=127.88 crit_wait_ns=40025731 device_fill_ns=53440387 overlap=0.18
prefetch_use issued=38227 used=38227 page_use_pct=100.00 look_issued=0 look_used=0 look_use_pct=0.00 miss_use_pct=100.00 byte_use_pct=27.65 slot_use_pct=63.56 issue_use_pct=0.00 slots_on_pages=76454 slots_scored=48594 issue_slots=0 issue_want=0 scored_vec_B=43295200 nvme_read_B=156045312
issue_use_hist=[0,.2):0 [.2,.4):0 [.4,.6):0 [.6,.8):0 [.8,1]:0
spec_beam pages=0 ids=0
nvme_real_GBps=0.519 occ_vs_rnd_peak=33.2% peak_GBps=1.560 page_use=100.00 slot_use=63.56 issue_use=0.00
CSV,P3,67108864,2147483648,20,400,0,66.48,15.041,14.415,20.529,26.351,0.0350,16.21,8192,42339,99.97,127.88,40025731,0.18
cache_used_after=172830720
evictions_after=0
