mapped vmem /dev/vmem0 off=450971566080 len=9600069632 fd=5 prefetch=1 cache_used=0
nbr-bundle off=9600069632 stride=28672 bytes=267.03 GiB score_page=0 look_k=0
graph-file /mnt/disk0/chukexin_motivation/serving_t2i_10m/pagebin_graph.bin
graph-in-dram bytes=1280000000 src=graph-file
vec_stride=800 (packed=800) graph_in_dram=1
mapped DRAM window anon+mbind node=1 len=1073741824 (fallback; not DAX)
P3v2 softpin W=16 budget=67108864 install_top=4 fetch_top=0 page_group_b=0 install_all=0 threads=1 per_thread_window=1 cont_batch=0 score_page=0 expand_batch=8 issue_ahead=2 min_issue_use=0.80
loaded id-map new→old n=10000000 from /mnt/disk0/chukexin_motivation/serving_t2i_10m/new_to_old_pagebin.bin
query_select nq=20/10000 shuffle_seed=42 flush_window=0 oneshot_fp=1 oracle_dram=0 oracle_window=0 pin_entry=1 host_used=1098156 host_cap=33554432 dram_bytes=1073741824 pin_cap=268435456
hide_warm_entry ids=8192 pin_bytes=6553600/268435456
policy=P3 budget=67108864 dram_bytes=1073741824 nq=20 beam=400 k=10 iters=0 oneshot_fp=1 pin_bytes=6553600/268435456
wall_s=1.386 throughput_QPS=14.43
cxl_ssd_to_dram_promote_GBps=1.054 promote_bytes=1460690944 target=12.0
latency_ms mean=69.309 p50=64.739 p90=100.063 p99=112.303
recall@10=0.9600
cxl_dram_hit_pct=5.17
metrics queries=20 dram_hits=9728 ssd_misses=178307 hit_pct=5.17 promote_bytes=1460690944 avg_promote_ns=2504.1 prefetch_pages=356614 evicts=0 dist=245867
hide from_win=245867 from_bounce=0 from_win_pct=100.00 hide_prec=137.89 crit_wait_ns=201752343 device_fill_ns=206429167 overlap=0.15
prefetch_use issued=176476 used=82884 page_use_pct=46.97 look_issued=0 look_used=0 look_use_pct=0.00 miss_use_pct=46.97 byte_use_pct=27.21 slot_use_pct=43.87 issue_use_pct=97.89 slots_on_pages=455693 slots_scored=199897 issue_slots=96408 issue_want=94370 scored_vec_B=196677600 nvme_read_B=713277440
issue_use_hist=[0,.2):0 [.2,.4):0 [.4,.6):0 [.6,.8):0 [.8,1]:28627
nvme_real_GBps=0.515 occ_vs_rnd_peak=33.0% peak_GBps=1.560 page_use=46.97 slot_use=43.87 issue_use=97.89
CSV,P3,67108864,1073741824,20,400,0,14.43,69.309,64.739,100.063,112.303,0.9600,5.17,9728,178307,100.00,137.89,201752343,0.15
