# Task4 T=4 true-cold 2026-08-31T02:57:06+00:00 kernel=6.18.0-rc5
# cache_used=4096 nvme=/dev/nvme2n1 bdf=0000:d9:00.0
# extra_flags=--expand-batch 16
mapped vmem /dev/vmem0 off=450971566080 len=9600069632 fd=5 prefetch=1 cache_used=4096
nbr-bundle off=9600069632 stride=28672 bytes=267.03 GiB score_page=0 look_k=0
graph-file /mnt/disk0/chukexin_motivation/serving_t2i_10m/pagebin_graph.bin
graph-in-dram bytes=1280000000 src=graph-file
vec_stride=800 (packed=800) graph_in_dram=1
mapped DRAM window anon+mbind node=1 len=536870912 (fallback; not DAX)
P3v2 softpin W=16 budget=67108864 install_top=4 fetch_top=0 page_group_b=0 install_all=0 threads=4 per_thread_window=1 cont_batch=0 score_page=0 expand_batch=16 issue_ahead=2 min_issue_use=0.00
loaded id-map new→old n=10000000 from /mnt/disk0/chukexin_motivation/serving_t2i_10m/new_to_old_pagebin.bin
query_select nq=20/10000 shuffle_seed=42 flush_window=0 oneshot_fp=1 oracle_dram=0 oracle_window=0 pin_entry=1 host_used=1098156 host_cap=33554432 dram_bytes=536870912 pin_cap=268435456
hide_warm_entry ids=8192 pin_bytes=6553600/268435456
mapped DRAM window anon+mbind node=1 len=536870912 (fallback; not DAX)
mapped DRAM window anon+mbind node=1 len=536870912 (fallback; not DAX)
mapped DRAM window anon+mbind node=1 len=536870912 (fallback; not DAX)
mapped DRAM window anon+mbind node=1 len=536870912 (fallback; not DAX)
per-thread windows=4 dram_bytes=536870912 warm_before_timed=1
policy=P3 budget=67108864 dram_bytes=536870912 nq=20 beam=400 k=10 iters=0 oneshot_fp=1 pin_bytes=6553600/268435456
wall_s=0.176 throughput_QPS=113.71
cxl_ssd_to_dram_promote_GBps=3.354 promote_bytes=589905920 target=12.0
latency_ms mean=32.189 p50=33.616 p90=39.141 p99=43.535
recall@10=0.9450
cxl_dram_hit_pct=53.26
metrics queries=20 dram_hits=82628 ssd_misses=72524 hit_pct=53.26 promote_bytes=589905920 avg_promote_ns=2306.0 prefetch_pages=142992 evicts=0 dist=202872
hide from_win=202872 from_bounce=0 from_win_pct=100.00 hide_prec=283.75 crit_wait_ns=14170877 device_fill_ns=38235075 overlap=0.22
prefetch_use issued=60680 used=58959 page_use_pct=97.16 look_issued=0 look_used=0 look_use_pct=0.00 miss_use_pct=97.16 byte_use_pct=65.29 slot_use_pct=100.00 issue_use_pct=65.79 slots_on_pages=144187 slots_scored=144186 issue_slots=250146 issue_want=164570 scored_vec_B=162281600 nvme_read_B=244994048
issue_use_hist=[0,.2):4492 [.2,.4):9865 [.4,.6):11243 [.6,.8):13211 [.8,1]:27165
nvme_real_GBps=1.393 occ_vs_rnd_peak=89.3% peak_GBps=1.560 page_use=97.16 slot_use=100.00 issue_use=65.79
CSV,P3,67108864,536870912,20,400,0,113.71,32.189,33.616,39.141,43.535,0.9450,53.26,82628,72524,100.00,283.75,14170877,0.22
