==== T=1 e8a2_graph_pick nq=20 2026-09-04T00:48:46+00:00 ====
cache_used=419430400 evictions=729087
mapped vmem /dev/vmem0 off=966367641600 len=2048917504 fd=5 prefetch=1 cache_used=419430400
nav-graph /root/chukexin/CXL-ANNS-KX/results/paper_figs/nav_1m_10k.bin n0=10000 dim=200 R=32
diskann graph-file /mnt/disk0/chukexin_motivation/serving_t2i_10m/diskann_t2i_1m.graph.bin bytes=128000000 (host N(u), no SSD ID faults)
vec_stride=2048 (packed=800) graph_in_dram=1 diskann=1
mapped HOST DRAM anon+mbind node=1 len=2147483648 (fallback; not DAX)
P3v2 softpin W=16 budget=67108864 install_top=4 fetch_top=0 page_group_b=0 install_all=0 threads=1 per_thread_window=0 cont_batch=0 score_page=0 expand_batch=8 issue_ahead=2 min_issue_use=0.00 spec_beam_nbrs=0 page_pick=1
loaded id-map new→old n=1000000 (file=40000000) from /mnt/disk0/chukexin_motivation/serving_t2i_10m/new_to_old_pagebin.bin
query_select nq=20/10000 shuffle_seed=42 flush_window=0 oneshot_fp=1 oracle_dram=0 oracle_window=0 pin_entry=1 host_used=1098156 host_cap=33554432 host_bytes=2147483648 dram_bytes=2147483648 pin_cap=536870912
roles host_bytes=2147483648 require_cxl_dram=0 cpu_affinity=1 per_thread_window=0 cxl_dram_dev=-
hide_warm_entry ids=8192 pin_bytes=16777216/536870912
policy=P3 budget=67108864 dram_bytes=2147483648 nq=20 beam=400 k=10 iters=0 oneshot_fp=1 pin_bytes=16777216/536870912
wall_s=0.313 throughput_QPS=63.97
cxl_ssd_to_dram_promote_GBps=1.174 promote_bytes=367001600 target=12.0
latency_ms mean=15.630 p50=14.305 p90=23.024 p99=27.015
recall@10=0.0350
cxl_dram_hit_pct=15.46
metrics queries=20 dram_hits=8192 ssd_misses=44808 hit_pct=15.46 promote_bytes=367001600 avg_promote_ns=1823.4 prefetch_pages=89584 evicts=0 dist=58577
hide from_win=58561 from_cxl_dram=0 from_bounce=16 from_win_pct=99.97 from_cxl_dram_pct=0.00 hide_prec=130.74 crit_wait_ns=23543595 device_fill_ns=31530236 overlap=0.10
prefetch_use issued=40696 used=40696 page_use_pct=100.00 look_issued=0 look_used=0 look_use_pct=0.00 miss_use_pct=100.00 byte_use_pct=28.10 slot_use_pct=64.34 issue_use_pct=55.92 slots_on_pages=81392 slots_scored=52367 issue_slots=103172 issue_want=57694 scored_vec_B=46845600 nvme_read_B=5873664
issue_use_hist=[0,.2):0 [.2,.4):0 [.4,.6):45478 [.6,.8):0 [.8,1]:6108
spec_beam pages=0 ids=0
nvme_real_GBps=0.019 occ_vs_rnd_peak=1.2% peak_GBps=1.560 page_use=100.00 slot_use=64.34 issue_use=55.92
CSV,P3,67108864,2147483648,20,400,0,63.97,15.630,14.305,23.024,27.015,0.0350,15.46,8192,44808,99.97,130.74,23543595,0.10
cache_used_after=419430400 evictions_after=730521
