mapped vmem /dev/vmem0 off=450971566080 len=9600069632 fd=5 prefetch=1 cache_used=0
nbr-bundle off=9600069632 stride=28672 bytes=267.03 GiB score_page=0 look_k=0
graph-file /mnt/disk0/chukexin_motivation/serving_t2i_10m/pagebin_graph.bin
graph-in-dram bytes=1280000000 src=graph-file
vec_stride=800 (packed=800) graph_in_dram=1
mapped DRAM window anon+mbind node=1 len=1073741824 (fallback; not DAX)
P3v2 softpin W=16 budget=67108864 install_top=4 fetch_top=0 page_group_b=0 install_all=0 threads=1 per_thread_window=1 cont_batch=0 score_page=0 expand_batch=8 issue_ahead=2
loaded id-map new→old n=10000000 from /mnt/disk0/chukexin_motivation/serving_t2i_10m/new_to_old_pagebin.bin
query_select nq=100/10000 shuffle_seed=42 flush_window=0 oneshot_fp=1 oracle_dram=0 oracle_window=0 pin_entry=1 host_used=1165356 host_cap=33554432 dram_bytes=1073741824 pin_cap=268435456
hide_warm_entry ids=33 pin_bytes=4096/268435456
policy=P3 budget=67108864 dram_bytes=1073741824 nq=100 beam=400 k=10 iters=0 oneshot_fp=1 pin_bytes=4096/268435456
wall_s=2.261 throughput_QPS=44.23
cxl_ssd_to_dram_promote_GBps=1.022 promote_bytes=2311380992 target=12.0
latency_ms mean=22.594 p50=21.579 p90=29.345 p99=41.316
recall@10=0.9490
cxl_dram_hit_pct=0.00
metrics queries=100 dram_hits=1 ssd_misses=282151 hit_pct=0.00 promote_bytes=2311380992 avg_promote_ns=1888.1 prefetch_pages=564302 evicts=20007 dist=857011
hide from_win=857011 from_bounce=0 from_win_pct=100.00 hide_prec=303.74 crit_wait_ns=120373713 device_fill_ns=121581488 overlap=0.05
prefetch_use issued=281912 used=271339 page_use_pct=96.25 look_issued=0 look_used=0 look_use_pct=0.00 miss_use_pct=96.25 byte_use_pct=59.37 slot_use_pct=100.00 slots_on_pages=630023 slots_scored=630022 scored_vec_B=685528800 nvme_read_B=1138372608
nvme_real_GBps=0.504 occ_vs_rnd_peak=32.3% peak_GBps=1.560 page_use=96.25 slot_use=100.00
CSV,P3,67108864,1073741824,100,400,0,44.23,22.594,21.579,29.345,41.316,0.9490,0.00,1,282151,100.00,303.74,120373713,0.05
