==== T=1 p15_spec32_e16a4 2026-09-04T02:31:47+00:00 ====
cache_used=419430400 evictions=3425976
mapped vmem /dev/vmem0 off=998579896320 len=2048917504 fd=5 prefetch=1 cache_used=419430400
nav-graph /root/chukexin/CXL-ANNS-KX/results/paper_figs/nav_1m_10k.bin n0=10000 dim=200 R=32
id-slot-map /mnt/disk0/chukexin_motivation/serving_t2i_10m/id_to_slot_1m_cooccur.bin n=1000000 (physical neighbor pairing)
vec_stride=2048 (packed=800) graph_in_dram=1 diskann=1
mapped HOST DRAM anon+mbind node=1 len=2147483648 (fallback; not DAX)
P3v2 softpin W=32 budget=67108864 install_top=4 fetch_top=0 page_group_b=0 install_all=0 threads=1 per_thread_window=0 cont_batch=0 score_page=0 expand_batch=16 issue_ahead=4 min_issue_use=0.00 spec_beam_nbrs=32 expand_sib=0 slot_map=1 sync_hop=0
loaded id-map new→old n=1000000 (file=40000000) from /mnt/disk0/chukexin_motivation/serving_t2i_10m/new_to_old_pagebin.bin
query_select nq=20/10000 shuffle_seed=42 flush_window=0 oneshot_fp=1 oracle_dram=0 oracle_window=0 pin_entry=1 host_used=1098156 host_cap=33554432 host_bytes=2147483648 dram_bytes=2147483648 pin_cap=536870912
roles host_bytes=2147483648 require_cxl_dram=0 cpu_affinity=1 per_thread_window=0 cxl_dram_dev=-
hide_warm_entry ids=8192 pin_bytes=31682560/536870912
policy=P3 budget=67108864 dram_bytes=2147483648 nq=20 beam=400 k=10 iters=0 oneshot_fp=1 pin_bytes=31682560/536870912
wall_s=0.463 throughput_QPS=43.18
cxl_ssd_to_dram_promote_GBps=0.835 promote_bytes=386670592 target=12.0
latency_ms mean=23.157 p50=21.339 p90=35.136 p99=55.675
recall@10=0.0400
cxl_dram_hit_pct=14.79
metrics queries=20 dram_hits=8192 ssd_misses=47209 hit_pct=14.79 promote_bytes=386670592 avg_promote_ns=2040.9 prefetch_pages=94386 evicts=0 dist=72849
hide from_win=72833 from_cxl_dram=0 from_bounce=16 from_win_pct=99.98 from_cxl_dram_pct=0.00 hide_prec=154.33 crit_wait_ns=21846451 device_fill_ns=38213898 overlap=0.08
prefetch_use issued=39458 used=39124 page_use_pct=99.15 look_issued=0 look_used=0 look_use_pct=0.00 miss_use_pct=99.15 byte_use_pct=36.05 slot_use_pct=79.80 issue_use_pct=0.00 slots_on_pages=78916 slots_scored=62975 issue_slots=0 issue_want=0 scored_vec_B=58263200 nvme_read_B=15314944
issue_use_hist=[0,.2):0 [.2,.4):0 [.4,.6):0 [.6,.8):0 [.8,1]:0
spec_beam pages=16022 ids=2521
page_occ mean=79.80% pages=39458 0%=0.85 50%=38.71 100%=60.45 (n0=334 n50=15273 n100=23851 slots=78916 used=62975)
nvme_real_GBps=0.033 occ_vs_rnd_peak=2.1% peak_GBps=1.560 page_use=99.15 slot_use=79.80 issue_use=0.00
CSV,P3,67108864,2147483648,20,400,0,43.18,23.157,21.339,35.136,55.675,0.0400,14.79,8192,47209,99.98,154.33,21846451,0.08
