mapped vmem /dev/vmem0 off=450971566080 len=9600069632 fd=5 prefetch=1 cache_used=0
nbr-bundle off=9600069632 stride=28672 bytes=267.03 GiB score_page=0 look_k=0
graph-file /mnt/disk0/chukexin_motivation/serving_t2i_10m/pagebin_graph.bin
graph-in-dram bytes=1280000000 src=graph-file
vec_stride=800 (packed=800) graph_in_dram=1
mapped DRAM window anon+mbind node=1 len=1073741824 (fallback; not DAX)
P3v2 softpin W=16 budget=67108864 install_top=4 fetch_top=0 page_group_b=0 install_all=0 threads=1 per_thread_window=1 cont_batch=0 score_page=0 expand_batch=8 issue_ahead=2
loaded id-map new→old n=10000000 from /mnt/disk0/chukexin_motivation/serving_t2i_10m/new_to_old_pagebin.bin
query_select nq=100/10000 shuffle_seed=42 flush_window=0 oneshot_fp=1 oracle_dram=0 oracle_window=0 pin_entry=1 host_used=1165356 host_cap=33554432 dram_bytes=1073741824 pin_cap=268435456
hide_warm_entry ids=8192 pin_bytes=6553600/268435456
policy=P3 budget=67108864 dram_bytes=1073741824 nq=100 beam=400 k=10 iters=0 oneshot_fp=1 pin_bytes=6553600/268435456
wall_s=2.031 throughput_QPS=49.25
cxl_ssd_to_dram_promote_GBps=1.146 promote_bytes=2326495232 target=12.0
latency_ms mean=20.298 p50=19.145 p90=25.314 p99=35.551
recall@10=0.9330
cxl_dram_hit_pct=3.31
metrics queries=100 dram_hits=9728 ssd_misses=283996 hit_pct=3.31 promote_bytes=2326495232 avg_promote_ns=1691.0 prefetch_pages=567992 evicts=21852 dist=858488
hide from_win=858488 from_bounce=0 from_win_pct=100.00 hide_prec=302.29 crit_wait_ns=119073510 device_fill_ns=123490064 overlap=0.06
prefetch_use issued=282158 used=271746 page_use_pct=96.31 look_issued=0 look_used=0 look_use_pct=0.00 miss_use_pct=96.31 byte_use_pct=59.42 slot_use_pct=100.00 slots_on_pages=630994 slots_scored=630993 scored_vec_B=686710400 nvme_read_B=1139044352
nvme_real_GBps=0.561 occ_vs_rnd_peak=36.0% peak_GBps=1.560 page_use=96.31 slot_use=100.00
CSV,P3,67108864,1073741824,100,400,0,49.25,20.298,19.145,25.314,35.551,0.9330,3.31,9728,283996,100.00,302.29,119073510,0.06
