mapped vmem /dev/vmem0 off=450971566080 len=9600069632 fd=5 prefetch=1 cache_used=0
graph-file /mnt/disk0/chukexin_motivation/serving_t2i_10m/pagebin_graph.bin
graph-in-dram bytes=1280000000 src=graph-file
vec_stride=800 (packed=800) graph_in_dram=1
mapped DRAM window anon+mbind node=1 len=1073741824 (fallback; not DAX)
P3v2 softpin W=16 budget=67108864 install_top=4 fetch_top=0 page_group_b=0 install_all=0 threads=1 per_thread_window=1 cont_batch=0 score_page=1
loaded id-map new→old n=10000000 from /mnt/disk0/chukexin_motivation/serving_t2i_10m/new_to_old_pagebin.bin
query_select nq=100/10000 shuffle_seed=42 flush_window=0 oneshot_fp=1 oracle_dram=0 oracle_window=0 pin_entry=1 host_used=1165356 host_cap=33554432 dram_bytes=1073741824 pin_cap=268435456
hide_warm_entry ids=8192 pin_bytes=6553600/268435456
policy=P3 budget=67108864 dram_bytes=1073741824 nq=100 beam=400 k=10 iters=0 oneshot_fp=1 pin_bytes=6553600/268435456
wall_s=6.535 throughput_QPS=15.30
cxl_ssd_to_dram_promote_GBps=0.601 promote_bytes=3925311488 target=12.0
latency_ms mean=65.331 p50=59.448 p90=94.929 p99=182.333
recall@10=0.9530
cxl_dram_hit_pct=84.57
metrics queries=100 dram_hits=2626058 ssd_misses=479164 hit_pct=84.57 promote_bytes=3925311488 avg_promote_ns=1357.2 prefetch_pages=958328 evicts=217020 dist=2487666
hide from_win=2487666 from_bounce=0 from_win_pct=100.00 hide_prec=519.17 crit_wait_ns=84361881 device_fill_ns=89362929 overlap=0.01
prefetch_use issued=464039 used=464039 page_use_pct=100.00 look_issued=0 look_used=0 look_use_pct=0.00 miss_use_pct=100.00 byte_use_pct=104.70 slot_use_pct=100.00 slots_on_pages=1933515 slots_scored=1933515 scored_vec_B=1990052800 nvme_read_B=1871265792
nvme_real_GBps=0.286 occ_vs_rnd_peak=18.4% peak_GBps=1.560 page_use=100.00 slot_use=100.00
CSV,P3,67108864,1073741824,100,400,0,15.30,65.331,59.448,94.929,182.333,0.9530,84.57,2626058,479164,100.00,519.17,84361881,0.01
