mapped vmem /dev/vmem0 off=450971566080 len=9600069632 fd=5 prefetch=1 cache_used=0
nbr-bundle off=9600069632 stride=28672 bytes=267.03 GiB score_page=0 look_k=0
graph-file /mnt/disk0/chukexin_motivation/serving_t2i_10m/pagebin_graph.bin
graph-in-dram bytes=1280000000 src=graph-file
vec_stride=800 (packed=800) graph_in_dram=1
mapped DRAM window anon+mbind node=1 len=1073741824 (fallback; not DAX)
P3v2 softpin W=16 budget=67108864 install_top=4 fetch_top=0 page_group_b=0 install_all=0 threads=1 per_thread_window=1 cont_batch=0 score_page=0 expand_batch=8 issue_ahead=2
loaded id-map new→old n=10000000 from /mnt/disk0/chukexin_motivation/serving_t2i_10m/new_to_old_pagebin.bin
query_select nq=100/10000 shuffle_seed=42 flush_window=0 oneshot_fp=1 oracle_dram=0 oracle_window=0 pin_entry=1 host_used=1165356 host_cap=33554432 dram_bytes=1073741824 pin_cap=268435456
hide_warm_entry ids=8192 pin_bytes=6553600/268435456
policy=P3 budget=67108864 dram_bytes=1073741824 nq=100 beam=400 k=10 iters=0 oneshot_fp=1 pin_bytes=6553600/268435456
wall_s=2.265 throughput_QPS=44.16
cxl_ssd_to_dram_promote_GBps=1.024 promote_bytes=2319474688 target=12.0
latency_ms mean=22.634 p50=20.921 p90=28.904 p99=41.004
recall@10=0.9430
cxl_dram_hit_pct=3.32
metrics queries=100 dram_hits=9728 ssd_misses=283139 hit_pct=3.32 promote_bytes=2319474688 avg_promote_ns=1847.7 prefetch_pages=566278 evicts=20995 dist=856091
hide from_win=856091 from_bounce=0 from_win_pct=100.00 hide_prec=302.36 crit_wait_ns=116442396 device_fill_ns=122666529 overlap=0.05
prefetch_use issued=281287 used=271019 page_use_pct=96.35 look_issued=0 look_used=0 look_use_pct=0.00 miss_use_pct=96.35 byte_use_pct=59.44 slot_use_pct=100.00 slots_on_pages=629426 slots_scored=629425 scored_vec_B=684792800 nvme_read_B=1135378432
nvme_real_GBps=0.501 occ_vs_rnd_peak=32.1% peak_GBps=1.560 page_use=96.35 slot_use=100.00
CSV,P3,67108864,1073741824,100,400,0,44.16,22.634,20.921,28.904,41.004,0.9430,3.32,9728,283139,100.00,302.36,116442396,0.05
