# spec-beam 2026-09-01T02:38:31+00:00 kernel=6.18.0-rc5
# extra_flags=--expand-batch 16 --spec-beam-nbrs 16
mapped vmem /dev/vmem0 off=450971566080 len=9600069632 fd=5 prefetch=1 cache_used=4096
nbr-bundle off=9600069632 stride=28672 bytes=267.03 GiB score_page=0 look_k=0
graph-file /mnt/disk0/chukexin_motivation/serving_t2i_10m/pagebin_graph.bin
graph-in-dram bytes=1280000000 src=graph-file
vec_stride=800 (packed=800) graph_in_dram=1
mapped DRAM window anon+mbind node=1 len=536870912 (fallback; not DAX)
P3v2 softpin W=16 budget=67108864 install_top=4 fetch_top=0 page_group_b=0 install_all=0 threads=4 per_thread_window=1 cont_batch=0 score_page=0 expand_batch=16 issue_ahead=2 min_issue_use=0.00 spec_beam_nbrs=16
loaded id-map new→old n=10000000 from /mnt/disk0/chukexin_motivation/serving_t2i_10m/new_to_old_pagebin.bin
query_select nq=20/10000 shuffle_seed=42 flush_window=0 oneshot_fp=1 oracle_dram=0 oracle_window=0 pin_entry=1 host_used=1098156 host_cap=33554432 dram_bytes=536870912 pin_cap=268435456
hide_warm_entry ids=8192 pin_bytes=6553600/268435456
mapped DRAM window anon+mbind node=1 len=536870912 (fallback; not DAX)
mapped DRAM window anon+mbind node=1 len=536870912 (fallback; not DAX)
mapped DRAM window anon+mbind node=1 len=536870912 (fallback; not DAX)
mapped DRAM window anon+mbind node=1 len=536870912 (fallback; not DAX)
per-thread windows=4 dram_bytes=536870912 warm_before_timed=1
policy=P3 budget=67108864 dram_bytes=536870912 nq=20 beam=400 k=10 iters=0 oneshot_fp=1 pin_bytes=6553600/268435456
wall_s=0.185 throughput_QPS=107.92
cxl_ssd_to_dram_promote_GBps=3.375 promote_bytes=625524736 target=12.0
latency_ms mean=34.704 p50=33.899 p90=49.612 p99=63.560
recall@10=0.9600
cxl_dram_hit_pct=51.80
metrics queries=20 dram_hits=82628 ssd_misses=76872 hit_pct=51.80 promote_bytes=625524736 avg_promote_ns=2418.0 prefetch_pages=151688 evicts=0 dist=195725
hide from_win=195725 from_bounce=0 from_win_pct=100.00 hide_prec=258.06 crit_wait_ns=47741142 device_fill_ns=68135425 overlap=0.37
prefetch_use issued=63688 used=56949 page_use_pct=89.42 look_issued=0 look_used=0 look_use_pct=0.00 miss_use_pct=89.42 byte_use_pct=60.02 slot_use_pct=92.66 issue_use_pct=71.95 slots_on_pages=150135 slots_scored=139119 issue_slots=347432 issue_want=249983 scored_vec_B=156564000 nvme_read_B=259162112
issue_use_hist=[0,.2):4907 [.2,.4):10623 [.4,.6):12812 [.6,.8):17256 [.8,1]:46457
spec_beam pages=28230 ids=4150
nvme_real_GBps=1.398 occ_vs_rnd_peak=80.2% peak_GBps=1.744 page_use=89.42 slot_use=92.66 issue_use=71.95
CSV,P3,67108864,536870912,20,400,0,107.92,34.704,33.899,49.612,63.560,0.9600,51.80,82628,76872,100.00,258.06,47741142,0.37
