mapped vmem /dev/vmem0 off=450971566080 len=9600069632 fd=5 prefetch=1 cache_used=0
nbr-bundle off=9600069632 stride=28672 bytes=267.03 GiB score_page=0 look_k=0
graph-file /mnt/disk0/chukexin_motivation/serving_t2i_10m/pagebin_graph.bin
graph-in-dram bytes=1280000000 src=graph-file
vec_stride=800 (packed=800) graph_in_dram=1
mapped DRAM window anon+mbind node=1 len=1073741824 (fallback; not DAX)
P3v2 softpin W=16 budget=67108864 install_top=4 fetch_top=0 page_group_b=0 install_all=0 threads=1 per_thread_window=1 cont_batch=0 score_page=0 expand_batch=8 issue_ahead=2
loaded id-map new→old n=10000000 from /mnt/disk0/chukexin_motivation/serving_t2i_10m/new_to_old_pagebin.bin
query_select nq=20/10000 shuffle_seed=42 flush_window=0 oneshot_fp=1 oracle_dram=0 oracle_window=0 pin_entry=1 host_used=1098156 host_cap=33554432 dram_bytes=1073741824 pin_cap=268435456
hide_warm_entry ids=8192 pin_bytes=6553600/268435456
policy=P3 budget=67108864 dram_bytes=1073741824 nq=20 beam=400 k=10 iters=0 oneshot_fp=1 pin_bytes=6553600/268435456
wall_s=0.416 throughput_QPS=48.04
cxl_ssd_to_dram_promote_GBps=1.202 promote_bytes=500531200 target=12.0
latency_ms mean=20.756 p50=21.190 p90=25.503 p99=26.567
recall@10=0.9500
cxl_dram_hit_pct=13.73
metrics queries=20 dram_hits=9728 ssd_misses=61100 hit_pct=13.73 promote_bytes=500531200 avg_promote_ns=1943.6 prefetch_pages=122200 evicts=0 dist=184407
hide from_win=184407 from_bounce=0 from_win_pct=100.00 hide_prec=301.81 crit_wait_ns=25800151 device_fill_ns=32104201 overlap=0.08
prefetch_use issued=59269 used=57522 page_use_pct=97.05 look_issued=0 look_used=0 look_use_pct=0.00 miss_use_pct=97.05 byte_use_pct=60.76 slot_use_pct=100.00 issue_use_pct=64.30 slots_on_pages=140597 slots_scored=140596 issue_slots=232442 issue_want=149459 scored_vec_B=147509600 nvme_read_B=238948352
nvme_real_GBps=0.574 occ_vs_rnd_peak=36.8% peak_GBps=1.560 page_use=97.05 slot_use=100.00 issue_use=64.30
CSV,P3,67108864,1073741824,20,400,0,48.04,20.756,21.190,25.503,26.567,0.9500,13.73,9728,61100,100.00,301.81,25800151,0.08
