==== PTW th=16 win=128MiB ====
mapped vmem /dev/vmem0 off=1181116006400 len=20480004096 fd=5 prefetch=1 cache_used=104857600
nav-graph results/paper_figs/nav_10k.bin n0=10000 dim=200 R=32
id-slot-map /mnt/disk0/chukexin_motivation/serving_t2i_10m/id_to_slot_10m_extent.bin n=10000000 (physical neighbor pairing)
diskann graph-file /mnt/disk0/chukexin_motivation/serving_t2i_10m/diskann_t2i_10m.graph.bin bytes=1280000000 (host N(u), no SSD ID faults)
vec_stride=2048 (packed=800) graph_in_dram=1 diskann=1
mapped HOST DRAM anon+mbind node=1 len=134217728 (fallback; not DAX)
P3v2 softpin W=16 budget=67108864 install_top=4 fetch_top=0 page_group_b=0 install_all=0 threads=16 inflight=0 per_thread_window=1 cont_batch=0 expand_batch=8 issue_ahead=1 slot_map=1 sync_hop=0 extent_run=1
loaded id-map new→old n=10000000 (file=40000000) from /mnt/disk0/chukexin_motivation/serving_t2i_10m/new_to_old_pagebin.bin
pq-nav pivots=/mnt/disk0/chukexin_motivation/pipeann_t2i10m/idx_t2i64_pq_pivots.bin codes=/mnt/disk0/chukexin_motivation/pipeann_t2i10m/idx_t2i64_pq_compressed.bin n=10000000 dim=200 chunks=64 permuted=1
query_select nq=100/10000 shuffle_seed=42 query_ids=- first=9377 last=5700 flush_window=0 oneshot_fp=0 oracle_dram=0 oracle_window=0 pin_entry=1 host_used=1165356 host_cap=33554432 host_bytes=134217728 dram_bytes=134217728 pin_cap=8388608
roles host_bytes=134217728 require_cxl_dram=0 cpu_affinity=1 per_thread_window=1 cxl_dram_dev=-
mapped HOST DRAM anon+mbind node=1 len=134217728 (fallback; not DAX)
mapped HOST DRAM anon+mbind node=1 len=134217728 (fallback; not DAX)
mapped HOST DRAM anon+mbind node=1 len=134217728 (fallback; not DAX)
mapped HOST DRAM anon+mbind node=1 len=134217728 (fallback; not DAX)
mapped HOST DRAM anon+mbind node=1 len=134217728 (fallback; not DAX)
mapped HOST DRAM anon+mbind node=1 len=134217728 (fallback; not DAX)
mapped HOST DRAM anon+mbind node=1 len=134217728 (fallback; not DAX)
mapped HOST DRAM anon+mbind node=1 len=134217728 (fallback; not DAX)
mapped HOST DRAM anon+mbind node=1 len=134217728 (fallback; not DAX)
mapped HOST DRAM anon+mbind node=1 len=134217728 (fallback; not DAX)
mapped HOST DRAM anon+mbind node=1 len=134217728 (fallback; not DAX)
mapped HOST DRAM anon+mbind node=1 len=134217728 (fallback; not DAX)
mapped HOST DRAM anon+mbind node=1 len=134217728 (fallback; not DAX)
mapped HOST DRAM anon+mbind node=1 len=134217728 (fallback; not DAX)
mapped HOST DRAM anon+mbind node=1 len=134217728 (fallback; not DAX)
mmap dram anon: Cannot allocate memory
