==== hide 10M PQ-64 T=1 nq=20 2026-09-04T19:49:14+00:00 ====
cache_used=104857600 evictions=48342379
mapped vmem /dev/vmem0 off=1181116006400 len=20480004096 fd=5 prefetch=1 cache_used=104857600
nav-graph /root/chukexin/CXL-ANNS-KX/results/paper_figs/nav_10k.bin n0=10000 dim=200 R=32
id-slot-map /mnt/disk0/chukexin_motivation/serving_t2i_10m/id_to_slot_10m_extent.bin n=10000000 (physical neighbor pairing)
diskann graph-file /mnt/disk0/chukexin_motivation/serving_t2i_10m/diskann_t2i_10m.graph.bin bytes=1280000000 (host N(u), no SSD ID faults)
vec_stride=2048 (packed=800) graph_in_dram=1 diskann=1
mapped HOST DRAM anon+mbind node=1 len=2147483648 (fallback; not DAX)
P3v2 softpin W=16 budget=67108864 install_top=4 fetch_top=0 page_group_b=0 install_all=0 threads=1 inflight=0 per_thread_window=0 cont_batch=0 pipe_depth=2 expand_batch=8 issue_ahead=1 slot_map=1 sync_hop=0 extent_run=1 direct_install=0 hide_score=window stagger_us=0 steal_sched=1 issue_qd=1 early_cl_at=256
loaded id-map new→old n=10000000 (file=40000000) from /mnt/disk0/chukexin_motivation/serving_t2i_10m/new_to_old_pagebin.bin
pq-nav pivots=/mnt/disk0/chukexin_motivation/pipeann_t2i10m/idx_t2i64_pq_pivots.bin codes=/mnt/disk0/chukexin_motivation/pipeann_t2i10m/idx_t2i64_pq_compressed.bin n=10000000 dim=200 chunks=64 permuted=1
query_select nq=20/10000 shuffle_seed=42 query_ids=- first=9377 last=9294 flush_window=0 oneshot_fp=0 oracle_dram=0 oracle_window=0 pin_entry=1 host_used=1098156 host_cap=33554432 host_bytes=2147483648 dram_bytes=2147483648 pin_cap=67108864
roles host_bytes=2147483648 require_cxl_dram=0 cpu_affinity=1 per_thread_window=0 cxl_dram_dev=-
policy=P3 budget=67108864 dram_bytes=2147483648 nq=20 beam=400 k=10 iters=0 oneshot_fp=0 pin_bytes=634880/67108864
wall_s=0.182 throughput_QPS=109.93
cxl_ssd_to_dram_promote_GBps=0.362 promote_bytes=65769472 target=12.0
latency_ms mean=9.094 p50=9.024 p90=11.123 p99=17.313
recall@10=0.9250
cxl_dram_hit_pct=1.24
metrics queries=20 dram_hits=102 ssd_misses=8106 hit_pct=1.24 promote_bytes=65769472 avg_promote_ns=1947.5 prefetch_pages=15902 evicts=0 dist=135648
hide from_win=8000 from_cxl_dram=0 from_bounce=0 from_cache=0 from_win_pct=100.00 from_cxl_dram_pct=0.00 hide_prec=100.62 crit_wait_ns=5799495 device_fill_ns=5799495 overlap=0.03
prefetch_use issued=7951 used=7176 page_use_pct=90.25 look_issued=0 look_used=0 look_use_pct=0.00 miss_use_pct=90.25 byte_use_pct=0.00 slot_use_pct=50.18 issue_use_pct=0.00 slots_on_pages=15902 slots_scored=7980 issue_slots=0 issue_want=0 scored_vec_B=0 nvme_read_B=32894976
issue_use_hist=[0,.2):0 [.2,.4):0 [.4,.6):0 [.6,.8):0 [.8,1]:0
spec_beam pages=0 ids=0
page_occ mean=50.18% pages=7951 0%=9.75 50%=80.14 100%=10.11 (n0=775 n50=6372 n100=804 slots=15902 used=7980)
nvme_real_GBps=0.181 occ_vs_rnd_peak=11.6% peak_GBps=1.560 page_use=90.25 slot_use=50.18 issue_use=0.00
CSV,P3,67108864,2147483648,20,400,0,109.93,9.094,9.024,11.123,17.313,0.9250,1.24,102,8106,100.00,100.62,5799495,0.03
