==== hide 10M T=1 e4 a1 nq=20 2026-09-04T04:15:57+00:00 ====
cache_used=104857600 limit=104857600
mapped vmem /dev/vmem0 off=858993459200 len=20480004096 fd=5 prefetch=1 cache_used=104857600
nav-graph /root/chukexin/CXL-ANNS-KX/results/paper_figs/nav_10k.bin n0=10000 dim=200 R=32
diskann graph-file /mnt/disk0/chukexin_motivation/serving_t2i_10m/diskann_t2i_10m.graph.bin bytes=1280000000 (host N(u), no SSD ID faults)
vec_stride=2048 (packed=800) graph_in_dram=1 diskann=1
mapped HOST DRAM anon+mbind node=1 len=2147483648 (fallback; not DAX)
P3v2 softpin W=16 budget=67108864 install_top=4 fetch_top=0 page_group_b=0 install_all=0 threads=1 per_thread_window=0 cont_batch=0 score_page=0 expand_batch=4 issue_ahead=1 min_issue_use=0.00 spec_beam_nbrs=0 expand_sib=0 slot_map=0 sync_hop=0 score_cache=0 direct_install=0 stripe_fill=0
loaded id-map new→old n=10000000 (file=40000000) from /mnt/disk0/chukexin_motivation/serving_t2i_10m/new_to_old_pagebin.bin
query_select nq=20/10000 shuffle_seed=42 query_ids=- first=9377 last=9294 flush_window=0 oneshot_fp=1 oracle_dram=0 oracle_window=0 pin_entry=1 host_used=1098156 host_cap=33554432 host_bytes=2147483648 dram_bytes=2147483648 pin_cap=67108864
roles host_bytes=2147483648 require_cxl_dram=0 cpu_affinity=1 per_thread_window=0 cxl_dram_dev=-
policy=P3 budget=67108864 dram_bytes=2147483648 nq=20 beam=400 k=10 iters=0 oneshot_fp=1 pin_bytes=528384/67108864
wall_s=0.799 throughput_QPS=25.04
cxl_ssd_to_dram_promote_GBps=1.178 promote_bytes=940457984 target=12.0
latency_ms mean=39.926 p50=42.058 p90=56.715 p99=71.715
recall@10=0.9450
cxl_dram_hit_pct=0.11
metrics queries=20 dram_hits=128 ssd_misses=114876 hit_pct=0.11 promote_bytes=940457984 avg_promote_ns=2657.2 prefetch_pages=229456 evicts=0 dist=134816
hide from_win=134797 from_cxl_dram=0 from_bounce=19 from_cache=0 from_win_pct=99.99 from_cxl_dram_pct=0.00 hide_prec=117.49 crit_wait_ns=45943907 device_fill_ns=45943907 overlap=0.06
prefetch_use issued=114728 used=114728 page_use_pct=100.00 look_issued=0 look_used=0 look_use_pct=0.00 miss_use_pct=100.00 byte_use_pct=22.95 slot_use_pct=56.95 issue_use_pct=0.00 slots_on_pages=229456 slots_scored=130669 issue_slots=0 issue_want=0 scored_vec_B=107836800 nvme_read_B=467570688
issue_use_hist=[0,.2):0 [.2,.4):0 [.4,.6):0 [.6,.8):0 [.8,1]:0
spec_beam pages=0 ids=0
page_occ mean=56.95% pages=114728 0%=0.00 50%=86.11 100%=13.89 (n0=0 n50=98787 n100=15941 slots=229456 used=130669)
nvme_real_GBps=0.586 occ_vs_rnd_peak=37.5% peak_GBps=1.560 page_use=100.00 slot_use=56.95 issue_use=0.00
CSV,P3,67108864,2147483648,20,400,0,25.04,39.926,42.058,56.715,71.715,0.9450,0.11,128,114876,99.99,117.49,45943907,0.06
