==== T=1 e8a2_graph_spec8_pick nq=20 2026-09-04T00:48:47+00:00 ====
cache_used=419430400 evictions=731009
mapped vmem /dev/vmem0 off=966367641600 len=2048917504 fd=5 prefetch=1 cache_used=419430400
nav-graph /root/chukexin/CXL-ANNS-KX/results/paper_figs/nav_1m_10k.bin n0=10000 dim=200 R=32
diskann graph-file /mnt/disk0/chukexin_motivation/serving_t2i_10m/diskann_t2i_1m.graph.bin bytes=128000000 (host N(u), no SSD ID faults)
vec_stride=2048 (packed=800) graph_in_dram=1 diskann=1
mapped HOST DRAM anon+mbind node=1 len=2147483648 (fallback; not DAX)
P3v2 softpin W=16 budget=67108864 install_top=4 fetch_top=0 page_group_b=0 install_all=0 threads=1 per_thread_window=0 cont_batch=0 score_page=0 expand_batch=8 issue_ahead=2 min_issue_use=0.00 spec_beam_nbrs=8 page_pick=1
loaded id-map new→old n=1000000 (file=40000000) from /mnt/disk0/chukexin_motivation/serving_t2i_10m/new_to_old_pagebin.bin
query_select nq=20/10000 shuffle_seed=42 flush_window=0 oneshot_fp=1 oracle_dram=0 oracle_window=0 pin_entry=1 host_used=1098156 host_cap=33554432 host_bytes=2147483648 dram_bytes=2147483648 pin_cap=536870912
roles host_bytes=2147483648 require_cxl_dram=0 cpu_affinity=1 per_thread_window=0 cxl_dram_dev=-
hide_warm_entry ids=8192 pin_bytes=16777216/536870912
policy=P3 budget=67108864 dram_bytes=2147483648 nq=20 beam=400 k=10 iters=0 oneshot_fp=1 pin_bytes=16777216/536870912
wall_s=0.307 throughput_QPS=65.24
cxl_ssd_to_dram_promote_GBps=1.165 promote_bytes=357228544 target=12.0
latency_ms mean=15.325 p50=14.402 p90=21.792 p99=26.811
recall@10=0.0350
cxl_dram_hit_pct=15.81
metrics queries=20 dram_hits=8192 ssd_misses=43615 hit_pct=15.81 promote_bytes=357228544 avg_promote_ns=1822.4 prefetch_pages=87198 evicts=0 dist=55317
hide from_win=55301 from_cxl_dram=0 from_bounce=16 from_win_pct=99.97 from_cxl_dram_pct=0.00 hide_prec=126.84 crit_wait_ns=18512924 device_fill_ns=26818030 overlap=0.09
prefetch_use issued=39503 used=39335 page_use_pct=99.57 look_issued=0 look_used=0 look_use_pct=0.00 miss_use_pct=99.57 byte_use_pct=27.34 slot_use_pct=63.25 issue_use_pct=55.40 slots_on_pages=79006 slots_scored=49969 issue_slots=109142 issue_want=60467 scored_vec_B=44237600 nvme_read_B=1916928
issue_use_hist=[0,.2):0 [.2,.4):0 [.4,.6):48675 [.6,.8):0 [.8,1]:5896
spec_beam pages=5195 ids=706
nvme_real_GBps=0.006 occ_vs_rnd_peak=0.4% peak_GBps=1.560 page_use=99.57 slot_use=63.25 issue_use=55.40
CSV,P3,67108864,2147483648,20,400,0,65.24,15.325,14.402,21.792,26.811,0.0350,15.81,8192,43615,99.97,126.84,18512924,0.09
cache_used_after=419430400 evictions_after=731477
