mapped vmem /dev/vmem0 off=450971566080 len=9600069632 fd=5 prefetch=1 cache_used=0
graph-file /mnt/disk0/chukexin_motivation/serving_t2i_10m/pagebin_graph.bin
graph-in-dram bytes=1280000000 src=graph-file
vec_stride=800 (packed=800) graph_in_dram=1
mapped DRAM window anon+mbind node=1 len=1073741824 (fallback; not DAX)
P3v2 softpin W=16 budget=67108864 install_top=4 fetch_top=0 page_group_b=0 install_all=0 threads=1 per_thread_window=1 cont_batch=0 score_page=1
loaded id-map new→old n=10000000 from /mnt/disk0/chukexin_motivation/serving_t2i_10m/new_to_old_pagebin.bin
query_select nq=20/10000 shuffle_seed=42 flush_window=0 oneshot_fp=1 oracle_dram=0 oracle_window=0 pin_entry=1 host_used=1098156 host_cap=33554432 dram_bytes=1073741824 pin_cap=268435456
hide_warm_entry ids=8192 pin_bytes=6553600/268435456
policy=P3 budget=67108864 dram_bytes=1073741824 nq=20 beam=400 k=10 iters=0 oneshot_fp=1 pin_bytes=6553600/268435456
wall_s=1.339 throughput_QPS=14.94
cxl_ssd_to_dram_promote_GBps=0.655 promote_bytes=876371968 target=12.0
latency_ms mean=66.906 p50=69.264 p90=95.795 p99=110.800
recall@10=0.9650
cxl_dram_hit_pct=83.65
metrics queries=20 dram_hits=547276 ssd_misses=106979 hit_pct=83.65 promote_bytes=876371968 avg_promote_ns=2022.4 prefetch_pages=213958 evicts=0 dist=510965
hide from_win=510965 from_bounce=0 from_win_pct=100.00 hide_prec=477.63 crit_wait_ns=17339544 device_fill_ns=22068392 overlap=0.02
prefetch_use issued=105379 used=105379 page_use_pct=100.00 look_issued=0 look_used=0 look_use_pct=0.00 miss_use_pct=100.00 byte_use_pct=94.70 slot_use_pct=100.00 slots_on_pages=439310 slots_scored=439310 scored_vec_B=408756000 nvme_read_B=426618880
nvme_real_GBps=0.319 occ_vs_rnd_peak=20.4% peak_GBps=1.560 page_use=100.00 slot_use=100.00
CSV,P3,67108864,1073741824,20,400,0,14.94,66.906,69.264,95.795,110.800,0.9650,83.65,547276,106979,100.00,477.63,17339544,0.02
