mapped vmem /dev/vmem0 off=450971566080 len=9600069632 fd=5 prefetch=1 cache_used=0
nbr-bundle off=9600069632 stride=28672 bytes=267.03 GiB score_page=0 look_k=0
graph-file /mnt/disk0/chukexin_motivation/serving_t2i_10m/pagebin_graph.bin
graph-in-dram bytes=1280000000 src=graph-file
vec_stride=800 (packed=800) graph_in_dram=1
mapped DRAM window anon+mbind node=1 len=1073741824 (fallback; not DAX)
P3v2 softpin W=16 budget=67108864 install_top=4 fetch_top=0 page_group_b=0 install_all=0 threads=1 per_thread_window=1 cont_batch=0 score_page=0 expand_batch=8 issue_ahead=2
loaded id-map new→old n=10000000 from /mnt/disk0/chukexin_motivation/serving_t2i_10m/new_to_old_pagebin.bin
query_select nq=100/10000 shuffle_seed=42 flush_window=0 oneshot_fp=1 oracle_dram=0 oracle_window=0 pin_entry=1 host_used=1165356 host_cap=33554432 dram_bytes=1073741824 pin_cap=268435456
hide_warm_entry ids=8192 pin_bytes=6553600/268435456
policy=P3 budget=67108864 dram_bytes=1073741824 nq=100 beam=400 k=10 iters=0 oneshot_fp=1 pin_bytes=6553600/268435456
wall_s=2.162 throughput_QPS=46.25
cxl_ssd_to_dram_promote_GBps=1.096 promote_bytes=2370215936 target=12.0
latency_ms mean=21.614 p50=20.485 p90=28.379 p99=47.518
recall@10=0.9340
cxl_dram_hit_pct=3.25
metrics queries=100 dram_hits=9728 ssd_misses=289333 hit_pct=3.25 promote_bytes=2370215936 avg_promote_ns=1940.3 prefetch_pages=578666 evicts=27189 dist=877276
hide from_win=877276 from_bounce=0 from_win_pct=100.00 hide_prec=303.21 crit_wait_ns=159892859 device_fill_ns=166301438 overlap=0.08
prefetch_use issued=287446 used=277064 page_use_pct=96.39 look_issued=0 look_used=0 look_use_pct=0.00 miss_use_pct=96.39 byte_use_pct=59.60 slot_use_pct=100.00 slots_on_pages=643615 slots_scored=643614 scored_vec_B=701740800 nvme_read_B=1160622080
nvme_real_GBps=0.537 occ_vs_rnd_peak=34.4% peak_GBps=1.560 page_use=96.39 slot_use=100.00
CSV,P3,67108864,1073741824,100,400,0,46.25,21.614,20.485,28.379,47.518,0.9340,3.25,9728,289333,100.00,303.21,159892859,0.08
