# Task4 T=4 true-cold 2026-08-31T02:57:07+00:00 kernel=6.18.0-rc5
# cache_used=4096 nvme=/dev/nvme2n1 bdf=0000:d9:00.0
# extra_flags=
mapped vmem /dev/vmem0 off=450971566080 len=9600069632 fd=5 prefetch=1 cache_used=4096
nbr-bundle off=9600069632 stride=28672 bytes=267.03 GiB score_page=0 look_k=0
graph-file /mnt/disk0/chukexin_motivation/serving_t2i_10m/pagebin_graph.bin
graph-in-dram bytes=1280000000 src=graph-file
vec_stride=800 (packed=800) graph_in_dram=1
mapped DRAM window anon+mbind node=1 len=536870912 (fallback; not DAX)
P3v2 softpin W=16 budget=67108864 install_top=4 fetch_top=0 page_group_b=0 install_all=0 threads=4 per_thread_window=1 cont_batch=0 score_page=0 expand_batch=8 issue_ahead=2 min_issue_use=0.00
loaded id-map new→old n=10000000 from /mnt/disk0/chukexin_motivation/serving_t2i_10m/new_to_old_pagebin.bin
query_select nq=100/10000 shuffle_seed=42 flush_window=0 oneshot_fp=1 oracle_dram=0 oracle_window=0 pin_entry=1 host_used=1165356 host_cap=33554432 dram_bytes=536870912 pin_cap=268435456
hide_warm_entry ids=8192 pin_bytes=6553600/268435456
mapped DRAM window anon+mbind node=1 len=536870912 (fallback; not DAX)
mapped DRAM window anon+mbind node=1 len=536870912 (fallback; not DAX)
mapped DRAM window anon+mbind node=1 len=536870912 (fallback; not DAX)
mapped DRAM window anon+mbind node=1 len=536870912 (fallback; not DAX)
per-thread windows=4 dram_bytes=536870912 warm_before_timed=1
policy=P3 budget=67108864 dram_bytes=536870912 nq=100 beam=400 k=10 iters=0 oneshot_fp=1 pin_bytes=6553600/268435456
wall_s=0.747 throughput_QPS=133.83
cxl_ssd_to_dram_promote_GBps=3.137 promote_bytes=2344034304 target=12.0
latency_ms mean=29.691 p50=28.966 p90=38.606 p99=46.661
recall@10=0.9390
cxl_dram_hit_pct=22.38
metrics queries=100 dram_hits=82628 ssd_misses=286651 hit_pct=22.38 promote_bytes=2344034304 avg_promote_ns=2368.1 prefetch_pages=571246 evicts=0 dist=821189
hide from_win=821189 from_bounce=0 from_win_pct=100.00 hide_prec=287.51 crit_wait_ns=41145701 device_fill_ns=62942620 overlap=0.08
prefetch_use issued=270162 used=260191 page_use_pct=96.31 look_issued=0 look_used=0 look_use_pct=0.00 miss_use_pct=96.31 byte_use_pct=59.36 slot_use_pct=100.00 issue_use_pct=62.34 slots_on_pages=603970 slots_scored=603969 issue_slots=1068587 issue_want=666198 scored_vec_B=656871200 nvme_read_B=1090252800
issue_use_hist=[0,.2):21030 [.2,.4):47368 [.4,.6):52781 [.6,.8):59083 [.8,1]:100847
nvme_real_GBps=1.459 occ_vs_rnd_peak=93.5% peak_GBps=1.560 page_use=96.31 slot_use=100.00 issue_use=62.34
CSV,P3,67108864,536870912,100,400,0,133.83,29.691,28.966,38.606,46.661,0.9390,22.38,82628,286651,100.00,287.51,41145701,0.08
