==== Hide 1M cache400MiB P3+cont-batch T=8 nq=20 2026-09-04T00:36:14+00:00 ====
cache_used=180371456 evictions=0
mapped vmem /dev/vmem0 off=966367641600 len=2048917504 fd=5 prefetch=1 cache_used=180371456
nav-graph /root/chukexin/CXL-ANNS-KX/results/paper_figs/nav_1m_10k.bin n0=10000 dim=200 R=32
vec_stride=2048 (packed=800) graph_in_dram=1 diskann=1
mapped HOST DRAM anon+mbind node=1 len=2147483648 (fallback; not DAX)
P3v2 softpin W=16 budget=67108864 install_top=4 fetch_top=0 page_group_b=0 install_all=0 threads=8 per_thread_window=0 cont_batch=1 score_page=0 expand_batch=8 issue_ahead=2 min_issue_use=0.00 spec_beam_nbrs=0
loaded id-map new→old n=1000000 (file=40000000) from /mnt/disk0/chukexin_motivation/serving_t2i_10m/new_to_old_pagebin.bin
query_select nq=20/10000 shuffle_seed=42 flush_window=0 oneshot_fp=1 oracle_dram=0 oracle_window=0 pin_entry=1 host_used=1098156 host_cap=33554432 host_bytes=2147483648 dram_bytes=2147483648 pin_cap=536870912
roles host_bytes=2147483648 require_cxl_dram=0 cpu_affinity=1 per_thread_window=0 cxl_dram_dev=-
hide_warm_entry ids=8192 pin_bytes=16777216/536870912
policy=P3 budget=67108864 dram_bytes=2147483648 nq=20 beam=400 k=10 iters=0 oneshot_fp=1 pin_bytes=16809984/536870912
wall_s=0.289 throughput_QPS=69.21
cxl_ssd_to_dram_promote_GBps=1.112 promote_bytes=321425408 target=12.0
latency_ms mean=104.069 p50=110.407 p90=165.511 p99=221.582
recall@10=0.0350
cxl_dram_hit_pct=20.72
metrics queries=20 dram_hits=10253 ssd_misses=39238 hit_pct=20.72 promote_bytes=321425408 avg_promote_ns=2790.7 prefetch_pages=78457 evicts=0 dist=48020
hide from_win=48012 from_cxl_dram=0 from_bounce=8 from_win_pct=99.98 from_cxl_dram_pct=0.00 hide_prec=122.37 crit_wait_ns=28480609 device_fill_ns=36389728 overlap=0.13
prefetch_use issued=35126 used=35126 page_use_pct=100.00 look_issued=0 look_used=0 look_use_pct=0.00 miss_use_pct=100.00 byte_use_pct=26.69 slot_use_pct=62.41 issue_use_pct=0.00 slots_on_pages=70252 slots_scored=43846 issue_slots=0 issue_want=0 scored_vec_B=38400000 nvme_read_B=483328
issue_use_hist=[0,.2):0 [.2,.4):0 [.4,.6):0 [.6,.8):0 [.8,1]:0
spec_beam pages=0 ids=0
nvme_real_GBps=0.002 occ_vs_rnd_peak=0.1% peak_GBps=1.560 page_use=100.00 slot_use=62.41 issue_use=0.00
CSV,P3,67108864,2147483648,20,400,0,69.21,104.069,110.407,165.511,221.582,0.0350,20.72,10253,39238,99.98,122.37,28480609,0.13
cache_used_after=180854784 evictions_after=0
