mapped vmem /dev/vmem0 off=450971566080 len=9600069632 fd=5 prefetch=1 cache_used=0
nbr-bundle off=9600069632 stride=28672 bytes=267.03 GiB score_page=0 look_k=0
graph-file /mnt/disk0/chukexin_motivation/serving_t2i_10m/pagebin_graph.bin
graph-in-dram bytes=1280000000 src=graph-file
vec_stride=800 (packed=800) graph_in_dram=1
mapped DRAM window anon+mbind node=1 len=1073741824 (fallback; not DAX)
P3v2 softpin W=16 budget=67108864 install_top=4 fetch_top=0 page_group_b=0 install_all=0 threads=1 per_thread_window=1 cont_batch=0 score_page=0 expand_batch=32
loaded id-map new→old n=10000000 from /mnt/disk0/chukexin_motivation/serving_t2i_10m/new_to_old_pagebin.bin
query_select nq=20/10000 shuffle_seed=42 flush_window=0 oneshot_fp=1 oracle_dram=0 oracle_window=0 pin_entry=1 host_used=1098156 host_cap=33554432 dram_bytes=1073741824 pin_cap=268435456
hide_warm_entry ids=8192 pin_bytes=6553600/268435456
policy=P3 budget=67108864 dram_bytes=1073741824 nq=20 beam=400 k=10 iters=0 oneshot_fp=1 pin_bytes=6553600/268435456
wall_s=0.504 throughput_QPS=39.70
cxl_ssd_to_dram_promote_GBps=1.127 promote_bytes=567877632 target=12.0
latency_ms mean=25.150 p50=25.091 p90=30.867 p99=34.458
recall@10=0.9500
cxl_dram_hit_pct=12.31
metrics queries=20 dram_hits=9728 ssd_misses=69321 hit_pct=12.31 promote_bytes=567877632 avg_promote_ns=1841.9 prefetch_pages=138642 evicts=0 dist=226219
hide from_win=226219 from_bounce=0 from_win_pct=100.00 hide_prec=326.34 crit_wait_ns=32462232 device_fill_ns=38085739 overlap=0.08
prefetch_use issued=67490 used=65525 page_use_pct=97.09 look_issued=0 look_used=0 look_use_pct=0.00 miss_use_pct=97.09 byte_use_pct=65.46 slot_use_pct=100.00 slots_on_pages=161427 slots_scored=161426 scored_vec_B=180959200 nvme_read_B=271974400
nvme_real_GBps=0.540 occ_vs_rnd_peak=34.6% peak_GBps=1.560 page_use=97.09 slot_use=100.00
CSV,P3,67108864,1073741824,20,400,0,39.70,25.150,25.091,30.867,34.458,0.9500,12.31,9728,69321,100.00,326.34,32462232,0.08
