mapped vmem /dev/vmem0 off=450971566080 len=9600069632 fd=5 prefetch=1 cache_used=349753344
nbr-bundle off=9600069632 stride=28672 bytes=267.03 GiB score_page=0 look_k=0
graph-file /mnt/disk0/chukexin_motivation/serving_t2i_10m/pagebin_graph_deg.bin
graph-in-dram bytes=1280000000 src=graph-file
vec_stride=800 (packed=800) graph_in_dram=1
mapped DRAM window anon+mbind node=1 len=1073741824 (fallback; not DAX)
P3v2 softpin W=16 budget=67108864 install_top=4 fetch_top=0 page_group_b=0 install_all=0 threads=1 per_thread_window=1 cont_batch=0 score_page=0 expand_batch=8 issue_ahead=2
loaded id-map new→old n=10000000 from /mnt/disk0/chukexin_motivation/serving_t2i_10m/new_to_old_pagebin.bin
query_select nq=100/10000 shuffle_seed=42 flush_window=0 oneshot_fp=1 oracle_dram=0 oracle_window=1 pin_entry=1 host_used=1165356 host_cap=33554432 dram_bytes=1073741824 pin_cap=268435456
hide_warm_entry ids=8192 pin_bytes=6553600/268435456
oracle-window discarded pass nq=100 (pin WS into shared window)
oracle-window timed pass freeze_fills=1 pin_bytes=6553600
policy=P3 budget=67108864 dram_bytes=1073741824 nq=100 beam=400 k=10 iters=0 oneshot_fp=1 pin_bytes=6553600/268435456
wall_s=1.826 throughput_QPS=54.77
cxl_ssd_to_dram_promote_GBps=0.606 promote_bytes=1106673664 target=12.0
latency_ms mean=18.244 p50=17.940 p90=23.819 p99=46.868
recall@10=0.4030
cxl_dram_hit_pct=0.00
metrics queries=100 dram_hits=0 ssd_misses=135092 hit_pct=0.00 promote_bytes=1106673664 avg_promote_ns=693.9 prefetch_pages=270184 evicts=135092 dist=951980
hide from_win=951980 from_bounce=0 from_win_pct=100.00 hide_prec=704.69 crit_wait_ns=0 device_fill_ns=7834808 overlap=0.00
prefetch_use issued=135071 used=133611 page_use_pct=98.92 look_issued=0 look_used=0 look_use_pct=0.00 miss_use_pct=98.92 byte_use_pct=137.64 slot_use_pct=100.00 issue_use_pct=70.58 slots_on_pages=379279 slots_scored=379278 issue_slots=1091461 issue_want=770316 scored_vec_B=761504000 nvme_read_B=0
nvme_real_GBps=0.000 occ_vs_rnd_peak=0.0% peak_GBps=1.560 page_use=98.92 slot_use=100.00 issue_use=70.58
CSV,P3,67108864,1073741824,100,400,0,54.77,18.244,17.940,23.819,46.868,0.4030,0.00,0,135092,100.00,704.69,0,0.00
