==== Oracle 1M vmem-cache T=32 nq=20 2026-09-04T00:26:33+00:00 ====
2034245632
mapped vmem /dev/vmem0 off=966367641600 len=2048917504 fd=5 prefetch=1 cache_used=2034245632
oracle warmed vmem corpus cache_used=2034245632
nav-graph /root/chukexin/CXL-ANNS-KX/results/paper_figs/nav_1m_10k.bin n0=10000 dim=200 R=32
vec_stride=2048 (packed=800) graph_in_dram=1 diskann=1
oracle DiskANN scores from corpus mmap (/dev/vmem0); dummy window 67108864
loaded id-map new→old n=1000000 (file=40000000) from /mnt/disk0/chukexin_motivation/serving_t2i_10m/new_to_old_pagebin.bin
query_select nq=20/10000 shuffle_seed=42 flush_window=0 oneshot_fp=1 oracle_dram=1 oracle_window=0 pin_entry=1 host_used=1098156 host_cap=33554432 host_bytes=2147483648 dram_bytes=67108864 pin_cap=4194304
roles host_bytes=2147483648 require_cxl_dram=0 cpu_affinity=1 per_thread_window=0 cxl_dram_dev=-
policy=P0 budget=67108864 dram_bytes=67108864 nq=20 beam=400 k=10 iters=0 oneshot_fp=1 pin_bytes=598016/4194304
wall_s=0.032 throughput_QPS=629.63
cxl_ssd_to_dram_promote_GBps=0.019 promote_bytes=598016 target=12.0
latency_ms mean=12.092 p50=12.585 p90=15.704 p99=23.474
recall@10=0.0350
cxl_dram_hit_pct=97.01
metrics queries=20 dram_hits=4737 ssd_misses=146 hit_pct=97.01 promote_bytes=598016 avg_promote_ns=5811.3 prefetch_pages=0 evicts=0 dist=46815
hide from_win=46815 from_cxl_dram=46815 from_bounce=0 from_win_pct=100.00 from_cxl_dram_pct=100.00 hide_prec=0.00 crit_wait_ns=0 device_fill_ns=0 overlap=0.00
prefetch_use issued=0 used=0 page_use_pct=0.00 look_issued=0 look_used=0 look_use_pct=0.00 miss_use_pct=0.00 byte_use_pct=0.00 slot_use_pct=0.00 issue_use_pct=0.00 slots_on_pages=0 slots_scored=0 issue_slots=0 issue_want=0 scored_vec_B=0 nvme_read_B=0
issue_use_hist=[0,.2):0 [.2,.4):0 [.4,.6):0 [.6,.8):0 [.8,1]:0
spec_beam pages=0 ids=0
nvme_real_GBps=0.000 occ_vs_rnd_peak=0.0% peak_GBps=1.560 page_use=0.00 slot_use=0.00 issue_use=0.00
CSV,P0,67108864,67108864,20,400,0,629.63,12.092,12.585,15.704,23.474,0.0350,97.01,4737,146,100.00,0.00,0,0.00
