mapped vmem /dev/vmem0 off=450971566080 len=9600069632 fd=5 prefetch=1 cache_used=311775232
graph-file /mnt/disk0/chukexin_motivation/serving_t2i_10m/pagebin_graph.bin
graph-in-dram bytes=1280000000 src=graph-file
vec_stride=800 (packed=800) graph_in_dram=1
mapped DRAM window anon+mbind node=1 len=1073741824 (fallback; not DAX)
P3v2 softpin W=16 budget=67108864 install_top=4 fetch_top=0 page_group_b=0 install_all=0 threads=1 per_thread_window=1 cont_batch=0
loaded id-map new→old n=10000000 from /mnt/disk0/chukexin_motivation/serving_t2i_10m/new_to_old_pagebin.bin
query_select nq=20/10000 shuffle_seed=42 flush_window=0 oneshot_fp=1 oracle_dram=0 oracle_window=1 pin_entry=1 host_used=1098156 host_cap=33554432 dram_bytes=1073741824 pin_cap=268435456
hide_warm_entry ids=8192 pin_bytes=6553600/268435456
oracle-window discarded pass nq=20 (pin WS into 1GiB window)
oracle-window timed pass freeze_fills=1 pin_bytes=6553600
policy=P3 budget=67108864 dram_bytes=1073741824 nq=20 beam=250 k=10 iters=0 oneshot_fp=1 pin_bytes=6553600/268435456
wall_s=0.118 throughput_QPS=169.78
cxl_ssd_to_dram_promote_GBps=0.000 promote_bytes=0 target=12.0
latency_ms mean=5.783 p50=5.943 p90=7.499 p99=9.763
recall@10=0.9300
cxl_dram_hit_pct=100.00
metrics queries=20 dram_hits=106503 ssd_misses=0 hit_pct=100.00 promote_bytes=0 avg_promote_ns=0.0 prefetch_pages=0 evicts=0 dist=89616
hide from_win=89616 from_bounce=0 from_win_pct=100.00 hide_prec=0.00 crit_wait_ns=0 device_fill_ns=0 overlap=0.00
CSV,P3,67108864,1073741824,20,250,0,169.78,5.783,5.943,7.499,9.763,0.9300,100.00,106503,0,100.00,0.00,0,0.00
