mapped vmem /dev/vmem0 off=450971566080 len=9600069632 fd=5 prefetch=1 cache_used=1257492480
nbr-bundle off=9600069632 stride=28672 bytes=267.03 GiB score_page=0 look_k=0
graph-file /mnt/disk0/chukexin_motivation/serving_t2i_10m/pagebin_graph_deg.bin
graph-in-dram bytes=1280000000 src=graph-file
vec_stride=800 (packed=800) graph_in_dram=1
mapped DRAM window anon+mbind node=1 len=536870912 (fallback; not DAX)
P3v2 softpin W=16 budget=67108864 install_top=4 fetch_top=0 page_group_b=0 install_all=0 threads=4 per_thread_window=1 cont_batch=0 score_page=0 expand_batch=8 issue_ahead=2
loaded id-map new→old n=10000000 from /mnt/disk0/chukexin_motivation/serving_t2i_10m/new_to_old_pagebin.bin
query_select nq=100/10000 shuffle_seed=42 flush_window=0 oneshot_fp=1 oracle_dram=0 oracle_window=1 pin_entry=1 host_used=1165356 host_cap=33554432 dram_bytes=536870912 pin_cap=268435456
hide_warm_entry ids=8192 pin_bytes=6553600/268435456
mapped DRAM window anon+mbind node=1 len=536870912 (fallback; not DAX)
mapped DRAM window anon+mbind node=1 len=536870912 (fallback; not DAX)
mapped DRAM window anon+mbind node=1 len=536870912 (fallback; not DAX)
mapped DRAM window anon+mbind node=1 len=536870912 (fallback; not DAX)
per-thread windows=4 dram_bytes=536870912 warm_before_timed=1
oracle-window discarded pass nq=100 threads=4 (pin WS into each window)
oracle-window timed pass freeze_fills=1 pin_bytes=6553600
policy=P3 budget=67108864 dram_bytes=536870912 nq=100 beam=400 k=10 iters=0 oneshot_fp=1 pin_bytes=6553600/268435456
wall_s=0.863 throughput_QPS=115.83
cxl_ssd_to_dram_promote_GBps=1.677 promote_bytes=1448173568 target=12.0
latency_ms mean=15.926 p50=15.077 p90=20.506 p99=41.157
recall@10=0.2810
cxl_dram_hit_pct=16.09
metrics queries=100 dram_hits=33988 ssd_misses=177293 hit_pct=16.09 promote_bytes=1448173568 avg_promote_ns=485.4 prefetch_pages=352530 evicts=177293 dist=1017656
hide from_win=1017656 from_bounce=0 from_win_pct=100.00 hide_prec=577.34 crit_wait_ns=0 device_fill_ns=4718504 overlap=0.01
prefetch_use issued=145578 used=144654 page_use_pct=99.37 look_issued=0 look_used=0 look_use_pct=0.00 miss_use_pct=99.37 byte_use_pct=136.52 slot_use_pct=100.00 issue_use_pct=74.35 slots_on_pages=402685 slots_scored=402684 issue_slots=1107599 issue_want=823484 scored_vec_B=814044800 nvme_read_B=0
nvme_real_GBps=0.000 occ_vs_rnd_peak=0.0% peak_GBps=1.560 page_use=99.37 slot_use=100.00 issue_use=74.35
CSV,P3,67108864,536870912,100,400,0,115.83,15.926,15.077,20.506,41.157,0.2810,16.09,33988,177293,100.00,577.34,0,0.01
