mapped vmem /dev/vmem0 off=450971566080 len=9600069632 fd=5 prefetch=1 cache_used=1371463680
nbr-bundle off=9600069632 stride=28672 bytes=267.03 GiB score_page=0 look_k=0
graph-file /mnt/disk0/chukexin_motivation/serving_t2i_10m/pagebin_graph_deg.bin
graph-in-dram bytes=1280000000 src=graph-file
vec_stride=800 (packed=800) graph_in_dram=1
mapped DRAM window anon+mbind node=1 len=536870912 (fallback; not DAX)
P3v2 softpin W=16 budget=67108864 install_top=4 fetch_top=0 page_group_b=0 install_all=0 threads=4 per_thread_window=1 cont_batch=0 score_page=0 expand_batch=8 issue_ahead=2
loaded id-map new→old n=10000000 from /mnt/disk0/chukexin_motivation/serving_t2i_10m/new_to_old_pagebin.bin
query_select nq=100/10000 shuffle_seed=42 flush_window=0 oneshot_fp=1 oracle_dram=0 oracle_window=1 pin_entry=1 host_used=1165356 host_cap=33554432 dram_bytes=536870912 pin_cap=268435456
hide_warm_entry ids=8192 pin_bytes=6553600/268435456
mapped DRAM window anon+mbind node=1 len=536870912 (fallback; not DAX)
mapped DRAM window anon+mbind node=1 len=536870912 (fallback; not DAX)
mapped DRAM window anon+mbind node=1 len=536870912 (fallback; not DAX)
mapped DRAM window anon+mbind node=1 len=536870912 (fallback; not DAX)
per-thread windows=4 dram_bytes=536870912 warm_before_timed=1
oracle-window discarded pass nq=100 threads=4 (pin each thread's own queries)
oracle-window timed pass freeze_fills=1 pin_bytes=6553600
policy=P3 budget=67108864 dram_bytes=536870912 nq=100 beam=400 k=10 iters=0 oneshot_fp=1 pin_bytes=6553600/268435456
wall_s=0.534 throughput_QPS=187.41
cxl_ssd_to_dram_promote_GBps=0.239 promote_bytes=127295488 target=12.0
latency_ms mean=11.163 p50=10.262 p90=12.902 p99=31.729
recall@10=0.8950
cxl_dram_hit_pct=67.92
metrics queries=100 dram_hits=33988 ssd_misses=16053 hit_pct=67.92 promote_bytes=127295488 avg_promote_ns=2422.7 prefetch_pages=30050 evicts=0 dist=777060
hide from_win=777060 from_bounce=0 from_win_pct=100.00 hide_prec=5171.78 crit_wait_ns=0 device_fill_ns=8015200 overlap=0.02
prefetch_use issued=15022 used=14101 page_use_pct=93.87 look_issued=0 look_used=0 look_use_pct=0.00 miss_use_pct=93.87 byte_use_pct=1010.19 slot_use_pct=100.00 issue_use_pct=61.65 slots_on_pages=47354 slots_scored=47353 issue_slots=1018491 issue_want=627871 scored_vec_B=621568000 nvme_read_B=0
nvme_real_GBps=0.000 occ_vs_rnd_peak=0.0% peak_GBps=1.560 page_use=93.87 slot_use=100.00 issue_use=61.65
CSV,P3,67108864,536870912,100,400,0,187.41,11.163,10.262,12.902,31.729,0.8950,67.92,33988,16053,100.00,5171.78,0,0.02
