mapped vmem /dev/vmem0 off=450971566080 len=9600069632 fd=5 prefetch=1 cache_used=66142208
nbr-bundle off=9600069632 stride=28672 bytes=267.03 GiB score_page=0 look_k=0
graph-file /mnt/disk0/chukexin_motivation/serving_t2i_10m/pagebin_graph_deg.bin
graph-in-dram bytes=1280000000 src=graph-file
vec_stride=800 (packed=800) graph_in_dram=1
mapped DRAM window anon+mbind node=1 len=1073741824 (fallback; not DAX)
P3v2 softpin W=16 budget=67108864 install_top=4 fetch_top=0 page_group_b=0 install_all=0 threads=1 per_thread_window=1 cont_batch=0 score_page=0 expand_batch=8 issue_ahead=2
loaded id-map new→old n=10000000 from /mnt/disk0/chukexin_motivation/serving_t2i_10m/new_to_old_pagebin.bin
query_select nq=20/10000 shuffle_seed=42 flush_window=0 oneshot_fp=1 oracle_dram=0 oracle_window=1 pin_entry=1 host_used=1098156 host_cap=33554432 dram_bytes=1073741824 pin_cap=268435456
hide_warm_entry ids=8192 pin_bytes=6553600/268435456
oracle-window discarded pass nq=20 (pin WS into shared window)
oracle-window timed pass freeze_fills=1 pin_bytes=6553600
policy=P3 budget=67108864 dram_bytes=1073741824 nq=20 beam=400 k=10 iters=0 oneshot_fp=1 pin_bytes=6553600/268435456
wall_s=0.209 throughput_QPS=95.91
cxl_ssd_to_dram_promote_GBps=0.141 promote_bytes=29417472 target=12.0
latency_ms mean=10.361 p50=10.065 p90=12.696 p99=13.439
recall@10=0.9250
cxl_dram_hit_pct=0.00
metrics queries=20 dram_hits=0 ssd_misses=3591 hit_pct=0.00 promote_bytes=29417472 avg_promote_ns=1851.4 prefetch_pages=7182 evicts=0 dist=156804
hide from_win=156804 from_bounce=0 from_win_pct=100.00 hide_prec=4366.58 crit_wait_ns=0 device_fill_ns=2001772 overlap=0.01
prefetch_use issued=3591 used=3416 page_use_pct=95.13 look_issued=0 look_used=0 look_use_pct=0.00 miss_use_pct=95.13 byte_use_pct=852.74 slot_use_pct=99.99 issue_use_pct=61.70 slots_on_pages=11245 slots_scored=11244 issue_slots=205109 issue_want=126543 scored_vec_B=125427200 nvme_read_B=0
nvme_real_GBps=0.000 occ_vs_rnd_peak=0.0% peak_GBps=1.560 page_use=95.13 slot_use=99.99 issue_use=61.70
CSV,P3,67108864,1073741824,20,400,0,95.91,10.361,10.065,12.696,13.439,0.9250,0.00,0,3591,100.00,4366.58,0,0.01
