=== 2026-08-11T15:13:24+00:00 P0 W=0 ===
mapped vmem /dev/vmem0 off=214748364800 len=80800071680
mapped CXL-DRAM dax /dev/dax0.0 off=0 len=1073741824
query_select nq=100/10000 shuffle_seed=42 flush_window=0 oneshot_fp=1 pin_entry=1 host_used=1392556 host_cap=33554432 dram_bytes=1073741824 pin_cap=67108864
policy=P0 budget=0 dram_bytes=1073741824 nq=100 beam=300 k=10 iters=0 oneshot_fp=1 pin_bytes=31297536/67108864
wall_s=70.251 throughput_QPS=1.42
latency_ms mean=702.509 p50=761.503 p90=1004.493 p99=1073.003
recall@10=0.9290
cxl_dram_hit_pct=10.47
metrics queries=100 dram_hits=105216 ssd_misses=899476 hit_pct=10.47 promote_bytes=3684253696 avg_promote_ns=75852.6 prefetch_pages=0 evicts=637332 dist=643533
CSV,P0,0,1073741824,100,300,0,1.42,702.509,761.503,1004.493,1073.003,0.9290,10.47,105216,899476
=== 2026-08-11T15:14:35+00:00 P3 W=4 ===
mapped vmem /dev/vmem0 off=214748364800 len=80800071680
mapped CXL-DRAM dax /dev/dax0.0 off=0 len=1073741824
P3 promote-pipe W=4 (vmem→host staging; DAX install on search thread)
query_select nq=100/10000 shuffle_seed=42 flush_window=0 oneshot_fp=1 pin_entry=1 host_used=1392556 host_cap=33554432 dram_bytes=1073741824 pin_cap=67108864
policy=P3 budget=16777216 dram_bytes=1073741824 nq=100 beam=300 k=10 iters=0 oneshot_fp=1 pin_bytes=31297536/67108864
wall_s=8.043 throughput_QPS=12.43
latency_ms mean=80.424 p50=82.542 p90=97.397 p99=131.914
recall@10=0.9290
cxl_dram_hit_pct=2.91
metrics queries=100 dram_hits=19907 ssd_misses=664981 hit_pct=2.91 promote_bytes=2723762176 avg_promote_ns=6097.5 prefetch_pages=633080 evicts=0 dist=643533
CSV,P3,16777216,1073741824,100,300,0,12.43,80.424,82.542,97.397,131.914,0.9290,2.91,19907,664981
=== 2026-08-11T15:14:43+00:00 P3 W=8 ===
