=== 2026-08-08T00:53:47+00:00 P0 budget=0 L=300 NO-flush pin-entry ===
mapped vmem /dev/vmem0 off=214748364800 len=80800071680
query_select nq=100/10000 shuffle_seed=42 flush_window=0 oneshot_fp=1 pin_entry=1 host_used=1392556 host_cap=33554432 dram_bytes=1073741824 pin_cap=67108864
policy=P0 budget=0 dram_bytes=1073741824 nq=100 beam=300 k=10 iters=0 oneshot_fp=1 pin_bytes=31297536/67108864
wall_s=75.743 throughput_QPS=1.32
latency_ms mean=757.424 p50=857.519 p90=1111.703 p99=1209.285
recall@10=0.9290
cxl_dram_hit_pct=10.47
metrics queries=100 dram_hits=105216 ssd_misses=899476 hit_pct=10.47 promote_bytes=3684253696 avg_promote_ns=82004.0 prefetch_pages=0 evicts=637332 dist=643533
CSV,P0,0,1073741824,100,300,0,1.32,757.424,857.519,1111.703,1209.285,0.9290,10.47,105216,899476
=== 2026-08-08T00:55:03+00:00 P2 budget=16777216 L=300 NO-flush pin-entry ===
mapped vmem /dev/vmem0 off=214748364800 len=80800071680
query_select nq=100/10000 shuffle_seed=42 flush_window=0 oneshot_fp=1 pin_entry=1 host_used=1392556 host_cap=33554432 dram_bytes=1073741824 pin_cap=67108864
policy=P2 budget=16777216 dram_bytes=1073741824 nq=100 beam=300 k=10 iters=0 oneshot_fp=1 pin_bytes=31297536/67108864
wall_s=75.490 throughput_QPS=1.32
latency_ms mean=754.894 p50=825.470 p90=1088.116 p99=1215.103
recall@10=0.9290
cxl_dram_hit_pct=10.54
metrics queries=100 dram_hits=107001 ssd_misses=908135 hit_pct=10.54 promote_bytes=3719720960 avg_promote_ns=80208.0 prefetch_pages=10380 evicts=645991 dist=643533
CSV,P2,16777216,1073741824,100,300,0,1.32,754.894,825.470,1088.116,1215.103,0.9290,10.54,107001,908135
DONE
