=== 2026-08-11T05:05:04+00:00 WARM P0 ===
mapped vmem /dev/vmem0 off=214748364800 len=80800071680
mapped CXL-DRAM dax /dev/dax0.0 off=0 len=1073741824
query_select nq=100/10000 shuffle_seed=42 flush_window=0 oneshot_fp=1 pin_entry=1 host_used=1392556 host_cap=33554432 dram_bytes=1073741824 pin_cap=67108864
policy=P0 budget=0 dram_bytes=1073741824 nq=100 beam=300 k=10 iters=0 oneshot_fp=1 pin_bytes=31297536/67108864
wall_s=71.058 throughput_QPS=1.41
latency_ms mean=710.579 p50=771.443 p90=996.192 p99=1067.118
recall@10=0.9290
cxl_dram_hit_pct=10.47
metrics queries=100 dram_hits=105216 ssd_misses=899476 hit_pct=10.47 promote_bytes=3684253696 avg_promote_ns=76999.6 prefetch_pages=0 evicts=637332 dist=643533
CSV,P0,0,1073741824,100,300,0,1.41,710.579,771.443,996.192,1067.118,0.9290,10.47,105216,899476
=== 2026-08-11T05:06:15+00:00 WARM P1 ===
mapped vmem /dev/vmem0 off=214748364800 len=80800071680
mapped CXL-DRAM dax /dev/dax0.0 off=0 len=1073741824
query_select nq=100/10000 shuffle_seed=42 flush_window=0 oneshot_fp=1 pin_entry=1 host_used=1392556 host_cap=33554432 dram_bytes=1073741824 pin_cap=67108864
policy=P1 budget=16777216 dram_bytes=1073741824 nq=100 beam=300 k=10 iters=0 oneshot_fp=1 pin_bytes=31297536/67108864
wall_s=90.090 throughput_QPS=1.11
latency_ms mean=900.897 p50=958.389 p90=1258.246 p99=1555.609
recall@10=0.9290
cxl_dram_hit_pct=37.44
metrics queries=100 dram_hits=593143 ssd_misses=991263 hit_pct=37.44 promote_bytes=4060213248 avg_promote_ns=88262.4 prefetch_pages=395123 evicts=729119 dist=643533
CSV,P1,16777216,1073741824,100,300,0,1.11,900.897,958.389,1258.246,1555.609,0.9290,37.44,593143,991263
=== 2026-08-11T05:07:46+00:00 WARM P2 ===
mapped vmem /dev/vmem0 off=214748364800 len=80800071680
mapped CXL-DRAM dax /dev/dax0.0 off=0 len=1073741824
query_select nq=100/10000 shuffle_seed=42 flush_window=0 oneshot_fp=1 pin_entry=1 host_used=1392556 host_cap=33554432 dram_bytes=1073741824 pin_cap=67108864
policy=P2 budget=16777216 dram_bytes=1073741824 nq=100 beam=300 k=10 iters=0 oneshot_fp=1 pin_bytes=31297536/67108864
wall_s=112.220 throughput_QPS=0.89
latency_ms mean=1122.193 p50=1148.886 p90=1548.524 p99=1728.415
recall@10=0.9370
cxl_dram_hit_pct=33.55
metrics queries=100 dram_hits=596684 ssd_misses=1182011 hit_pct=33.55 promote_bytes=4841517056 avg_promote_ns=89568.8 prefetch_pages=378153 evicts=919867 dist=756160
CSV,P2,16777216,1073741824,100,300,0,0.89,1122.193,1148.886,1548.524,1728.415,0.9370,33.55,596684,1182011
DONE
