=== 2026-08-11T04:24:02+00:00 P0 budget=0 L=300 DAX NO-flush pin ===
mapped vmem /dev/vmem0 off=214748364800 len=80800071680
mapped CXL-DRAM dax /dev/dax0.0 off=0 len=1073741824
query_select nq=100/10000 shuffle_seed=42 flush_window=0 oneshot_fp=1 pin_entry=1 host_used=1392556 host_cap=33554432 dram_bytes=1073741824 pin_cap=67108864
policy=P0 budget=0 dram_bytes=1073741824 nq=100 beam=300 k=10 iters=0 oneshot_fp=1 pin_bytes=31297536/67108864
wall_s=69.771 throughput_QPS=1.43
latency_ms mean=697.706 p50=774.728 p90=991.802 p99=1070.261
recall@10=0.9290
cxl_dram_hit_pct=10.47
metrics queries=100 dram_hits=105216 ssd_misses=899476 hit_pct=10.47 promote_bytes=3684253696 avg_promote_ns=75057.3 prefetch_pages=0 evicts=637332 dist=643533
CSV,P0,0,1073741824,100,300,0,1.43,697.706,774.728,991.802,1070.261,0.9290,10.47,105216,899476
mapped CXL-DRAM dax /dev/dax0.0 off=0 len=1073741824
policy=P0 budget=0 dram_bytes=1073741824 nq=100 beam=300 k=10 iters=0 oneshot_fp=1 pin_bytes=31297536/67108864
metrics queries=100 dram_hits=105216 ssd_misses=899476 hit_pct=10.47 promote_bytes=3684253696 avg_promote_ns=75057.3 prefetch_pages=0 evicts=637332 dist=643533
=== 2026-08-11T04:25:12+00:00 P1 budget=16777216 L=300 DAX NO-flush pin ===
mapped vmem /dev/vmem0 off=214748364800 len=80800071680
mapped CXL-DRAM dax /dev/dax0.0 off=0 len=1073741824
query_select nq=100/10000 shuffle_seed=42 flush_window=0 oneshot_fp=1 pin_entry=1 host_used=1392556 host_cap=33554432 dram_bytes=1073741824 pin_cap=67108864
policy=P1 budget=16777216 dram_bytes=1073741824 nq=100 beam=300 k=10 iters=0 oneshot_fp=1 pin_bytes=31297536/67108864
wall_s=81.111 throughput_QPS=1.23
latency_ms mean=811.104 p50=862.557 p90=1093.976 p99=1376.379
recall@10=0.9290
cxl_dram_hit_pct=37.44
metrics queries=100 dram_hits=593143 ssd_misses=991263 hit_pct=37.44 promote_bytes=4060213248 avg_promote_ns=78941.7 prefetch_pages=395123 evicts=729119 dist=643533
CSV,P1,16777216,1073741824,100,300,0,1.23,811.104,862.557,1093.976,1376.379,0.9290,37.44,593143,991263
mapped CXL-DRAM dax /dev/dax0.0 off=0 len=1073741824
policy=P1 budget=16777216 dram_bytes=1073741824 nq=100 beam=300 k=10 iters=0 oneshot_fp=1 pin_bytes=31297536/67108864
metrics queries=100 dram_hits=593143 ssd_misses=991263 hit_pct=37.44 promote_bytes=4060213248 avg_promote_ns=78941.7 prefetch_pages=395123 evicts=729119 dist=643533
=== 2026-08-11T04:26:34+00:00 P2 budget=16777216 L=300 DAX NO-flush pin ===
mapped vmem /dev/vmem0 off=214748364800 len=80800071680
mapped CXL-DRAM dax /dev/dax0.0 off=0 len=1073741824
query_select nq=100/10000 shuffle_seed=42 flush_window=0 oneshot_fp=1 pin_entry=1 host_used=1392556 host_cap=33554432 dram_bytes=1073741824 pin_cap=67108864
policy=P2 budget=16777216 dram_bytes=1073741824 nq=100 beam=300 k=10 iters=0 oneshot_fp=1 pin_bytes=31297536/67108864
wall_s=69.449 throughput_QPS=1.44
latency_ms mean=694.488 p50=756.389 p90=974.205 p99=1092.364
recall@10=0.9290
cxl_dram_hit_pct=10.54
metrics queries=100 dram_hits=106999 ssd_misses=908135 hit_pct=10.54 promote_bytes=3719720960 avg_promote_ns=73247.9 prefetch_pages=10378 evicts=645991 dist=643533
CSV,P2,16777216,1073741824,100,300,0,1.44,694.488,756.389,974.205,1092.364,0.9290,10.54,106999,908135
mapped CXL-DRAM dax /dev/dax0.0 off=0 len=1073741824
policy=P2 budget=16777216 dram_bytes=1073741824 nq=100 beam=300 k=10 iters=0 oneshot_fp=1 pin_bytes=31297536/67108864
metrics queries=100 dram_hits=106999 ssd_misses=908135 hit_pct=10.54 promote_bytes=3719720960 avg_promote_ns=73247.9 prefetch_pages=10378 evicts=645991 dist=643533
DONE
