=== 2026-08-11T04:58:55+00:00 P0 budget=0 L=300 DAX P2v2 cooperative NO-flush pin ===
mapped vmem /dev/vmem0 off=214748364800 len=80800071680
mapped CXL-DRAM dax /dev/dax0.0 off=0 len=1073741824
query_select nq=100/10000 shuffle_seed=42 flush_window=0 oneshot_fp=1 pin_entry=1 host_used=1392556 host_cap=33554432 dram_bytes=1073741824 pin_cap=67108864
policy=P0 budget=0 dram_bytes=1073741824 nq=100 beam=300 k=10 iters=0 oneshot_fp=1 pin_bytes=31297536/67108864
wall_s=153.197 throughput_QPS=0.65
latency_ms mean=1531.964 p50=1640.547 p90=2076.262 p99=2256.952
recall@10=0.9290
cxl_dram_hit_pct=10.47
metrics queries=100 dram_hits=105216 ssd_misses=899476 hit_pct=10.47 promote_bytes=3684253696 avg_promote_ns=167708.3 prefetch_pages=0 evicts=637332 dist=643533
CSV,P0,0,1073741824,100,300,0,0.65,1531.964,1640.547,2076.262,2256.952,0.9290,10.47,105216,899476
policy=P0 budget=0 dram_bytes=1073741824 nq=100 beam=300 k=10 iters=0 oneshot_fp=1 pin_bytes=31297536/67108864
wall_s=153.197 throughput_QPS=0.65
recall@10=0.9290
cxl_dram_hit_pct=10.47
metrics queries=100 dram_hits=105216 ssd_misses=899476 hit_pct=10.47 promote_bytes=3684253696 avg_promote_ns=167708.3 prefetch_pages=0 evicts=637332 dist=643533
=== 2026-08-11T05:01:28+00:00 P1 budget=16777216 L=300 DAX P2v2 cooperative NO-flush pin ===
mapped vmem /dev/vmem0 off=214748364800 len=80800071680
mapped CXL-DRAM dax /dev/dax0.0 off=0 len=1073741824
query_select nq=100/10000 shuffle_seed=42 flush_window=0 oneshot_fp=1 pin_entry=1 host_used=1392556 host_cap=33554432 dram_bytes=1073741824 pin_cap=67108864
policy=P1 budget=16777216 dram_bytes=1073741824 nq=100 beam=300 k=10 iters=0 oneshot_fp=1 pin_bytes=31297536/67108864
wall_s=89.679 throughput_QPS=1.12
latency_ms mean=896.787 p50=982.705 p90=1274.083 p99=1533.667
recall@10=0.9290
cxl_dram_hit_pct=37.44
metrics queries=100 dram_hits=593143 ssd_misses=991263 hit_pct=37.44 promote_bytes=4060213248 avg_promote_ns=87929.4 prefetch_pages=395123 evicts=729119 dist=643533
CSV,P1,16777216,1073741824,100,300,0,1.12,896.787,982.705,1274.083,1533.667,0.9290,37.44,593143,991263
policy=P1 budget=16777216 dram_bytes=1073741824 nq=100 beam=300 k=10 iters=0 oneshot_fp=1 pin_bytes=31297536/67108864
wall_s=89.679 throughput_QPS=1.12
recall@10=0.9290
cxl_dram_hit_pct=37.44
metrics queries=100 dram_hits=593143 ssd_misses=991263 hit_pct=37.44 promote_bytes=4060213248 avg_promote_ns=87929.4 prefetch_pages=395123 evicts=729119 dist=643533
=== 2026-08-11T05:02:58+00:00 P2 budget=16777216 L=300 DAX P2v2 cooperative NO-flush pin ===
mapped vmem /dev/vmem0 off=214748364800 len=80800071680
mapped CXL-DRAM dax /dev/dax0.0 off=0 len=1073741824
query_select nq=100/10000 shuffle_seed=42 flush_window=0 oneshot_fp=1 pin_entry=1 host_used=1392556 host_cap=33554432 dram_bytes=1073741824 pin_cap=67108864
policy=P2 budget=16777216 dram_bytes=1073741824 nq=100 beam=300 k=10 iters=0 oneshot_fp=1 pin_bytes=31297536/67108864
wall_s=117.524 throughput_QPS=0.85
latency_ms mean=1175.233 p50=1214.270 p90=1629.501 p99=1922.645
recall@10=0.9370
cxl_dram_hit_pct=33.55
metrics queries=100 dram_hits=596684 ssd_misses=1182011 hit_pct=33.55 promote_bytes=4841517056 avg_promote_ns=94626.7 prefetch_pages=378153 evicts=919867 dist=756160
CSV,P2,16777216,1073741824,100,300,0,0.85,1175.233,1214.270,1629.501,1922.645,0.9370,33.55,596684,1182011
policy=P2 budget=16777216 dram_bytes=1073741824 nq=100 beam=300 k=10 iters=0 oneshot_fp=1 pin_bytes=31297536/67108864
wall_s=117.524 throughput_QPS=0.85
recall@10=0.9370
cxl_dram_hit_pct=33.55
metrics queries=100 dram_hits=596684 ssd_misses=1182011 hit_pct=33.55 promote_bytes=4841517056 avg_promote_ns=94626.7 prefetch_pages=378153 evicts=919867 dist=756160
DONE 2026-08-11T05:04:56+00:00
