=== 2026-08-11T14:59:24+00:00 P0 W=0 ===
mapped vmem /dev/vmem0 off=214748364800 len=80800071680
mapped CXL-DRAM dax /dev/dax0.0 off=0 len=1073741824
query_select nq=100/10000 shuffle_seed=42 flush_window=0 oneshot_fp=1 pin_entry=1 host_used=1392556 host_cap=33554432 dram_bytes=1073741824 pin_cap=67108864
policy=P0 budget=0 dram_bytes=1073741824 nq=100 beam=300 k=10 iters=0 oneshot_fp=1 pin_bytes=31297536/67108864
wall_s=106.553 throughput_QPS=0.94
latency_ms mean=1065.522 p50=971.458 p90=1716.263 p99=2225.946
recall@10=0.9290
cxl_dram_hit_pct=10.47
metrics queries=100 dram_hits=105216 ssd_misses=899476 hit_pct=10.47 promote_bytes=3684253696 avg_promote_ns=115810.8 prefetch_pages=0 evicts=637332 dist=643533
CSV,P0,0,1073741824,100,300,0,0.94,1065.522,971.458,1716.263,2225.946,0.9290,10.47,105216,899476
=== 2026-08-11T15:01:10+00:00 P3 W=4 ===
mapped vmem /dev/vmem0 off=214748364800 len=80800071680
mapped CXL-DRAM dax /dev/dax0.0 off=0 len=1073741824
P3 promote-pipe W=4 (vmem→host staging; DAX install on search thread)
query_select nq=100/10000 shuffle_seed=42 flush_window=0 oneshot_fp=1 pin_entry=1 host_used=1392556 host_cap=33554432 dram_bytes=1073741824 pin_cap=67108864
policy=P3 budget=16777216 dram_bytes=1073741824 nq=100 beam=300 k=10 iters=0 oneshot_fp=1 pin_bytes=31297536/67108864
wall_s=82.870 throughput_QPS=1.21
latency_ms mean=828.692 p50=877.136 p90=1199.355 p99=1429.807
recall@10=0.9030
cxl_dram_hit_pct=14.04
metrics queries=100 dram_hits=108722 ssd_misses=665545 hit_pct=14.04 promote_bytes=2726588416 avg_promote_ns=25221.9 prefetch_pages=632164 evicts=687715 dist=648330
CSV,P3,16777216,1073741824,100,300,0,1.21,828.692,877.136,1199.355,1429.807,0.9030,14.04,108722,665545
=== 2026-08-11T15:02:34+00:00 P3 W=8 ===
mapped vmem /dev/vmem0 off=214748364800 len=80800071680
mapped CXL-DRAM dax /dev/dax0.0 off=0 len=1073741824
P3 promote-pipe W=8 (vmem→host staging; DAX install on search thread)
query_select nq=100/10000 shuffle_seed=42 flush_window=0 oneshot_fp=1 pin_entry=1 host_used=1392556 host_cap=33554432 dram_bytes=1073741824 pin_cap=67108864
policy=P3 budget=16777216 dram_bytes=1073741824 nq=100 beam=300 k=10 iters=0 oneshot_fp=1 pin_bytes=31297536/67108864
wall_s=77.944 throughput_QPS=1.28
latency_ms mean=779.434 p50=801.859 p90=1130.986 p99=1447.908
recall@10=0.9030
cxl_dram_hit_pct=13.96
metrics queries=100 dram_hits=108708 ssd_misses=669843 hit_pct=13.96 promote_bytes=2743676928 avg_promote_ns=18033.0 prefetch_pages=636298 evicts=687756 dist=648339
CSV,P3,16777216,1073741824,100,300,0,1.28,779.434,801.859,1130.986,1447.908,0.9030,13.96,108708,669843
DONE
