=== 2026-08-11T15:07:16+00:00 P3 W=8 ===
mapped vmem /dev/vmem0 off=214748364800 len=80800071680
mapped CXL-DRAM dax /dev/dax0.0 off=0 len=1073741824
P3 promote-pipe W=8 (vmem→host staging; DAX install on search thread)
query_select nq=100/10000 shuffle_seed=42 flush_window=0 oneshot_fp=1 pin_entry=1 host_used=1392556 host_cap=33554432 dram_bytes=1073741824 pin_cap=67108864
policy=P3 budget=16777216 dram_bytes=1073741824 nq=100 beam=300 k=10 iters=0 oneshot_fp=1 pin_bytes=31297536/67108864
wall_s=76.840 throughput_QPS=1.30
latency_ms mean=768.400 p50=808.123 p90=1093.963 p99=1395.258
recall@10=0.8690
cxl_dram_hit_pct=14.34
metrics queries=100 dram_hits=112270 ssd_misses=670896 hit_pct=14.34 promote_bytes=2748379136 avg_promote_ns=59920.8 prefetch_pages=637311 evicts=690172 dist=652182
CSV,P3,16777216,1073741824,100,300,0,1.30,768.400,808.123,1093.963,1395.258,0.8690,14.34,112270,670896
=== 2026-08-11T15:08:05+00:00 P1 W=0 ===
mapped vmem /dev/vmem0 off=214748364800 len=80800071680
mapped CXL-DRAM dax /dev/dax0.0 off=0 len=1073741824
query_select nq=100/10000 shuffle_seed=42 flush_window=0 oneshot_fp=1 pin_entry=1 host_used=1392556 host_cap=33554432 dram_bytes=1073741824 pin_cap=67108864
policy=P3 budget=16777216 dram_bytes=1073741824 nq=100 beam=300 k=10 iters=0 oneshot_fp=1 pin_bytes=31297536/67108864
wall_s=81.411 throughput_QPS=1.23
latency_ms mean=814.109 p50=828.741 p90=1216.630 p99=1463.437
recall@10=0.8800
cxl_dram_hit_pct=14.49
metrics queries=100 dram_hits=114025 ssd_misses=672996 hit_pct=14.49 promote_bytes=2756591616 avg_promote_ns=73702.2 prefetch_pages=639889 evicts=692615 dist=655055
CSV,P3,16777216,1073741824,100,300,0,1.23,814.109,828.741,1216.630,1463.437,0.8800,14.49,114025,672996
=== 2026-08-11T15:08:38+00:00 P0 W=0 ===
mapped vmem /dev/vmem0 off=214748364800 len=80800071680
mapped CXL-DRAM dax /dev/dax0.0 off=0 len=1073741824
query_select nq=100/10000 shuffle_seed=42 flush_window=0 oneshot_fp=1 pin_entry=1 host_used=1392556 host_cap=33554432 dram_bytes=1073741824 pin_cap=67108864
policy=P1 budget=16777216 dram_bytes=1073741824 nq=100 beam=300 k=10 iters=0 oneshot_fp=1 pin_bytes=31297536/67108864
wall_s=92.329 throughput_QPS=1.08
latency_ms mean=923.282 p50=965.063 p90=1182.529 p99=1456.826
recall@10=0.9160
cxl_dram_hit_pct=37.29
metrics queries=100 dram_hits=593644 ssd_misses=998240 hit_pct=37.29 promote_bytes=4088791040 avg_promote_ns=89648.3 prefetch_pages=396130 evicts=736096 dist=648559
CSV,P1,16777216,1073741824,100,300,0,1.08,923.282,965.063,1182.529,1456.826,0.9160,37.29,593644,998240
DONE
policy=P0 budget=0 dram_bytes=1073741824 nq=100 beam=300 k=10 iters=0 oneshot_fp=1 pin_bytes=31297536/67108864
wall_s=72.881 throughput_QPS=1.37
latency_ms mean=728.807 p50=773.630 p90=1053.695 p99=1239.939
recall@10=0.8810
cxl_dram_hit_pct=9.88
metrics queries=100 dram_hits=99300 ssd_misses=905870 hit_pct=9.88 promote_bytes=3710443520 avg_promote_ns=78331.4 prefetch_pages=0 evicts=643726 dist=643976
CSV,P0,0,1073741824,100,300,0,1.37,728.807,773.630,1053.695,1239.939,0.8810,9.88,99300,905870
=== 2026-08-11T15:09:51+00:00 P3 W=8 ===
mapped vmem /dev/vmem0 off=214748364800 len=80800071680
mapped CXL-DRAM dax /dev/dax0.0 off=0 len=1073741824
P3 promote-pipe W=8 (vmem→host staging; DAX install on search thread)
query_select nq=100/10000 shuffle_seed=42 flush_window=0 oneshot_fp=1 pin_entry=1 host_used=1392556 host_cap=33554432 dram_bytes=1073741824 pin_cap=67108864
policy=P3 budget=16777216 dram_bytes=1073741824 nq=100 beam=300 k=10 iters=0 oneshot_fp=1 pin_bytes=31297536/67108864
wall_s=75.275 throughput_QPS=1.33
latency_ms mean=752.746 p50=787.615 p90=1091.714 p99=1372.460
recall@10=0.9050
cxl_dram_hit_pct=13.99
metrics queries=100 dram_hits=108962 ssd_misses=670024 hit_pct=13.99 promote_bytes=2744418304 avg_promote_ns=16797.2 prefetch_pages=637018 evicts=687419 dist=648255
CSV,P3,16777216,1073741824,100,300,0,1.33,752.746,787.615,1091.714,1372.460,0.9050,13.99,108962,670024
=== 2026-08-11T15:11:07+00:00 P1 W=0 ===
mapped vmem /dev/vmem0 off=214748364800 len=80800071680
mapped CXL-DRAM dax /dev/dax0.0 off=0 len=1073741824
query_select nq=100/10000 shuffle_seed=42 flush_window=0 oneshot_fp=1 pin_entry=1 host_used=1392556 host_cap=33554432 dram_bytes=1073741824 pin_cap=67108864
policy=P1 budget=16777216 dram_bytes=1073741824 nq=100 beam=300 k=10 iters=0 oneshot_fp=1 pin_bytes=31297536/67108864
wall_s=78.842 throughput_QPS=1.27
latency_ms mean=788.418 p50=845.819 p90=1109.484 p99=1295.810
recall@10=0.9290
cxl_dram_hit_pct=37.44
metrics queries=100 dram_hits=593143 ssd_misses=991263 hit_pct=37.44 promote_bytes=4060213248 avg_promote_ns=77094.5 prefetch_pages=395123 evicts=729119 dist=643533
CSV,P1,16777216,1073741824,100,300,0,1.27,788.418,845.819,1109.484,1295.810,0.9290,37.44,593143,991263
DONE
