warmup done
=== 2026-08-11T14:46:55+00:00 P0 pipe_w=0 budget=0 L=300 DAX pin NO-flush ===
mapped vmem /dev/vmem0 off=214748364800 len=80800071680
mapped CXL-DRAM dax /dev/dax0.0 off=0 len=1073741824
query_select nq=100/10000 shuffle_seed=42 flush_window=0 oneshot_fp=1 pin_entry=1 host_used=1392556 host_cap=33554432 dram_bytes=1073741824 pin_cap=67108864
policy=P0 budget=0 dram_bytes=1073741824 nq=100 beam=300 k=10 iters=0 oneshot_fp=1 pin_bytes=31297536/67108864
wall_s=74.069 throughput_QPS=1.35
latency_ms mean=740.692 p50=810.885 p90=1090.923 p99=1232.163
recall@10=0.9290
cxl_dram_hit_pct=10.47
metrics queries=100 dram_hits=105216 ssd_misses=899476 hit_pct=10.47 promote_bytes=3684253696 avg_promote_ns=80143.2 prefetch_pages=0 evicts=637332 dist=643533
CSV,P0,0,1073741824,100,300,0,1.35,740.692,810.885,1090.923,1232.163,0.9290,10.47,105216,899476
=== 2026-08-11T14:48:09+00:00 P1 pipe_w=0 budget=16777216 L=300 DAX pin NO-flush ===
mapped vmem /dev/vmem0 off=214748364800 len=80800071680
mapped CXL-DRAM dax /dev/dax0.0 off=0 len=1073741824
query_select nq=100/10000 shuffle_seed=42 flush_window=0 oneshot_fp=1 pin_entry=1 host_used=1392556 host_cap=33554432 dram_bytes=1073741824 pin_cap=67108864
policy=P1 budget=16777216 dram_bytes=1073741824 nq=100 beam=300 k=10 iters=0 oneshot_fp=1 pin_bytes=31297536/67108864
wall_s=80.884 throughput_QPS=1.24
latency_ms mean=808.833 p50=852.134 p90=1172.522 p99=1389.196
recall@10=0.9290
cxl_dram_hit_pct=37.44
metrics queries=100 dram_hits=593143 ssd_misses=991263 hit_pct=37.44 promote_bytes=4060213248 avg_promote_ns=79079.3 prefetch_pages=395123 evicts=729119 dist=643533
CSV,P1,16777216,1073741824,100,300,0,1.24,808.833,852.134,1172.522,1389.196,0.9290,37.44,593143,991263
=== 2026-08-11T14:49:30+00:00 P2 pipe_w=0 budget=16777216 L=300 DAX pin NO-flush ===
mapped vmem /dev/vmem0 off=214748364800 len=80800071680
mapped CXL-DRAM dax /dev/dax0.0 off=0 len=1073741824
query_select nq=100/10000 shuffle_seed=42 flush_window=0 oneshot_fp=1 pin_entry=1 host_used=1392556 host_cap=33554432 dram_bytes=1073741824 pin_cap=67108864
policy=P2 budget=16777216 dram_bytes=1073741824 nq=100 beam=300 k=10 iters=0 oneshot_fp=1 pin_bytes=31297536/67108864
wall_s=110.596 throughput_QPS=0.90
latency_ms mean=1105.957 p50=1160.116 p90=1526.328 p99=1854.584
recall@10=0.9370
cxl_dram_hit_pct=33.55
metrics queries=100 dram_hits=596684 ssd_misses=1182011 hit_pct=33.55 promote_bytes=4841517056 avg_promote_ns=88502.1 prefetch_pages=378153 evicts=919867 dist=756160
CSV,P2,16777216,1073741824,100,300,0,0.90,1105.957,1160.116,1526.328,1854.584,0.9370,33.55,596684,1182011
=== 2026-08-11T14:51:21+00:00 P3 pipe_w=4 budget=16777216 L=300 DAX pin NO-flush ===
mapped vmem /dev/vmem0 off=214748364800 len=80800071680
mapped CXL-DRAM dax /dev/dax0.0 off=0 len=1073741824
P3 promote-pipe W=4 (vmem→host staging; DAX install on search thread)
query_select nq=100/10000 shuffle_seed=42 flush_window=0 oneshot_fp=1 pin_entry=1 host_used=1392556 host_cap=33554432 dram_bytes=1073741824 pin_cap=67108864
policy=P3 budget=16777216 dram_bytes=1073741824 nq=100 beam=300 k=10 iters=0 oneshot_fp=1 pin_bytes=31297536/67108864
wall_s=213.533 throughput_QPS=0.47
latency_ms mean=2135.327 p50=2179.432 p90=2771.378 p99=3203.736
recall@10=0.9270
cxl_dram_hit_pct=12.79
metrics queries=100 dram_hits=192685 ssd_misses=1314351 hit_pct=12.79 promote_bytes=5383585792 avg_promote_ns=162283.8 prefetch_pages=396333 evicts=1200538 dist=1020137
CSV,P3,16777216,1073741824,100,300,0,0.47,2135.327,2179.432,2771.378,3203.736,0.9270,12.79,192685,1314351
=== 2026-08-11T14:54:54+00:00 P3 pipe_w=8 budget=16777216 L=300 DAX pin NO-flush ===
mapped vmem /dev/vmem0 off=214748364800 len=80800071680
mapped CXL-DRAM dax /dev/dax0.0 off=0 len=1073741824
P3 promote-pipe W=8 (vmem→host staging; DAX install on search thread)
query_select nq=100/10000 shuffle_seed=42 flush_window=0 oneshot_fp=1 pin_entry=1 host_used=1392556 host_cap=33554432 dram_bytes=1073741824 pin_cap=67108864
policy=P3 budget=16777216 dram_bytes=1073741824 nq=100 beam=300 k=10 iters=0 oneshot_fp=1 pin_bytes=31297536/67108864
wall_s=191.470 throughput_QPS=0.52
latency_ms mean=1914.692 p50=1964.616 p90=2481.901 p99=2818.935
recall@10=0.9220
cxl_dram_hit_pct=13.12
metrics queries=100 dram_hits=185795 ssd_misses=1230418 hit_pct=13.12 promote_bytes=5039788032 avg_promote_ns=152946.3 prefetch_pages=528538 evicts=1175955 dist=999667
CSV,P3,16777216,1073741824,100,300,0,0.52,1914.692,1964.616,2481.901,2818.935,0.9220,13.12,185795,1230418
DONE 2026-08-11T14:58:06+00:00
